
> @zena/frontend@1.0.0 build
> tsc && vite build

../backend/src/services/action-scanner.service.ts(130,25): error TS2322: Type '"finance_followup"' is not assignable to type 'ActionType'.
../backend/src/services/action-scanner.service.ts(252,21): error TS2322: Type '"milestone_prep"' is not assignable to type 'ActionType'.
../backend/src/services/action-scanner.service.ts(303,13): error TS2322: Type '"create_task"' is not assignable to type 'ActionType'.
../backend/src/services/actions/strategies/buyer-match.strategy.ts(81,37): error TS6133: 'payload' is declared but its value is never read.
../backend/src/services/actions/strategies/generate-weekly-report.strategy.ts(4,1): error TS6133: 'timelineService' is declared but its value is never read.
../backend/src/services/actions/strategies/generate-weekly-report.strategy.ts(86,37): error TS6133: 'payload' is declared but its value is never read.
../backend/src/services/actions/strategies/schedule-viewing.strategy.ts(9,27): error TS6133: 'userId' is declared but its value is never read.
../backend/src/services/actions/strategies/schedule-viewing.strategy.ts(64,19): error TS6133: 'actionId' is declared but its value is never read.
../backend/src/services/actions/strategies/schedule-viewing.strategy.ts(64,37): error TS6133: 'payload' is declared but its value is never read.
../backend/src/services/actions/types.ts(1,22): error TS6133: 'CreateActionInput' is declared but its value is never read.
../backend/src/services/agent-orchestrator.service.ts(11,40): error TS6133: 'CurrentFocus' is declared but its value is never read.
../backend/src/services/agent-orchestrator.service.ts(13,52): error TS6133: 'ToolExecutionResult' is declared but its value is never read.
../backend/src/services/agent-orchestrator.service.ts(17,1): error TS6133: 'prisma' is declared but its value is never read.
../backend/src/services/agent-orchestrator.service.ts(118,25): error TS2353: Object literal may only specify known properties, and 'isVoiceMode' does not exist in type 'ToolExecutionContext'.
../backend/src/services/agent-orchestrator.service.ts(123,39): error TS2872: This kind of expression is always truthy.
../backend/src/services/agent-orchestrator.service.ts(146,62): error TS2345: Argument of type '"agent.tool_call"' is not assignable to parameter of type 'WebSocketEventType'.
../backend/src/services/agent-orchestrator.service.ts(406,9): error TS6133: 'userId' is declared but its value is never read.
../backend/src/services/agent-orchestrator.service.ts(529,21): error TS2353: Object literal may only specify known properties, and 'isVoiceMode' does not exist in type 'ToolExecutionContext'.
../backend/src/services/agent-orchestrator.service.ts(620,29): error TS2561: Object literal may only specify known properties, but 'contextScanned' does not exist in type 'Omit<PendingConfirmation, "createdAt">'. Did you mean to write 'contextScannedKey'?
../backend/src/services/agent-orchestrator.service.ts(737,23): error TS6133: 'wasAlreadyPrompted' is declared but its value is never read.
../backend/src/services/agent-orchestrator.service.ts(754,25): error TS2353: Object literal may only specify known properties, and 'isVoiceMode' does not exist in type 'ToolExecutionContext'.
../backend/src/services/agent-orchestrator.service.ts(763,62): error TS2345: Argument of type '"agent.tool_call"' is not assignable to parameter of type 'WebSocketEventType'.
../backend/src/services/agent-orchestrator.service.ts(788,33): error TS2322: Type '"system"' is not assignable to type '"user" | "assistant" | "tool"'.
../backend/src/services/ai-processing.service.ts(3,1): error TS6133: 'contactCategorizationService' is declared but its value is never read.
../backend/src/services/ai-processing.service.ts(1436,67): error TS2345: Argument of type '"contact.updated"' is not assignable to parameter of type 'WebSocketEventType'.
../backend/src/services/ask-zena.service.ts(5,1): error TS6133: 'decodeHTMLEntities' is declared but its value is never read.
../backend/src/services/ask-zena.service.ts(61,3): error TS2300: Duplicate identifier 'voiceNotes'.
../backend/src/services/ask-zena.service.ts(62,3): error TS2300: Duplicate identifier 'voiceNotes'.
../backend/src/services/ask-zena.service.ts(82,57): error TS2345: Argument of type 'boolean' is not assignable to parameter of type 'LogContext'.
../backend/src/services/ask-zena.service.ts(83,57): error TS2345: Argument of type 'boolean' is not assignable to parameter of type 'LogContext'.
../backend/src/services/ask-zena.service.ts(84,51): error TS2345: Argument of type 'string' is not assignable to parameter of type 'LogContext'.
../backend/src/services/ask-zena.service.ts(94,22): error TS6133: 'userId' is declared but its value is never read.
../backend/src/services/ask-zena.service.ts(119,9): error TS2393: Duplicate function implementation.
../backend/src/services/ask-zena.service.ts(200,59): error TS6133: 'i' is declared but its value is never read.
../backend/src/services/ask-zena.service.ts(223,11): error TS2353: Object literal may only specify known properties, and 'sessionId' does not exist in type 'AskZenaResponse'.
../backend/src/services/ask-zena.service.ts(256,11): error TS2353: Object literal may only specify known properties, and 'sessionId' does not exist in type 'AskZenaResponse'.
../backend/src/services/ask-zena.service.ts(312,25): error TS2339: Property 'newPrice' does not exist on type '{ query: string; location?: string | undefined; address?: string | undefined; bedrooms?: number | undefined; bathrooms?: number | undefined; priceMin?: number | undefined; priceMax?: number | undefined; ... 6 more ...; writePayload?: { ...; } | undefined; }'.
../backend/src/services/ask-zena.service.ts(313,25): error TS2339: Property 'currentPrice' does not exist on type '{ query: string; location?: string | undefined; address?: string | undefined; bedrooms?: number | undefined; bathrooms?: number | undefined; priceMin?: number | undefined; priceMax?: number | undefined; ... 6 more ...; writePayload?: { ...; } | undefined; }'.
../backend/src/services/ask-zena.service.ts(326,15): error TS2741: Property 'sources' is missing in type '{ answer: string; pendingAction: { type: "write"; subType: string | undefined; targetSite: string; payload: { query: string; location?: string; address?: string; bedrooms?: number; bathrooms?: number; ... 8 more ...; writePayload?: { address?: string; newPrice?: number; adjustment?: number; note?: string; currentPri...' but required in type 'AskZenaResponse'.
../backend/src/services/ask-zena.service.ts(436,11): error TS2367: This comparison appears to be unintentional because the types '"PUBLIC_READ" | "HYBRID_REPORT"' and '"AUTHENTICATED_ACTION"' have no overlap.
../backend/src/services/ask-zena.service.ts(480,83): error TS2345: Argument of type 'unknown' is not assignable to parameter of type 'Error | undefined'.
../backend/src/services/ask-zena.service.ts(953,59): error TS2339: Property 'searchChatHistory' does not exist on type 'SearchService'.
../backend/src/services/ask-zena.service.ts(1374,9): error TS2393: Duplicate function implementation.
../backend/src/services/ask-zena.service.ts(1781,77): error TS6133: 'match' is declared but its value is never read.
../backend/src/services/ask-zena.service.ts(2450,5): error TS6133: 'userId' is declared but its value is never read.
../backend/src/services/ask-zena.service.ts(2649,5): error TS6133: 'userId' is declared but its value is never read.
../backend/src/services/ask-zena.service.ts(2730,5): error TS6133: 'userId' is declared but its value is never read.
../backend/src/services/ask-zena.service.ts(2769,30): error TS2339: Property 'buyerInterestLevel' does not exist on type '{ vendors: { id: string; name: string; emails: string[]; }[]; prediction: { id: string; createdAt: Date; propertyId: string; suggestedActions: JsonValue; updatedAt: Date; ... 7 more ...; lastAnalyzedAt: Date; } | null; } & { ...; }'.
../backend/src/services/ask-zena.service.ts(2925,5): error TS6133: 'userId' is declared but its value is never read.
../backend/src/services/ask-zena.service.ts(3309,5): error TS6133: 'userId' is declared but its value is never read.
../backend/src/services/ask-zena.service.ts(3823,15): error TS6133: 'domain' is declared but its value is never read.
../backend/src/services/ask-zena.service.ts(3995,30): error TS6133: 'userId' is declared but its value is never read.
../backend/src/services/ask-zena.service.ts(4108,11): error TS2353: Object literal may only specify known properties, and 'linkedProperties' does not exist in type 'ContactInclude<DefaultArgs>'.
../backend/src/services/ask-zena.service.ts(4129,37): error TS2339: Property 'linkedProperties' does not exist on type '{ id: string; name: string; role: string; createdAt: Date; userId: string; updatedAt: Date; phones: string[]; zenaCategory: ZenaCategory; intelligenceSnippet: string | null; ... 8 more ...; categoryConfidence: number | null; }'.
../backend/src/services/ask-zena.service.ts(4130,33): error TS2339: Property 'linkedDeals' does not exist on type '{ id: string; name: string; role: string; createdAt: Date; userId: string; updatedAt: Date; phones: string[]; zenaCategory: ZenaCategory; intelligenceSnippet: string | null; ... 8 more ...; categoryConfidence: number | null; }'.
../backend/src/services/calendar-actions.service.ts(67,21): error TS2353: Object literal may only specify known properties, and 'milestones' does not exist in type 'PropertyInclude<DefaultArgs>'.
../backend/src/services/calendar-actions.service.ts(139,39): error TS6133: 'userId' is declared but its value is never read.
../backend/src/services/calendar-actions.service.ts(203,44): error TS6133: 'userId' is declared but its value is never read.
../backend/src/services/calendar-actions.service.ts(341,29): error TS2353: Object literal may only specify known properties, and 'path' does not exist in type 'JsonNullableListFilter<"Property">'.
../backend/src/services/contact-categorization.service.ts(77,13): error TS6133: 'role' is declared but its value is never read.
../backend/src/services/contact-categorization.service.ts(274,31): error TS6133: 'contact' is declared but its value is never read.
../backend/src/services/contact-intelligence.service.ts(107,21): error TS2322: Type '{ brief: ContactAnalysis; lastDeepAnalysisAt: string; }' is not assignable to type 'NullableJsonNullValueInput | InputJsonValue | undefined'.
  Types of property 'brief' are incompatible.
    Type 'ContactAnalysis' is not assignable to type 'InputJsonValue | null | undefined'.
      Type 'ContactAnalysis' is not assignable to type 'InputJsonObject'.
        Index signature for type 'string' is missing in type 'ContactAnalysis'.
../backend/src/services/contact-intelligence.service.ts(119,89): error TS2345: Argument of type 'unknown' is not assignable to parameter of type 'Error | undefined'.
../backend/src/services/context-retriever.service.ts(70,70): error TS2345: Argument of type 'unknown' is not assignable to parameter of type 'Error | undefined'.
../backend/src/services/context-retriever.service.ts(161,15): error TS6133: 'voiceNotes' is declared but its value is never read.
../backend/src/services/crm-delivery.service.ts(170,52): error TS6133: 'crmType' is declared but its value is never read.
../backend/src/services/crm-delivery.service.ts(197,54): error TS6133: 'crmType' is declared but its value is never read.
../backend/src/services/deal-flow.service.ts(348,21): error TS2353: Object literal may only specify known properties, and 'priority' does not exist in type 'Without<TaskCreateInput, TaskUncheckedCreateInput> & TaskUncheckedCreateInput'.
../backend/src/services/deal-intelligence.service.ts(2,1): error TS6192: All imports in import declaration are unused.
../backend/src/services/deal-intelligence.service.ts(49,52): error TS2339: Property 'payload' does not exist on type '{ id: string; status: string; output: string; type: string; dealId: string; userId: string; triggeredAt: Date; executedAt: Date | null; dismissedAt: Date | null; }'.
../backend/src/services/deal-intelligence.service.ts(51,42): error TS2339: Property 'payload' does not exist on type '{ id: string; status: string; output: string; type: string; dealId: string; userId: string; triggeredAt: Date; executedAt: Date | null; dismissedAt: Date | null; }'.
../backend/src/services/deal-intelligence.service.ts(151,21): error TS2353: Object literal may only specify known properties, and 'payload' does not exist in type 'Without<ZenaActionCreateInput, ZenaActionUncheckedCreateInput> & ZenaActionUncheckedCreateInput'.
../backend/src/services/deal-intelligence.service.ts(161,80): error TS2345: Argument of type 'unknown' is not assignable to parameter of type 'Error | undefined'.
../backend/src/services/export.service.ts(28,35): error TS6133: 'recordIds' is declared but its value is never read.
../backend/src/services/export.service.ts(175,44): error TS6133: 'address' is declared but its value is never read.
../backend/src/services/export.service.ts(579,45): error TS6133: 'content' is declared but its value is never read.
../backend/src/services/export.service.ts(579,62): error TS6133: 'format' is declared but its value is never read.
../backend/src/services/godmode.service.ts(772,31): error TS2339: Property 'recordEvent' does not exist on type 'TimelineService'.
../backend/src/services/godmode.service.ts(808,17): error TS2353: Object literal may only specify known properties, and 'title' does not exist in type '(Without<TaskCreateInput, TaskUncheckedCreateInput> & TaskUncheckedCreateInput) | (Without<...> & TaskCreateInput)'.
../backend/src/services/inbox-actions.service.ts(12,26): error TS6133: 'GodmodeMode' is declared but its value is never read.
../backend/src/services/inbox-actions.service.ts(111,17): error TS2353: Object literal may only specify known properties, and 'archivedAt' does not exist in type 'ThreadWhereInput'.
../backend/src/services/inbox-actions.service.ts(207,17): error TS2353: Object literal may only specify known properties, and 'archivedAt' does not exist in type 'ThreadWhereInput'.
../backend/src/services/intelligent-navigator.service.ts(10,1): error TS6133: 'prisma' is declared but its value is never read.
../backend/src/services/intelligent-navigator.service.ts(95,36): error TS2304: Cannot find name 'siteDiscoveryService'.
../backend/src/services/intelligent-navigator.service.ts(114,23): error TS2304: Cannot find name 'siteDiscoveryService'.
../backend/src/services/intelligent-navigator.service.ts(123,32): error TS2304: Cannot find name 'siteDiscoveryService'.
../backend/src/services/intelligent-navigator.service.ts(127,25): error TS2304: Cannot find name 'siteNavigationMapService'.
../backend/src/services/intelligent-navigator.service.ts(258,18): error TS2678: Type '"report"' is not comparable to type '"filter" | "search" | "details" | "list" | "count" | "unknown"'.
../backend/src/services/intelligent-navigator.service.ts(273,21): error TS2304: Cannot find name 'LearnedPath'.
../backend/src/services/intelligent-navigator.service.ts(332,21): error TS2304: Cannot find name 'LearnedPath'.
../backend/src/services/intelligent-navigator.service.ts(376,49): error TS2304: Cannot find name 'NavigationStep'.
../backend/src/services/intelligent-navigator.service.ts(416,57): error TS7006: Parameter 's' implicitly has an 'any' type.
../backend/src/services/intelligent-navigator.service.ts(459,62): error TS7006: Parameter 's' implicitly has an 'any' type.
../backend/src/services/intelligent-navigator.service.ts(559,21): error TS2554: Expected 2 arguments, but got 1.
../backend/src/services/market-scraper.service.ts(171,17): error TS2353: Object literal may only specify known properties, and 'found' does not exist in type 'PropertyDetails'.
../backend/src/services/market-scraper.service.ts(183,13): error TS6133: 'sanitizeHtml' is declared but its value is never read.
../backend/src/services/market-scraper.service.ts(490,19): error TS6133: 'extractPropertyDetailsWithGemini' is declared but its value is never read.
../backend/src/services/market-scraper.service.ts(580,19): error TS6133: 'fetchPropertyDetailsPage' is declared but its value is never read.
../backend/src/services/multimodal-live.service.ts(13,20): error TS6133: 'UserSession' is declared but its value is never read.
../backend/src/services/multimodal-live.service.ts(198,37): error TS2322: Type '"OBJECT"' is not assignable to type 'Type | undefined'.
../backend/src/services/multimodal-live.service.ts(200,50): error TS2322: Type '"STRING"' is not assignable to type 'Type | undefined'.
../backend/src/services/multimodal-live.service.ts(201,49): error TS2322: Type '"STRING"' is not assignable to type 'Type | undefined'.
../backend/src/services/multimodal-live.service.ts(386,35): error TS6133: 'terms' is declared but its value is never read.
../backend/src/services/multimodal-live.service.ts(437,15): error TS6133: 'fields' is declared but its value is never read.
../backend/src/services/navigation-planner.service.ts(13,5): error TS6133: 'ActionSequence' is declared but its value is never read.
../backend/src/services/navigation-planner.service.ts(150,72): error TS2345: Argument of type 'unknown' is not assignable to parameter of type 'Error | undefined'.
../backend/src/services/navigation-planner.service.ts(401,29): error TS6133: 'fieldName' is declared but its value is never read.
../backend/src/services/navigation-planner.service.ts(409,17): error TS2739: Type '{ steps: NavAction[]; }' is missing the following properties from type 'ActionSequence': name, description
../backend/src/services/navigation-planner.service.ts(469,21): error TS6133: 'fieldName' is declared but its value is never read.
../backend/src/services/oracle.service.ts(13,1): error TS6133: 'askZenaService' is declared but its value is never read.
../backend/src/services/oracle.service.ts(76,22): error TS2352: Conversion of type 'string | number | boolean | JsonObject | JsonArray | null' to type 'PropensitySignal[]' may be a mistake because neither type sufficiently overlaps with the other. If this was intentional, convert the expression to 'unknown' first.
  Type 'JsonArray' is not comparable to type 'PropensitySignal[]'.
    Type 'JsonValue' is not comparable to type 'PropensitySignal'.
      Type 'JsonValue[]' is missing the following properties from type 'PropensitySignal': type, weight, source, detectedAt
../backend/src/services/oracle.service.ts(77,22): error TS2352: Conversion of type 'string | number | boolean | JsonObject | JsonArray | null' to type 'PropensitySignal[]' may be a mistake because neither type sufficiently overlaps with the other. If this was intentional, convert the expression to 'unknown' first.
  Type 'JsonArray' is not comparable to type 'PropensitySignal[]'.
    Type 'JsonValue' is not comparable to type 'PropensitySignal'.
      Type 'JsonValue[]' is missing the following properties from type 'PropensitySignal': type, weight, source, detectedAt
../backend/src/services/oracle.service.ts(197,15): error TS6133: 'savedPrediction' is declared but its value is never read.
../backend/src/services/oracle.service.ts(212,17): error TS2322: Type 'PropensitySignal[]' is not assignable to type 'NullableJsonNullValueInput | InputJsonValue | undefined'.
  Type 'PropensitySignal[]' is not assignable to type 'InputJsonObject'.
    Index signature for type 'string' is missing in type 'PropensitySignal[]'.
../backend/src/services/oracle.service.ts(215,17): error TS2322: Type 'PropensitySignal[]' is not assignable to type 'NullableJsonNullValueInput | InputJsonValue | undefined'.
  Type 'PropensitySignal[]' is not assignable to type 'InputJsonObject'.
    Index signature for type 'string' is missing in type 'PropensitySignal[]'.
../backend/src/services/oracle.service.ts(229,17): error TS2322: Type 'PropensitySignal[]' is not assignable to type 'NullableJsonNullValueInput | InputJsonValue | undefined'.
  Type 'PropensitySignal[]' is not assignable to type 'InputJsonObject'.
    Index signature for type 'string' is missing in type 'PropensitySignal[]'.
../backend/src/services/oracle.service.ts(232,17): error TS2322: Type 'PropensitySignal[]' is not assignable to type 'NullableJsonNullValueInput | InputJsonValue | undefined'.
  Type 'PropensitySignal[]' is not assignable to type 'InputJsonObject'.
    Index signature for type 'string' is missing in type 'PropensitySignal[]'.
../backend/src/services/oracle.service.ts(259,66): error TS6133: 'emailContent' is declared but its value is never read.
../backend/src/services/oracle.service.ts(289,15): error TS6133: 'markers' is declared but its value is never read.
../backend/src/services/personality-markers.service.ts(178,39): error TS2339: Property 'max' does not exist on type '{ max: number; } | { min: number; max: number; } | { min: number; max: number; } | { min: number; }'.
  Property 'max' does not exist on type '{ min: number; }'.
../backend/src/services/personality-markers.service.ts(178,102): error TS2339: Property 'max' does not exist on type '{ max: number; } | { min: number; max: number; } | { min: number; max: number; } | { min: number; }'.
  Property 'max' does not exist on type '{ min: number; }'.
../backend/src/services/personality-markers.service.ts(182,39): error TS2339: Property 'min' does not exist on type '{ max: number; } | { min: number; max: number; } | { min: number; max: number; } | { min: number; }'.
  Property 'min' does not exist on type '{ max: number; }'.
../backend/src/services/personality-markers.service.ts(182,102): error TS2339: Property 'min' does not exist on type '{ max: number; } | { min: number; max: number; } | { min: number; max: number; } | { min: number; }'.
  Property 'min' does not exist on type '{ max: number; }'.
../backend/src/services/personality-markers.service.ts(188,32): error TS2339: Property 'max' does not exist on type '{ max: number; } | { min: number; } | { min: number; } | { min: number; }'.
  Property 'max' does not exist on type '{ min: number; }'.
../backend/src/services/personality-markers.service.ts(188,79): error TS2339: Property 'max' does not exist on type '{ max: number; } | { min: number; } | { min: number; } | { min: number; }'.
  Property 'max' does not exist on type '{ min: number; }'.
../backend/src/services/personality-markers.service.ts(192,32): error TS2339: Property 'min' does not exist on type '{ max: number; } | { min: number; } | { min: number; } | { min: number; }'.
  Property 'min' does not exist on type '{ max: number; }'.
../backend/src/services/personality-markers.service.ts(192,79): error TS2339: Property 'min' does not exist on type '{ max: number; } | { min: number; } | { min: number; } | { min: number; }'.
  Property 'min' does not exist on type '{ max: number; }'.
../backend/src/services/personality-markers.service.ts(198,38): error TS2339: Property 'min' does not exist on type '{ max: number; } | { min: number; } | { max: number; } | { max: number; }'.
  Property 'min' does not exist on type '{ max: number; }'.
../backend/src/services/personality-markers.service.ts(198,99): error TS2339: Property 'min' does not exist on type '{ max: number; } | { min: number; } | { max: number; } | { max: number; }'.
  Property 'min' does not exist on type '{ max: number; }'.
../backend/src/services/personality-markers.service.ts(202,38): error TS2339: Property 'max' does not exist on type '{ max: number; } | { min: number; } | { max: number; } | { max: number; }'.
  Property 'max' does not exist on type '{ min: number; }'.
../backend/src/services/personality-markers.service.ts(202,99): error TS2339: Property 'max' does not exist on type '{ max: number; } | { min: number; } | { max: number; } | { max: number; }'.
  Property 'max' does not exist on type '{ min: number; }'.
../backend/src/services/portfolio-intelligence.service.ts(23,63): error TS6133: 'forceRefresh' is declared but its value is never read.
../backend/src/services/portfolio-intelligence.service.ts(107,92): error TS2345: Argument of type 'unknown' is not assignable to parameter of type 'Error | undefined'.
../backend/src/services/portfolio-intelligence.service.ts(202,70): error TS2345: Argument of type 'unknown' is not assignable to parameter of type 'Error | undefined'.
../backend/src/services/proactive-context.service.ts(41,9): error TS6133: 'intent' is declared but its value is never read.
../backend/src/services/proactive-context.service.ts(99,67): error TS2345: Argument of type 'unknown' is not assignable to parameter of type 'Error | undefined'.
../backend/src/services/proactive-context.service.ts(427,9): error TS6133: 'entityType' is declared but its value is never read.
../backend/src/services/proactive-context.service.ts(446,51): error TS6133: 'entityType' is declared but its value is never read.
../backend/src/services/site-navigation-maps.ts(91,13): error TS2561: Object literal may only specify known properties, but 'resultLinkSelector' does not exist in type 'SearchConfig'. Did you mean to write 'resultItemSelector'?
../backend/src/services/site-navigation-maps.ts(108,13): error TS2739: Type '{ steps: ({ type: "wait"; waitFor: string; timeout: number; } | { type: "click"; selector: string; } | { type: "type"; selector: string; value: string; } | { type: "submit"; selector: string; })[]; }' is missing the following properties from type 'ActionSequence': name, description
../backend/src/services/site-navigation-maps.ts(117,13): error TS2739: Type '{ steps: ({ type: "navigate"; url: string; } | { type: "wait"; waitFor: string; timeout: number; } | { type: "type"; selector: string; value: string; } | { type: "click"; selector: string; })[]; }' is missing the following properties from type 'ActionSequence': name, description
../backend/src/services/site-navigation-maps.ts(212,13): error TS2561: Object literal may only specify known properties, but 'resultLinkSelector' does not exist in type 'SearchConfig'. Did you mean to write 'resultItemSelector'?
../backend/src/services/site-navigation-maps.ts(275,13): error TS2561: Object literal may only specify known properties, but 'resultLinkSelector' does not exist in type 'SearchConfig'. Did you mean to write 'resultItemSelector'?
../backend/src/services/site-navigation-maps.ts(294,5): error TS2741: Property 'searchProperties' is missing in type '{ searchProperty: { name: string; description: string; steps: ({ type: "navigate"; url: string; } | { type: "wait"; waitFor: string; timeout: number; } | { type: "type"; selector: string; value: string; } | { ...; } | { ...; })[]; }; getCV: { ...; }; }' but required in type '{ [key: string]: ActionSequence | undefined; getListingDetails?: ActionSequence | undefined; searchProperties: ActionSequence; extractCurrentPage?: ActionSequence | undefined; }'.
../backend/src/services/site-navigation-maps.ts(637,13): error TS2741: Property 'search' is missing in type '{ propertyDetail: { urlPattern: string; fields: {}; }; }' but required in type '{ search: SearchConfig; propertyDetail: PropertyDetailConfig; dashboard?: { url: string; dataSelectors: Record<string, string>; } | undefined; crmWrite?: Record<...> | undefined; }'.
../backend/src/services/site-navigation-maps.ts(643,13): error TS2741: Property 'searchProperties' is missing in type '{ extractCurrentPage: { name: string; description: string; steps: { type: "wait"; waitFor: string; timeout: number; }[]; }; }' but required in type '{ [key: string]: ActionSequence | undefined; getListingDetails?: ActionSequence | undefined; searchProperties: ActionSequence; extractCurrentPage?: ActionSequence | undefined; }'.
../backend/src/services/site-navigation-maps.ts(662,17): error TS18048: 'map.actions.extractCurrentPage' is possibly 'undefined'.
../backend/src/services/task.service.ts(76,24): error TS2353: Object literal may only specify known properties, and 'priority' does not exist in type 'TaskWhereInput'.
../backend/src/services/task.service.ts(149,5): error TS6133: 'userId' is declared but its value is never read.
../backend/src/services/task.service.ts(263,5): error TS6133: 'userId' is declared but its value is never read.
../backend/src/services/task.service.ts(294,56): error TS2353: Object literal may only specify known properties, and 'price' does not exist in type 'DealSelect<DefaultArgs>'.
../backend/src/services/task.service.ts(307,27): error TS2339: Property 'price' does not exist on type '{ id: string; stage: string; riskLevel: string; status: string; summary: string; threadId: string | null; createdAt: Date; propertyId: string | null; pipelineType: string; saleMethod: string; ... 19 more ...; isListingAgent: boolean; }'.
../backend/src/services/task.service.ts(307,48): error TS2339: Property 'price' does not exist on type '{ id: string; stage: string; riskLevel: string; status: string; summary: string; threadId: string | null; createdAt: Date; propertyId: string | null; pipelineType: string; saleMethod: string; ... 19 more ...; isListingAgent: boolean; }'.
../backend/src/services/task.service.ts(310,58): error TS2339: Property 'price' does not exist on type '{ id: string; stage: string; riskLevel: string; status: string; summary: string; threadId: string | null; createdAt: Date; propertyId: string | null; pipelineType: string; saleMethod: string; ... 19 more ...; isListingAgent: boolean; }'.
../backend/src/services/task.service.ts(382,14): error TS2339: Property 'priority' does not exist on type '{ id: string; status: string; dueDate: Date | null; context: string | null; label: string; source: string; createdAt: Date; propertyId: string | null; dealId: string | null; contactId: string | null; userId: string; estimatedDuration: number | null; completedAt: Date | null; }'.
../backend/src/services/task.service.ts(593,13): error TS6133: 'parts' is declared but its value is never read.
../backend/src/services/task.service.ts(916,46): error TS2345: Argument of type '"task.reopened"' is not assignable to parameter of type 'WebSocketEventType'.
../backend/src/services/user-persona.service.ts(49,80): error TS2345: Argument of type 'unknown' is not assignable to parameter of type 'Error | undefined'.
../backend/src/services/voice-note.service.ts(88,5): error TS6133: 'userId' is declared but its value is never read.
../backend/src/services/voice-note.service.ts(240,11): error TS2322: Type 'ExtractedEntity[]' is not assignable to type 'InputJsonValue[] | VoiceNoteUpdateextractedEntitiesInput | undefined'.
  Type 'ExtractedEntity[]' is not assignable to type 'InputJsonValue[]'.
    Type 'ExtractedEntity' is not assignable to type 'InputJsonValue'.
      Type 'ExtractedEntity' is not assignable to type 'InputJsonObject'.
        Index signature for type 'string' is missing in type 'ExtractedEntity'.
../backend/src/tools/calendar/search-calendar.tool.ts(31,14): error TS2741: Property 'auditLogFormat' is missing in type '{ name: string; domain: string; description: string; inputSchema: { type: "object"; properties: { query: { type: "string"; description: string; }; date: { type: "string"; description: string; }; }; }; outputSchema: { ...; }; permissions: string[]; requiresApproval: false; execute(params: SearchCalendarInput, context...' but required in type 'ZenaToolDefinition<SearchCalendarInput, SearchCalendarOutput>'.
../backend/src/tools/contacts/add-relationship-note.tool.ts(125,21): error TS2322: Type 'string | undefined' is not assignable to type 'string'.
  Type 'undefined' is not assignable to type 'string'.
../backend/src/tools/contacts/add-relationship-note.tool.ts(138,21): error TS2322: Type 'string | undefined' is not assignable to type 'string'.
  Type 'undefined' is not assignable to type 'string'.
../backend/src/tools/deals/create-deal.tool.ts(100,40): error TS2304: Cannot find name 'prisma'.
../backend/src/tools/deals/create-deal.tool.ts(107,47): error TS2304: Cannot find name 'prisma'.
../backend/src/tools/deals/search-deal.tool.ts(76,21): error TS2322: Type '({ property: { address: { contains: string; mode: string; }; }; contacts?: undefined; summary?: undefined; } | { property?: undefined; contacts?: undefined; summary?: undefined; } | { contacts: { some: { name: { ...; }; }; }; property?: undefined; summary?: undefined; } | { ...; })[]' is not assignable to type 'DealWhereInput[]'.
  Type '{ property: { address: { contains: string; mode: string; }; }; contacts?: undefined; summary?: undefined; } | { property?: undefined; contacts?: undefined; summary?: undefined; } | { contacts: { some: { name: { ...; }; }; }; property?: undefined; summary?: undefined; } | { ...; }' is not assignable to type 'DealWhereInput'.
    Type '{ property: { address: { contains: string; mode: string; }; }; contacts?: undefined; summary?: undefined; }' is not assignable to type 'DealWhereInput'.
      Types of property 'property' are incompatible.
        Type '{ address: { contains: string; mode: string; }; }' is not assignable to type '(Without<PropertyNullableRelationFilter, PropertyWhereInput> & PropertyWhereInput) | (Without<...> & PropertyNullableRelationFilter) | null | undefined'.
          Type '{ address: { contains: string; mode: string; }; }' is not assignable to type '(Without<PropertyNullableRelationFilter, PropertyWhereInput> & PropertyWhereInput) | (Without<...> & PropertyNullableRelationFilter)'.
            Type '{ address: { contains: string; mode: string; }; }' is not assignable to type 'Without<PropertyWhereInput, PropertyNullableRelationFilter> & PropertyNullableRelationFilter'.
              Type '{ address: { contains: string; mode: string; }; }' is not assignable to type 'Without<PropertyWhereInput, PropertyNullableRelationFilter>'.
                Types of property 'address' are incompatible.
                  Type '{ contains: string; mode: string; }' is not assignable to type 'undefined'.
../backend/src/tools/deals/search-deal.tool.ts(100,36): error TS2551: Property 'property' does not exist on type '{ id: string; stage: string; riskLevel: string; status: string; summary: string; threadId: string | null; createdAt: Date; propertyId: string | null; pipelineType: string; saleMethod: string; ... 19 more ...; isListingAgent: boolean; }'. Did you mean 'propertyId'?
../backend/src/tools/deals/search-deal.tool.ts(110,52): error TS2551: Property 'property' does not exist on type '{ id: string; stage: string; riskLevel: string; status: string; summary: string; threadId: string | null; createdAt: Date; propertyId: string | null; pipelineType: string; saleMethod: string; ... 19 more ...; isListingAgent: boolean; }'. Did you mean 'propertyId'?
../backend/src/tools/deals/update-deal.tool.ts(91,25): error TS2322: Type '({ property: { address: { contains: string; mode: string; }; }; contacts?: undefined; } | { property?: undefined; contacts?: undefined; } | { contacts: { some: { name: { contains: string; mode: string; }; }; }; property?: undefined; })[]' is not assignable to type 'DealWhereInput[]'.
  Type '{ property: { address: { contains: string; mode: string; }; }; contacts?: undefined; } | { property?: undefined; contacts?: undefined; } | { contacts: { some: { name: { contains: string; mode: string; }; }; }; property?: undefined; }' is not assignable to type 'DealWhereInput'.
    Type '{ property: { address: { contains: string; mode: string; }; }; contacts?: undefined; }' is not assignable to type 'DealWhereInput'.
      Types of property 'property' are incompatible.
        Type '{ address: { contains: string; mode: string; }; }' is not assignable to type '(Without<PropertyNullableRelationFilter, PropertyWhereInput> & PropertyWhereInput) | (Without<...> & PropertyNullableRelationFilter) | null | undefined'.
          Type '{ address: { contains: string; mode: string; }; }' is not assignable to type '(Without<PropertyNullableRelationFilter, PropertyWhereInput> & PropertyWhereInput) | (Without<...> & PropertyNullableRelationFilter)'.
            Type '{ address: { contains: string; mode: string; }; }' is not assignable to type 'Without<PropertyWhereInput, PropertyNullableRelationFilter> & PropertyNullableRelationFilter'.
              Type '{ address: { contains: string; mode: string; }; }' is not assignable to type 'Without<PropertyWhereInput, PropertyNullableRelationFilter>'.
                Types of property 'address' are incompatible.
                  Type '{ contains: string; mode: string; }' is not assignable to type 'undefined'.
../backend/src/tools/inbox/search-inbox.tool.ts(30,14): error TS2741: Property 'auditLogFormat' is missing in type '{ name: string; domain: string; description: string; inputSchema: { type: "object"; properties: { query: { type: "string"; description: string; }; }; required: string[]; }; outputSchema: { type: "object"; properties: { ...; }; }; permissions: string[]; requiresApproval: false; execute(params: SearchInboxInput, conte...' but required in type 'ZenaToolDefinition<SearchInboxInput, SearchInboxOutput>'.
../backend/src/tools/index.ts(41,70): error TS6133: 'generatePropertyReportTool' is declared but its value is never read.
../backend/src/tools/memory/search-memory.tool.ts(37,5): error TS2322: Type '(userId: string, params: { query: string; types?: string[]; limit?: number; }) => Promise<{ success: true; message: string; data: { results: never[]; totalCount?: undefined; }; } | { success: true; message: string; data: { ...; }; }>' is not assignable to type '(params: any, context: ToolExecutionContext) => Promise<ToolExecutionResult<any>>'.
  Types of parameters 'params' and 'context' are incompatible.
    Property 'query' is missing in type 'ToolExecutionContext' but required in type '{ query: string; types?: string[] | undefined; limit?: number | undefined; }'.
../backend/src/tools/portfolio/get_brief.tool.ts(75,27): error TS6133: 'output' is declared but its value is never read.
../backend/src/tools/portfolio/get_global_brief.tool.ts(45,19): error TS6133: 'params' is declared but its value is never read.
../backend/src/tools/portfolio/get_global_brief.tool.ts(61,20): error TS6133: 'input' is declared but its value is never read.
../backend/src/tools/portfolio/get_global_brief.tool.ts(61,27): error TS6133: 'output' is declared but its value is never read.
../backend/src/tools/properties/add-milestone.tool.ts(78,86): error TS2345: Argument of type 'unknown' is not assignable to parameter of type 'LogContext | undefined'.
../backend/src/tools/properties/add-milestone.tool.ts(95,76): error TS2345: Argument of type 'unknown' is not assignable to parameter of type 'LogContext | undefined'.
../backend/src/tools/properties/add-milestone.tool.ts(112,26): error TS2339: Property 'type' does not exist on type '{ id: string; title: any; date: any; status: any; createdAt: string; }'.
../backend/src/tools/properties/add-milestone.tool.ts(137,90): error TS2345: Argument of type 'unknown' is not assignable to parameter of type 'LogContext | undefined'.
../backend/src/tools/properties/create-property.tool.ts(163,61): error TS18047: 'contact' is possibly 'null'.
../backend/src/tools/properties/create-property.tool.ts(165,97): error TS2345: Argument of type 'unknown' is not assignable to parameter of type 'Error | undefined'.
../backend/src/tools/properties/create-property.tool.ts(186,106): error TS2345: Argument of type 'unknown' is not assignable to parameter of type 'Error | undefined'.
../backend/src/tools/tasks/create-task.tool.ts(107,39): error TS2339: Property 'propertyAddress' does not exist on type 'CreateTaskInput'.
../backend/src/tools/tasks/create-task.tool.ts(109,66): error TS2339: Property 'propertyAddress' does not exist on type 'CreateTaskInput'.
../backend/src/tools/tasks/create-task.tool.ts(115,38): error TS2339: Property 'contactName' does not exist on type 'CreateTaskInput'.
../backend/src/tools/tasks/create-task.tool.ts(117,63): error TS2339: Property 'contactName' does not exist on type 'CreateTaskInput'.
../backend/src/tools/tasks/delete-task.tool.ts(72,36): error TS2304: Cannot find name 'prisma'.
../backend/src/tools/tasks/get-task.tool.ts(72,38): error TS2339: Property 'dealId' does not exist on type '{ id: string; status: string; dueDate: Date | null; context: string | null; label: string; source: string; createdAt: Date; propertyId: string | null; dealId: string | null; contactId: string | null; userId: string; estimatedDuration: number | null; completedAt: Date | null; } | { ...; }'.
  Property 'dealId' does not exist on type '{ id: string; userId: string; label: any; status: any; dueDate: Date; propertyId: string; source: string; createdAt: Date; property: { id: string; address: string; }; isVirtual: boolean; }'.
../backend/src/tools/tasks/get-task.tool.ts(74,41): error TS2339: Property 'contactId' does not exist on type '{ id: string; status: string; dueDate: Date | null; context: string | null; label: string; source: string; createdAt: Date; propertyId: string | null; dealId: string | null; contactId: string | null; userId: string; estimatedDuration: number | null; completedAt: Date | null; } | { ...; }'.
  Property 'contactId' does not exist on type '{ id: string; userId: string; label: any; status: any; dueDate: Date; propertyId: string; source: string; createdAt: Date; property: { id: string; address: string; }; isVirtual: boolean; }'.
../backend/src/tools/tasks/search-task.tool.ts(31,14): error TS2741: Property 'auditLogFormat' is missing in type '{ name: string; domain: string; description: string; inputSchema: { type: "object"; properties: { query: { type: "string"; description: string; }; includeCompleted: { type: "boolean"; description: string; default: false; }; }; required: string[]; }; outputSchema: { ...; }; permissions: string[]; requiresApproval: fa...' but required in type 'ZenaToolDefinition<SearchTaskInput, SearchTaskOutput>'.
../backend/src/tools/tasks/update-task.tool.ts(99,57): error TS2345: Argument of type 'string' is not assignable to parameter of type 'TaskQueryOptions'.
../backend/src/tools/tasks/update-task.tool.ts(108,40): error TS2304: Cannot find name 'prisma'.
../backend/src/tools/tasks/update-task.tool.ts(116,39): error TS2304: Cannot find name 'prisma'.
src/components/ActionApprovalQueue/ActionApprovalQueue.tsx(12,17): error TS6133: 'Home' is declared but its value is never read.
src/components/ActionApprovalQueue/ActionApprovalQueue.tsx(13,30): error TS6133: 'Phone' is declared but its value is never read.
src/components/ActionApprovalQueue/ActionApprovalQueue.tsx(13,43): error TS6133: 'Quote' is declared but its value is never read.
src/components/ActionApprovalQueue/ActionApprovalQueue.tsx(14,14): error TS6133: 'ChevronRight' is declared but its value is never read.
src/components/ActionApprovalQueue/ActionApprovalQueue.tsx(14,35): error TS6133: 'User' is declared but its value is never read.
src/components/ActionApprovalQueue/ActionApprovalQueue.tsx(19,22): error TS6133: 'AutonomousAction' is declared but its value is never read.
src/components/ActionApprovalQueue/ActionApprovalQueue.tsx(59,19): error TS6133: 'godmodeSettings' is declared but its value is never read.
src/components/ActionApprovalQueue/ActionApprovalQueue.tsx(294,54): error TS2339: Property 'contextSummary' does not exist on type 'AutonomousAction'.
src/components/ActionApprovalQueue/ActionApprovalQueue.tsx(294,87): error TS2339: Property 'reasoning' does not exist on type 'AutonomousAction'.
src/components/ActionApprovalQueue/ActionApprovalQueue.tsx(297,64): error TS2339: Property 'contextSummary' does not exist on type 'AutonomousAction'.
src/components/ActionApprovalQueue/ActionApprovalQueue.tsx(297,97): error TS2339: Property 'reasoning' does not exist on type 'AutonomousAction'.
src/components/ActionApprovalQueue/ActionApprovalQueue.tsx(312,142): error TS2339: Property 'payload' does not exist on type 'AutonomousAction'.
src/components/ActionApprovalQueue/ActionApprovalQueue.tsx(316,142): error TS2339: Property 'payload' does not exist on type 'AutonomousAction'.
src/components/ActionApprovalQueue/ActionApprovalQueue.tsx(324,73): error TS2339: Property 'payload' does not exist on type 'AutonomousAction'.
src/components/ActionApprovalQueue/ActionApprovalQueue.tsx(337,53): error TS2339: Property 'script' does not exist on type 'AutonomousAction'.
src/components/ActionApprovalQueue/ActionApprovalQueue.tsx(342,94): error TS2339: Property 'script' does not exist on type 'AutonomousAction'.
src/components/ActionApprovalQueue/ActionApprovalQueue.tsx(351,69): error TS2339: Property 'script' does not exist on type 'AutonomousAction'.
src/components/ActionApprovalQueue/ActionApprovalQueue.tsx(358,53): error TS2339: Property 'payload' does not exist on type 'AutonomousAction'.
src/components/ActionApprovalQueue/ActionApprovalQueue.tsx(366,69): error TS2339: Property 'payload' does not exist on type 'AutonomousAction'.
src/components/ActionApprovalQueue/ActionApprovalQueue.tsx(371,94): error TS2339: Property 'payload' does not exist on type 'AutonomousAction'.
src/components/ActionApprovalQueue/ActionApprovalQueue.tsx(401,110): error TS2339: Property 'payload' does not exist on type 'AutonomousAction'.
src/components/ActionApprovalQueue/ActionApprovalQueue.tsx(405,69): error TS2339: Property 'payload' does not exist on type 'AutonomousAction'.
src/components/ActionApprovalQueue/ActionApprovalQueue.tsx(474,49): error TS2322: Type 'void' is not assignable to type 'ReactNode'.
src/components/ActionApprovalQueue/index.ts(2,16): error TS2304: Cannot find name 'ActionApprovalQueue'.
src/components/AddNoteModal/AddNoteModal.tsx(1,38): error TS6133: 'useRef' is declared but its value is never read.
src/components/AddNoteModal/AddNoteModal.tsx(2,44): error TS6133: 'Briefcase' is declared but its value is never read.
src/components/AddNoteModal/AddNoteModal.tsx(2,55): error TS6133: 'Plus' is declared but its value is never read.
src/components/AddNoteModal/AddNoteModal.tsx(22,5): error TS6133: 'entityId' is declared but its value is never read.
src/components/AddNoteModal/AddNoteModal.tsx(23,5): error TS6133: 'entityType' is declared but its value is never read.
src/components/AddNoteModal/AddNoteModal.tsx(31,13): error TS2339: Property 'isRecording' does not exist on type '{ isProcessing: boolean; transcript: string; extractedEntities: ExtractedEntity[]; error: Error | null; uploadVoiceNote: (audioBlob: Blob) => Promise<VoiceNoteResponse | null>; ... 4 more ...; reset: () => void; }'.
src/components/AddNoteModal/AddNoteModal.tsx(31,40): error TS2339: Property 'startRecording' does not exist on type '{ isProcessing: boolean; transcript: string; extractedEntities: ExtractedEntity[]; error: Error | null; uploadVoiceNote: (audioBlob: Blob) => Promise<VoiceNoteResponse | null>; ... 4 more ...; reset: () => void; }'.
src/components/AddNoteModal/AddNoteModal.tsx(31,56): error TS2339: Property 'stopRecording' does not exist on type '{ isProcessing: boolean; transcript: string; extractedEntities: ExtractedEntity[]; error: Error | null; uploadVoiceNote: (audioBlob: Blob) => Promise<VoiceNoteResponse | null>; ... 4 more ...; reset: () => void; }'.
src/components/AddPropertyModal/AddPropertyModal.tsx(8,5): error TS6133: 'BedDouble' is declared but its value is never read.
src/components/AddPropertyModal/AddPropertyModal.tsx(9,5): error TS6133: 'Bath' is declared but its value is never read.
src/components/AddPropertyModal/AddPropertyModal.tsx(13,5): error TS6133: 'FileText' is declared but its value is never read.
src/components/AISummaryDropdown/AISummaryDropdown.aria-announcements.property.test.tsx(15,18): error TS6133: 'screen' is declared but its value is never read.
src/components/AISummaryDropdown/AISummaryDropdown.aria-announcements.property.test.tsx(15,26): error TS6133: 'fireEvent' is declared but its value is never read.
src/components/AISummaryDropdown/AISummaryDropdown.aria-announcements.property.test.tsx(15,46): error TS6133: 'waitFor' is declared but its value is never read.
src/components/AISummaryDropdown/AISummaryDropdown.aria-announcements.property.test.tsx(18,1): error TS6133: 'Thread' is declared but its value is never read.
src/components/AISummaryDropdown/AISummaryDropdown.aria-announcements.property.test.tsx(86,7): error TS6133: 'checkScreenReaderAnnouncements' is declared but its value is never read.
src/components/AISummaryDropdown/AISummaryDropdown.aria-announcements.property.test.tsx(104,15): error TS2739: Type '{ id: string; subject: string; summary: string; aiSummary: string | null; participants: { id: string; name: string; email: string; role: string; avatarUrl: string | null; }[]; propertyAddress: string | null; ... 5 more ...; hasAttachments: boolean; }' is missing the following properties from type 'Thread': riskLevel, lastMessageAt, createdAt, messageCount, unreadCount
src/components/AISummaryDropdown/AISummaryDropdown.aria-announcements.property.test.tsx(168,15): error TS2739: Type '{ id: string; subject: string; summary: string; aiSummary: string | null; participants: { id: string; name: string; email: string; role: string; avatarUrl: string | null; }[]; propertyAddress: string | null; ... 5 more ...; hasAttachments: boolean; }' is missing the following properties from type 'Thread': riskLevel, lastMessageAt, createdAt, messageCount, unreadCount
src/components/AISummaryDropdown/AISummaryDropdown.aria-announcements.property.test.tsx(180,15): error TS2739: Type '{ id: string; subject: string; summary: string; aiSummary: string | null; participants: { id: string; name: string; email: string; role: string; avatarUrl: string | null; }[]; propertyAddress: string | null; ... 5 more ...; hasAttachments: boolean; }' is missing the following properties from type 'Thread': riskLevel, lastMessageAt, createdAt, messageCount, unreadCount
src/components/AISummaryDropdown/AISummaryDropdown.aria-announcements.property.test.tsx(202,15): error TS2739: Type '{ id: string; subject: string; summary: string; aiSummary: string | null; participants: { id: string; name: string; email: string; role: string; avatarUrl: string | null; }[]; propertyAddress: string | null; ... 5 more ...; hasAttachments: boolean; }' is missing the following properties from type 'Thread': riskLevel, lastMessageAt, createdAt, messageCount, unreadCount
src/components/AISummaryDropdown/AISummaryDropdown.aria-announcements.property.test.tsx(231,15): error TS2739: Type '{ id: string; subject: string; summary: string; aiSummary: string | null; participants: { id: string; name: string; email: string; role: string; avatarUrl: string | null; }[]; propertyAddress: string | null; ... 5 more ...; hasAttachments: boolean; }' is missing the following properties from type 'Thread': riskLevel, lastMessageAt, createdAt, messageCount, unreadCount
src/components/AISummaryDropdown/AISummaryDropdown.aria-announcements.property.test.tsx(298,15): error TS2739: Type '{ id: string; subject: string; summary: string; aiSummary: string | null; participants: { id: string; name: string; email: string; role: string; avatarUrl: string | null; }[]; propertyAddress: string | null; ... 5 more ...; hasAttachments: boolean; }' is missing the following properties from type 'Thread': riskLevel, lastMessageAt, createdAt, messageCount, unreadCount
src/components/AISummaryDropdown/AISummaryDropdown.aria-announcements.property.test.tsx(359,15): error TS2739: Type '{ id: string; subject: string; summary: string; aiSummary: string | null; participants: { id: string; name: string; email: string; role: string; avatarUrl: string | null; }[]; propertyAddress: string | null; ... 5 more ...; hasAttachments: boolean; }' is missing the following properties from type 'Thread': riskLevel, lastMessageAt, createdAt, messageCount, unreadCount
src/components/AISummaryDropdown/AISummaryDropdown.aria-announcements.property.test.tsx(407,15): error TS2739: Type '{ id: string; subject: string; summary: string; aiSummary: string | null; participants: { id: string; name: string; email: string; role: string; avatarUrl: string | null; }[]; propertyAddress: string | null; ... 5 more ...; hasAttachments: boolean; }' is missing the following properties from type 'Thread': riskLevel, lastMessageAt, createdAt, messageCount, unreadCount
src/components/AISummaryDropdown/AISummaryDropdown.fallback-content.property.test.tsx(15,1): error TS6133: 'React' is declared but its value is never read.
src/components/AISummaryDropdown/AISummaryDropdown.fallback-content.property.test.tsx(20,18): error TS6133: 'Participant' is declared but its value is never read.
src/components/AISummaryDropdown/AISummaryDropdown.fallback-content.property.test.tsx(91,17): error TS2739: Type '{ aiSummary: undefined; id: string; subject: string; summary: string; participants: { id: string; name: string; email: string; role: string; avatarUrl: string | undefined; }[]; lastMessageAt: Date; ... 4 more ...; propertyId: string | undefined; }' is missing the following properties from type 'Thread': riskLevel, createdAt, messageCount, unreadCount
src/components/AISummaryDropdown/AISummaryDropdown.fallback-content.property.test.tsx(147,17): error TS2739: Type '{ aiSummary: string | undefined; id: string; subject: string; summary: string; participants: { id: string; name: string; email: string; role: string; avatarUrl: string | undefined; }[]; lastMessageAt: Date; ... 4 more ...; propertyId: string | undefined; }' is missing the following properties from type 'Thread': riskLevel, createdAt, messageCount, unreadCount
src/components/AISummaryDropdown/AISummaryDropdown.fallback-content.property.test.tsx(196,17): error TS2739: Type '{ aiSummary: undefined; id: string; subject: string; summary: string; participants: { id: string; name: string; email: string; role: string; avatarUrl: string | undefined; }[]; lastMessageAt: Date; ... 4 more ...; propertyId: string | undefined; }' is missing the following properties from type 'Thread': riskLevel, createdAt, messageCount, unreadCount
src/components/AISummaryDropdown/AISummaryDropdown.fallback-content.property.test.tsx(201,30): error TS6133: 'getAllByRole' is declared but its value is never read.
src/components/AISummaryDropdown/AISummaryDropdown.fallback-content.property.test.tsx(243,17): error TS2739: Type '{ aiSummary: undefined; id: string; subject: string; summary: string; participants: { id: string; name: string; email: string; role: string; avatarUrl: string | undefined; }[]; lastMessageAt: Date; ... 4 more ...; propertyId: string | undefined; }' is missing the following properties from type 'Thread': riskLevel, createdAt, messageCount, unreadCount
src/components/AISummaryDropdown/AISummaryDropdown.fallback-content.property.test.tsx(293,17): error TS2739: Type '{ aiSummary: undefined; id: string; subject: string; summary: string; participants: { id: string; name: string; email: string; role: string; avatarUrl: string | undefined; }[]; lastMessageAt: Date; ... 4 more ...; propertyId: string | undefined; }' is missing the following properties from type 'Thread': riskLevel, createdAt, messageCount, unreadCount
src/components/AISummaryDropdown/AISummaryDropdown.keyboard-navigation.property.test.tsx(15,18): error TS6133: 'screen' is declared but its value is never read.
src/components/AISummaryDropdown/AISummaryDropdown.keyboard-navigation.property.test.tsx(18,1): error TS6133: 'Thread' is declared but its value is never read.
src/components/AISummaryDropdown/AISummaryDropdown.keyboard-navigation.property.test.tsx(131,15): error TS2739: Type '{ id: string; subject: string; summary: string; aiSummary: string | null; participants: { id: string; name: string; email: string; role: string; avatarUrl: string | null; }[]; propertyAddress: string | null; ... 5 more ...; hasAttachments: boolean; }' is missing the following properties from type 'Thread': riskLevel, lastMessageAt, createdAt, messageCount, unreadCount
src/components/AISummaryDropdown/AISummaryDropdown.keyboard-navigation.property.test.tsx(197,15): error TS2739: Type '{ id: string; subject: string; summary: string; aiSummary: string | null; participants: { id: string; name: string; email: string; role: string; avatarUrl: string | null; }[]; propertyAddress: string | null; ... 5 more ...; hasAttachments: boolean; }' is missing the following properties from type 'Thread': riskLevel, lastMessageAt, createdAt, messageCount, unreadCount
src/components/AISummaryDropdown/AISummaryDropdown.keyboard-navigation.property.test.tsx(242,15): error TS2739: Type '{ id: string; subject: string; summary: string; aiSummary: string | null; participants: { id: string; name: string; email: string; role: string; avatarUrl: string | null; }[]; propertyAddress: string | null; ... 5 more ...; hasAttachments: boolean; }' is missing the following properties from type 'Thread': riskLevel, lastMessageAt, createdAt, messageCount, unreadCount
src/components/AISummaryDropdown/AISummaryDropdown.keyboard-navigation.property.test.tsx(284,15): error TS2739: Type '{ id: string; subject: string; summary: string; aiSummary: string | null; participants: { id: string; name: string; email: string; role: string; avatarUrl: string | null; }[]; propertyAddress: string | null; ... 5 more ...; hasAttachments: boolean; }' is missing the following properties from type 'Thread': riskLevel, lastMessageAt, createdAt, messageCount, unreadCount
src/components/AISummaryDropdown/AISummaryDropdown.keyboard-navigation.property.test.tsx(338,15): error TS2739: Type '{ id: string; subject: string; summary: string; aiSummary: string | null; participants: { id: string; name: string; email: string; role: string; avatarUrl: string | null; }[]; propertyAddress: string | null; ... 5 more ...; hasAttachments: boolean; }' is missing the following properties from type 'Thread': riskLevel, lastMessageAt, createdAt, messageCount, unreadCount
src/components/AISummaryDropdown/AISummaryDropdown.reduced-motion.property.test.tsx(15,18): error TS6133: 'screen' is declared but its value is never read.
src/components/AISummaryDropdown/AISummaryDropdown.reduced-motion.property.test.tsx(18,1): error TS6133: 'Thread' is declared but its value is never read.
src/components/AISummaryDropdown/AISummaryDropdown.reduced-motion.property.test.tsx(126,37): error TS6133: 'defaultDuration' is declared but its value is never read.
src/components/AISummaryDropdown/AISummaryDropdown.reduced-motion.property.test.tsx(127,36): error TS6133: 'defaultDuration' is declared but its value is never read.
src/components/AISummaryDropdown/AISummaryDropdown.reduced-motion.property.test.tsx(135,15): error TS2739: Type '{ id: string; subject: string; summary: string; aiSummary: string | null; participants: { id: string; name: string; email: string; role: string; avatarUrl: string | null; }[]; propertyAddress: string | null; ... 5 more ...; hasAttachments: boolean; }' is missing the following properties from type 'Thread': riskLevel, lastMessageAt, createdAt, messageCount, unreadCount
src/components/AISummaryDropdown/AISummaryDropdown.reduced-motion.property.test.tsx(186,15): error TS2739: Type '{ id: string; subject: string; summary: string; aiSummary: string | null; participants: { id: string; name: string; email: string; role: string; avatarUrl: string | null; }[]; propertyAddress: string | null; ... 5 more ...; hasAttachments: boolean; }' is missing the following properties from type 'Thread': riskLevel, lastMessageAt, createdAt, messageCount, unreadCount
src/components/AISummaryDropdown/AISummaryDropdown.reduced-motion.property.test.tsx(219,37): error TS6133: 'defaultDuration' is declared but its value is never read.
src/components/AISummaryDropdown/AISummaryDropdown.reduced-motion.property.test.tsx(220,36): error TS6133: 'defaultDuration' is declared but its value is never read.
src/components/AISummaryDropdown/AISummaryDropdown.reduced-motion.property.test.tsx(228,15): error TS2739: Type '{ id: string; subject: string; summary: string; aiSummary: string | null; participants: { id: string; name: string; email: string; role: string; avatarUrl: string | null; }[]; propertyAddress: string | null; ... 5 more ...; hasAttachments: boolean; }' is missing the following properties from type 'Thread': riskLevel, lastMessageAt, createdAt, messageCount, unreadCount
src/components/AISummaryDropdown/AISummaryDropdown.reduced-motion.property.test.tsx(277,37): error TS6133: 'defaultDuration' is declared but its value is never read.
src/components/AISummaryDropdown/AISummaryDropdown.reduced-motion.property.test.tsx(278,36): error TS6133: 'defaultDuration' is declared but its value is never read.
src/components/AISummaryDropdown/AISummaryDropdown.reduced-motion.property.test.tsx(288,15): error TS2739: Type '{ id: string; subject: string; summary: string; aiSummary: string | null; participants: { id: string; name: string; email: string; role: string; avatarUrl: string | null; }[]; propertyAddress: string | null; ... 5 more ...; hasAttachments: boolean; }' is missing the following properties from type 'Thread': riskLevel, lastMessageAt, createdAt, messageCount, unreadCount
src/components/AISummaryDropdown/AISummaryDropdown.reduced-motion.property.test.tsx(331,37): error TS6133: 'defaultDuration' is declared but its value is never read.
src/components/AISummaryDropdown/AISummaryDropdown.reduced-motion.property.test.tsx(332,36): error TS6133: 'defaultDuration' is declared but its value is never read.
src/components/AISummaryDropdown/AISummaryDropdown.reduced-motion.property.test.tsx(340,15): error TS2739: Type '{ id: string; subject: string; summary: string; aiSummary: string | null; participants: { id: string; name: string; email: string; role: string; avatarUrl: string | null; }[]; propertyAddress: string | null; ... 5 more ...; hasAttachments: boolean; }' is missing the following properties from type 'Thread': riskLevel, lastMessageAt, createdAt, messageCount, unreadCount
src/components/AISummaryDropdown/AISummaryDropdown.reduced-motion.property.test.tsx(395,15): error TS2739: Type '{ id: string; subject: string; summary: string; aiSummary: string | null; participants: { id: string; name: string; email: string; role: string; avatarUrl: string | null; }[]; propertyAddress: string | null; ... 5 more ...; hasAttachments: boolean; }' is missing the following properties from type 'Thread': riskLevel, lastMessageAt, createdAt, messageCount, unreadCount
src/components/AISummaryDropdown/AISummaryDropdown.tsx(1,17): error TS6133: 'useRef' is declared but its value is never read.
src/components/AISummaryDropdown/AISummaryDropdown.tsx(115,9): error TS2322: Type '{ id: string; type: string; label: string; description: string; priority: number; icon: string; }[]' is not assignable to type 'RecommendedAction[]'.
  Type '{ id: string; type: string; label: string; description: string; priority: number; icon: string; }' is not assignable to type 'RecommendedAction'.
    Types of property 'type' are incompatible.
      Type 'string' is not assignable to type '"schedule_followup" | "quick_reply" | "mark_priority"'.
src/components/AISummaryDropdown/AISummaryDropdown.tsx(250,29): error TS6133: 'isPerformanceAcceptable' is declared but its value is never read.
src/components/AISummaryDropdown/AISummaryDropdown.tsx(348,7): error TS2322: Type 'MutableRefObject<HTMLElement | null>' is not assignable to type 'LegacyRef<HTMLDivElement> | undefined'.
  Type 'MutableRefObject<HTMLElement | null>' is not assignable to type 'RefObject<HTMLDivElement>'.
    Types of property 'current' are incompatible.
      Type 'HTMLElement | null' is not assignable to type 'HTMLDivElement | null'.
        Property 'align' is missing in type 'HTMLElement' but required in type 'HTMLDivElement'.
src/components/AISummaryDropdown/AISummaryDropdown.tsx(471,50): error TS6133: 'index' is declared but its value is never read.
src/components/AISummaryDropdown/AISummaryDropdown.tsx(518,57): error TS6133: 'index' is declared but its value is never read.
src/components/AnimatedEmptyState/AnimatedEmptyState.property.test.tsx(13,24): error TS6133: 'expect' is declared but its value is never read.
src/components/AttachmentChip/AttachmentChip.property.test.tsx(3,26): error TS6133: 'AttachmentChipProps' is declared but its value is never read.
src/components/AttachmentChip/AttachmentChip.property.test.tsx(24,31): error TS6133: 'formattedSize' is declared but its value is never read.
src/components/BatchActionBar/BatchActionBar.property.test.tsx(254,43): error TS2322: Type '"snooze_all"' is not assignable to type 'BatchAction'.
src/components/BatchActionBar/BatchActionBar.property.test.tsx(254,57): error TS2322: Type '"archive_all"' is not assignable to type 'BatchAction'.
src/components/BatchActionBar/BatchActionBar.property.test.tsx(254,85): error TS2322: Type '"delete_all"' is not assignable to type 'BatchAction'.
src/components/BatchActionBar/BatchActionBar.tsx(101,9): error TS6133: 'handleSnoozeAll' is declared but its value is never read.
src/components/BatchActionBar/BatchActionBar.tsx(102,14): error TS2345: Argument of type '"snooze_all"' is not assignable to parameter of type 'BatchAction'.
src/components/BatchActionBar/BatchActionBar.tsx(105,9): error TS6133: 'handleArchiveAll' is declared but its value is never read.
src/components/BatchActionBar/BatchActionBar.tsx(106,14): error TS2345: Argument of type '"archive_all"' is not assignable to parameter of type 'BatchAction'.
src/components/BatchActionBar/BatchActionBar.tsx(109,9): error TS6133: 'handleMarkRead' is declared but its value is never read.
src/components/BatchActionBar/BatchActionBar.tsx(135,34): error TS2345: Argument of type '"snooze_all"' is not assignable to parameter of type '"mark_read"'.
src/components/BatchActionBar/BatchActionBar.tsx(138,37): error TS2345: Argument of type '"snooze_all"' is not assignable to parameter of type 'BatchAction'.
src/components/BatchActionBar/BatchActionBar.tsx(151,34): error TS2345: Argument of type '"archive_all"' is not assignable to parameter of type '"mark_read"'.
src/components/BatchActionBar/BatchActionBar.tsx(154,37): error TS2345: Argument of type '"archive_all"' is not assignable to parameter of type 'BatchAction'.
src/components/BatchActionBar/BatchActionBar.tsx(168,34): error TS2345: Argument of type '"compose"' is not assignable to parameter of type '"mark_read"'.
src/components/BatchActionBar/BatchActionBar.tsx(171,37): error TS2345: Argument of type '"compose"' is not assignable to parameter of type 'BatchAction'.
src/components/BatchActionBar/BatchActionBar.tsx(183,34): error TS2345: Argument of type '"tag"' is not assignable to parameter of type '"mark_read"'.
src/components/BatchActionBar/BatchActionBar.tsx(186,37): error TS2345: Argument of type '"tag"' is not assignable to parameter of type 'BatchAction'.
src/components/BatchActionBar/BatchActionBar.tsx(199,34): error TS2345: Argument of type '"export_crm"' is not assignable to parameter of type '"mark_read"'.
src/components/BatchActionBar/BatchActionBar.tsx(216,34): error TS2345: Argument of type '"email_crm"' is not assignable to parameter of type '"mark_read"'.
src/components/BatchActionBar/BatchActionBar.tsx(248,34): error TS2345: Argument of type '"delete"' is not assignable to parameter of type '"mark_read"'.
src/components/BatchActionBar/BatchActionBar.tsx(266,34): error TS2345: Argument of type '"archive"' is not assignable to parameter of type '"mark_read"'.
src/components/BatchActionBar/BatchActionBar.tsx(283,34): error TS2345: Argument of type '"restore"' is not assignable to parameter of type '"mark_read"'.
src/components/CalendarOptimizationModal/OptimiseProposalModal.tsx(1,17): error TS6133: 'useState' is declared but its value is never read.
src/components/CalendarWidget/CalendarWidget.property.test.tsx(4,1): error TS6133: 'React' is declared but its value is never read.
src/components/CalendarWidget/CalendarWidget.property.test.tsx(8,26): error TS6133: 'CalendarAppointment' is declared but its value is never read.
src/components/CalendarWidget/CalendarWidget.property.test.tsx(96,15): error TS2322: Type '{ id: string; time: Date; title: string; location: string | null; property: { id: string; address: string; type: string | null; } | null; type: string; urgency: string | null; conflictsWith: string[] | null; }[]' is not assignable to type 'CalendarAppointment[]'.
  Type '{ id: string; time: Date; title: string; location: string | null; property: { id: string; address: string; type: string | null; } | null; type: string; urgency: string | null; conflictsWith: string[] | null; }' is not assignable to type 'CalendarAppointment'.
    Types of property 'location' are incompatible.
      Type 'string | null' is not assignable to type 'string | undefined'.
        Type 'null' is not assignable to type 'string | undefined'.
src/components/CalendarWidget/CalendarWidget.property.test.tsx(154,15): error TS2322: Type '{ id: string; time: Date; title: string; location: string | null; property: { id: string; address: string; type: string | null; } | null; type: string; urgency: string | null; conflictsWith: string[] | null; }[]' is not assignable to type 'CalendarAppointment[]'.
  Type '{ id: string; time: Date; title: string; location: string | null; property: { id: string; address: string; type: string | null; } | null; type: string; urgency: string | null; conflictsWith: string[] | null; }' is not assignable to type 'CalendarAppointment'.
    Types of property 'location' are incompatible.
      Type 'string | null' is not assignable to type 'string | undefined'.
        Type 'null' is not assignable to type 'string | undefined'.
src/components/CalendarWidget/CalendarWidget.property.test.tsx(201,15): error TS2322: Type '{ id: string; time: Date; title: string; location: string | null; property: { id: string; address: string; type: string | null; } | null; type: string; urgency: string | null; conflictsWith: string[] | null; }[]' is not assignable to type 'CalendarAppointment[]'.
  Type '{ id: string; time: Date; title: string; location: string | null; property: { id: string; address: string; type: string | null; } | null; type: string; urgency: string | null; conflictsWith: string[] | null; }' is not assignable to type 'CalendarAppointment'.
    Types of property 'location' are incompatible.
      Type 'string | null' is not assignable to type 'string | undefined'.
        Type 'null' is not assignable to type 'string | undefined'.
src/components/CalendarWidget/CalendarWidget.property.test.tsx(244,15): error TS2322: Type '{ id: string; time: Date; title: string; location: string | null; property: { id: string; address: string; type: string | null; } | null; type: string; urgency: string | null; conflictsWith: string[] | null; }[]' is not assignable to type 'CalendarAppointment[]'.
  Type '{ id: string; time: Date; title: string; location: string | null; property: { id: string; address: string; type: string | null; } | null; type: string; urgency: string | null; conflictsWith: string[] | null; }' is not assignable to type 'CalendarAppointment'.
    Types of property 'location' are incompatible.
      Type 'string | null' is not assignable to type 'string | undefined'.
        Type 'null' is not assignable to type 'string | undefined'.
src/components/CalendarWidget/CalendarWidget.property.test.tsx(284,17): error TS2322: Type '{ id: string; time: Date; title: string; location: string | null; property: { id: string; address: string; type: string | null; } | null; type: string; urgency: string | null; conflictsWith: string[] | null; }[]' is not assignable to type 'CalendarAppointment[]'.
  Type '{ id: string; time: Date; title: string; location: string | null; property: { id: string; address: string; type: string | null; } | null; type: string; urgency: string | null; conflictsWith: string[] | null; }' is not assignable to type 'CalendarAppointment'.
    Types of property 'location' are incompatible.
      Type 'string | null' is not assignable to type 'string | undefined'.
        Type 'null' is not assignable to type 'string | undefined'.
src/components/CalendarWidget/CalendarWidget.property.test.tsx(325,15): error TS2322: Type '{ id: string; time: Date; title: string; location: string | null; property: { id: string; address: string; type: string | null; } | null; type: string; urgency: string | null; conflictsWith: string[] | null; }[]' is not assignable to type 'CalendarAppointment[]'.
  Type '{ id: string; time: Date; title: string; location: string | null; property: { id: string; address: string; type: string | null; } | null; type: string; urgency: string | null; conflictsWith: string[] | null; }' is not assignable to type 'CalendarAppointment'.
    Types of property 'location' are incompatible.
      Type 'string | null' is not assignable to type 'string | undefined'.
        Type 'null' is not assignable to type 'string | undefined'.
src/components/CalendarWidget/CalendarWidget.property.test.tsx(392,17): error TS2322: Type '{ id: string; time: Date; title: string; type: string; }[]' is not assignable to type 'CalendarAppointment[]'.
  Type '{ id: string; time: Date; title: string; type: string; }' is not assignable to type 'CalendarAppointment'.
    Types of property 'type' are incompatible.
      Type 'string' is not assignable to type '"viewing" | "meeting" | "call" | "other"'.
src/components/ComparableReportModal/ComparableReportModal.tsx(3,13): error TS6133: 'TrendingUp' is declared but its value is never read.
src/components/ComparableReportModal/ComparableReportModal.tsx(3,25): error TS6133: 'MapPin' is declared but its value is never read.
src/components/ComparableReportModal/ComparableReportModal.tsx(25,12): error TS6133: 'showSuggestions' is declared but its value is never read.
src/components/ContactIntelligenceCard/ContactIntelligenceCard.tsx(1,28): error TS6133: 'useState' is declared but its value is never read.
src/components/ContactIntelligenceCard/ContactIntelligenceCard.tsx(2,22): error TS6133: 'MessageSquare' is declared but its value is never read.
src/components/ContactIntelligenceCard/ContactIntelligenceCard.tsx(2,37): error TS6133: 'ArrowRight' is declared but its value is never read.
src/components/ContactIntelligenceCard/ContactIntelligenceCard.tsx(2,57): error TS6133: 'AlertTriangle' is declared but its value is never read.
src/components/ContactIntelligenceCard/ContactIntelligenceCard.tsx(14,5): error TS6133: 'contactName' is declared but its value is never read.
src/components/ContactIntelligenceModal/ContactIntelligenceModal.tsx(265,26): error TS2304: Cannot find name 'strategicActions'.
src/components/ContactIntelligenceModal/ContactIntelligenceModal.tsx(266,79): error TS2304: Cannot find name 'strategicActions'.
src/components/ContactIntelligenceModal/sections/PortfolioBriefSection.tsx(2,28): error TS6133: 'AlertTriangle' is declared but its value is never read.
src/components/CrmSuccessOverlay/CrmSuccessOverlay.tsx(2,39): error TS6133: 'X' is declared but its value is never read.
src/components/DashboardHeader/DashboardHeader.test.tsx(9,10): error TS2300: Duplicate identifier 'vi'.
src/components/DashboardHeader/DashboardHeader.test.tsx(10,10): error TS2300: Duplicate identifier 'vi'.
src/components/DashboardHeader/DashboardHeader.test.tsx(23,30): error TS2741: Property 'isHighTech' is missing in type '{ theme: "day"; effectiveTheme: "day"; setTheme: Mock<Procedure>; toggleTheme: Mock<Procedure>; }' but required in type 'ThemeContextType'.
src/components/DashboardHeader/DashboardHeader.tsx(171,13): error TS2322: Type 'Theme' is not assignable to type '"day" | "night"'.
  Type '"auto"' is not assignable to type '"day" | "night"'.
src/components/DataVisualization/DataVisualization.property.test.ts(98,58): error TS2345: Argument of type '{ label: string; value: number; color: string | null; metadata: {} | null; }[]' is not assignable to parameter of type 'ChartDataPoint[]'.
  Type '{ label: string; value: number; color: string | null; metadata: {} | null; }' is not assignable to type 'ChartDataPoint'.
    Types of property 'color' are incompatible.
      Type 'string | null' is not assignable to type 'string | undefined'.
        Type 'null' is not assignable to type 'string | undefined'.
src/components/DataVisualization/DataVisualization.property.test.ts(110,58): error TS2345: Argument of type '{ label: string; value: number; color: string | null; metadata: { stage: string; conversionRate: number; } | null; }[]' is not assignable to parameter of type 'ChartDataPoint[]'.
  Type '{ label: string; value: number; color: string | null; metadata: { stage: string; conversionRate: number; } | null; }' is not assignable to type 'ChartDataPoint'.
    Types of property 'color' are incompatible.
      Type 'string | null' is not assignable to type 'string | undefined'.
        Type 'null' is not assignable to type 'string | undefined'.
src/components/DataVisualization/DataVisualization.property.test.ts(122,58): error TS2345: Argument of type '{ label: string; value: number; color: string | null; metadata: { target: number; } | null; }[]' is not assignable to parameter of type 'ChartDataPoint[]'.
  Type '{ label: string; value: number; color: string | null; metadata: { target: number; } | null; }' is not assignable to type 'ChartDataPoint'.
    Types of property 'color' are incompatible.
      Type 'string | null' is not assignable to type 'string | undefined'.
        Type 'null' is not assignable to type 'string | undefined'.
src/components/DataVisualization/DataVisualization.property.test.ts(134,58): error TS2345: Argument of type '{ label: string; value: number; color: string | null; metadata: {} | null; }[]' is not assignable to parameter of type 'ChartDataPoint[]'.
  Type '{ label: string; value: number; color: string | null; metadata: {} | null; }' is not assignable to type 'ChartDataPoint'.
    Types of property 'color' are incompatible.
      Type 'string | null' is not assignable to type 'string | undefined'.
        Type 'null' is not assignable to type 'string | undefined'.
src/components/DataVisualization/DataVisualization.property.test.ts(155,60): error TS2345: Argument of type '{ label: string; value: number; color: string | null; metadata: { target: number | null; performanceLevel: string | null; status: string | null; stage: string | null; conversionRate: number | null; } | null; }[]' is not assignable to parameter of type 'ChartDataPoint[]'.
  Type '{ label: string; value: number; color: string | null; metadata: { target: number | null; performanceLevel: string | null; status: string | null; stage: string | null; conversionRate: number | null; } | null; }' is not assignable to type 'ChartDataPoint'.
    Types of property 'color' are incompatible.
      Type 'string | null' is not assignable to type 'string | undefined'.
        Type 'null' is not assignable to type 'string | undefined'.
src/components/DataVisualization/DataVisualization.property.test.ts(188,60): error TS2345: Argument of type '{ label: string; value: number; color: string | null; metadata: { target: number | null; performanceLevel: string | null; status: string | null; stage: string | null; conversionRate: number | null; } | null; }[]' is not assignable to parameter of type 'ChartDataPoint[]'.
  Type '{ label: string; value: number; color: string | null; metadata: { target: number | null; performanceLevel: string | null; status: string | null; stage: string | null; conversionRate: number | null; } | null; }' is not assignable to type 'ChartDataPoint'.
    Types of property 'color' are incompatible.
      Type 'string | null' is not assignable to type 'string | undefined'.
        Type 'null' is not assignable to type 'string | undefined'.
src/components/DataVisualization/DataVisualization.property.test.ts(256,61): error TS2345: Argument of type '{ label: string; value: number; color: string | null; metadata: { target: number | null; performanceLevel: string | null; status: string | null; stage: string | null; conversionRate: number | null; } | null; }[]' is not assignable to parameter of type 'ChartDataPoint[]'.
  Type '{ label: string; value: number; color: string | null; metadata: { target: number | null; performanceLevel: string | null; status: string | null; stage: string | null; conversionRate: number | null; } | null; }' is not assignable to type 'ChartDataPoint'.
    Types of property 'color' are incompatible.
      Type 'string | null' is not assignable to type 'string | undefined'.
        Type 'null' is not assignable to type 'string | undefined'.
src/components/DataVisualization/DataVisualization.property.test.ts(257,61): error TS2345: Argument of type '{ value: number; label: string; color: string | null; metadata: { target: number | null; performanceLevel: string | null; status: string | null; stage: string | null; conversionRate: number | null; } | null; }[]' is not assignable to parameter of type 'ChartDataPoint[]'.
  Type '{ value: number; label: string; color: string | null; metadata: { target: number | null; performanceLevel: string | null; status: string | null; stage: string | null; conversionRate: number | null; } | null; }' is not assignable to type 'ChartDataPoint'.
    Types of property 'color' are incompatible.
      Type 'string | null' is not assignable to type 'string | undefined'.
        Type 'null' is not assignable to type 'string | undefined'.
src/components/DataVisualization/DataVisualization.property.test.ts(273,60): error TS2345: Argument of type '{ label: string; value: number; color: string | null; metadata: { target: number | null; performanceLevel: string | null; status: string | null; stage: string | null; conversionRate: number | null; } | null; }[]' is not assignable to parameter of type 'ChartDataPoint[]'.
  Type '{ label: string; value: number; color: string | null; metadata: { target: number | null; performanceLevel: string | null; status: string | null; stage: string | null; conversionRate: number | null; } | null; }' is not assignable to type 'ChartDataPoint'.
    Types of property 'color' are incompatible.
      Type 'string | null' is not assignable to type 'string | undefined'.
        Type 'null' is not assignable to type 'string | undefined'.
src/components/DataVisualization/DataVisualization.property.test.ts(300,60): error TS2345: Argument of type '{ label: string; value: number; color: string | null; metadata: { target: number | null; performanceLevel: string | null; status: string | null; stage: string | null; conversionRate: number | null; } | null; }[]' is not assignable to parameter of type 'ChartDataPoint[]'.
  Type '{ label: string; value: number; color: string | null; metadata: { target: number | null; performanceLevel: string | null; status: string | null; stage: string | null; conversionRate: number | null; } | null; }' is not assignable to type 'ChartDataPoint'.
    Types of property 'color' are incompatible.
      Type 'string | null' is not assignable to type 'string | undefined'.
        Type 'null' is not assignable to type 'string | undefined'.
src/components/DataVisualization/DataVisualization.property.test.ts(389,20): error TS7053: Element implicitly has an 'any' type because expression of type 'string' can't be used to index type '{ default: string[]; success: string[]; warning: string[]; danger: string[]; info: string[]; }'.
  No index signature with a parameter of type 'string' was found on type '{ default: string[]; success: string[]; warning: string[]; danger: string[]; info: string[]; }'.
src/components/DataVisualization/DataVisualization.property.test.ts(389,49): error TS7053: Element implicitly has an 'any' type because expression of type 'string' can't be used to index type '{ default: string[]; success: string[]; warning: string[]; danger: string[]; info: string[]; }'.
  No index signature with a parameter of type 'string' was found on type '{ default: string[]; success: string[]; warning: string[]; danger: string[]; info: string[]; }'.
src/components/DataVisualization/DataVisualization.property.test.ts(396,45): error TS7053: Element implicitly has an 'any' type because expression of type 'string' can't be used to index type '{ default: RegExp; success: RegExp; warning: RegExp; danger: RegExp; info: RegExp; }'.
  No index signature with a parameter of type 'string' was found on type '{ default: RegExp; success: RegExp; warning: RegExp; danger: RegExp; info: RegExp; }'.
src/components/DataVisualization/DataVisualization.property.test.ts(408,10): error TS6133: 'dataPoints' is declared but its value is never read.
src/components/DataVisualization/DataVisualization.property.test.ts(410,17): error TS6133: 'expectedStyleProperties' is declared but its value is never read.
src/components/DataVisualization/DataVisualization.property.test.ts(510,59): error TS2345: Argument of type 'string | null' is not assignable to parameter of type 'string | undefined'.
  Type 'null' is not assignable to type 'string | undefined'.
src/components/DataVisualization/DataVisualization.property.test.ts(543,10): error TS6133: 'dataPoints' is declared but its value is never read.
src/components/DataVisualization/DataVisualization.property.test.ts(545,55): error TS6133: 'height' is declared but its value is never read.
src/components/DataVisualization/DataVisualization.property.test.ts(591,68): error TS2345: Argument of type '{ label: string; value: number; color: string | null; metadata: { target: number | null; performanceLevel: string | null; status: string | null; stage: string | null; conversionRate: number | null; } | null; }[]' is not assignable to parameter of type 'ChartDataPoint[]'.
  Type '{ label: string; value: number; color: string | null; metadata: { target: number | null; performanceLevel: string | null; status: string | null; stage: string | null; conversionRate: number | null; } | null; }' is not assignable to type 'ChartDataPoint'.
    Types of property 'color' are incompatible.
      Type 'string | null' is not assignable to type 'string | undefined'.
        Type 'null' is not assignable to type 'string | undefined'.
src/components/DataVisualization/DataVisualizationDemo.tsx(1,27): error TS6133: 'useEffect' is declared but its value is never read.
src/components/DataVisualization/DataVisualizationDemo.tsx(96,57): error TS6133: 'index' is declared but its value is never read.
src/components/DataVisualization/DealPipelineChart.tsx(76,60): error TS6133: 'index' is declared but its value is never read.
src/components/DataVisualization/ResponseTimeTrendChart.tsx(82,60): error TS6133: 'index' is declared but its value is never read.
src/components/DealFlow/DealDetailPanel/DealDetailPanel.property.test.tsx(122,33): error TS6133: 'container' is declared but its value is never read.
src/components/DealFlow/DealDetailPanel/DealDetailPanel.property.test.tsx(158,23): error TS6133: 'tab' is declared but its value is never read.
src/components/DealFlow/DealDetailPanel/DealDetailPanel.property.test.tsx(220,19): error TS6133: 'container' is declared but its value is never read.
src/components/DealFlow/DealDetailPanel/DealDetailPanel.property.test.tsx(247,32): error TS6133: 'expectedSections' is declared but its value is never read.
src/components/DealFlow/DealDetailPanel/DealDetailPanel.property.test.tsx(250,25): error TS6133: 'container' is declared but its value is never read.
src/components/DealFlow/DealDetailPanel/DealDetailPanel.property.test.tsx(300,19): error TS6133: 'container' is declared but its value is never read.
src/components/DealFlow/DealDetailPanel/DealDetailPanel.property.test.tsx(355,25): error TS6133: 'status' is declared but its value is never read.
src/components/DealFlow/DealDetailPanel/DealDetailPanel.property.test.tsx(376,25): error TS6133: 'container' is declared but its value is never read.
src/components/DealFlow/DealDetailPanel/DealDetailPanel.property.test.tsx(401,19): error TS6133: 'container' is declared but its value is never read.
src/components/DealFlow/DealDetailPanel/DealDetailPanel.property.test.tsx(414,19): error TS6133: 'container' is declared but its value is never read.
src/components/DealFlow/DealDetailPanel/DealDetailPanel.property.test.tsx(436,33): error TS6133: 'container' is declared but its value is never read.
src/components/DealFlow/DealDetailPanel/DealDetailPanel.property.test.tsx(474,33): error TS6133: 'container' is declared but its value is never read.
src/components/DealFlow/DealDetailPanel/DealDetailPanel.property.test.tsx(505,25): error TS6133: 'container' is declared but its value is never read.
src/components/DealFlow/DealDetailPanel/DealDetailPanel.property.test.tsx(539,25): error TS6133: 'container' is declared but its value is never read.
src/components/DealFlow/DealDetailPanel/DealDetailPanel.tsx(94,17): error TS2322: Type 'string' is not assignable to type 'RiskLevel'.
src/components/DealFlow/DealDetailPanel/sections.property.test.tsx(3,18): error TS6133: 'screen' is declared but its value is never read.
src/components/DealFlow/DealDetailPanel/sections.property.test.tsx(28,5): error TS2614: Module '"./index"' has no exported member 'StageProgressHeader'. Did you mean to use 'import StageProgressHeader from "./index"' instead?
src/components/DealFlow/DealDetailPanel/sections.property.test.tsx(29,5): error TS2614: Module '"./index"' has no exported member 'BlockerWidget'. Did you mean to use 'import BlockerWidget from "./index"' instead?
src/components/DealFlow/DealDetailPanel/sections.property.test.tsx(30,5): error TS2614: Module '"./index"' has no exported member 'QuickContacts'. Did you mean to use 'import QuickContacts from "./index"' instead?
src/components/DealFlow/DealDetailPanel/sections.property.test.tsx(31,5): error TS2614: Module '"./index"' has no exported member 'ConditionsTracker'. Did you mean to use 'import ConditionsTracker from "./index"' instead?
src/components/DealFlow/DealDetailPanel/sections.property.test.tsx(32,5): error TS2614: Module '"./index"' has no exported member 'CommissionPreview'. Did you mean to use 'import CommissionPreview from "./index"' instead?
src/components/DealFlow/DealDetailPanel/sections.property.test.tsx(33,5): error TS2614: Module '"./index"' has no exported member 'KeyDatesSection'. Did you mean to use 'import KeyDatesSection from "./index"' instead?
src/components/DealFlow/DealDetailPanel/sections.property.test.tsx(34,5): error TS2614: Module '"./index"' has no exported member 'SearchCriteriaSection'. Did you mean to use 'import SearchCriteriaSection from "./index"' instead?
src/components/DealFlow/DealDetailPanel/sections.property.test.tsx(35,5): error TS2614: Module '"./index"' has no exported member 'MarketingStatsSection'. Did you mean to use 'import MarketingStatsSection from "./index"' instead?
src/components/DealFlow/DealDetailPanel/sections.property.test.tsx(36,5): error TS2614: Module '"./index"' has no exported member 'OfferListSection'. Did you mean to use 'import OfferListSection from "./index"' instead?
src/components/DealFlow/DealDetailPanel/sections.property.test.tsx(37,5): error TS2614: Module '"./index"' has no exported member 'PropertiesListSection'. Did you mean to use 'import PropertiesListSection from "./index"' instead?
src/components/DealFlow/DealDetailPanel/sections.property.test.tsx(38,5): error TS2614: Module '"./index"' has no exported member 'ViewingsScheduleSection'. Did you mean to use 'import ViewingsScheduleSection from "./index"' instead?
src/components/DealFlow/DealDetailPanel/sections.property.test.tsx(39,5): error TS2614: Module '"./index"' has no exported member 'OfferDetailsSection'. Did you mean to use 'import OfferDetailsSection from "./index"' instead?
src/components/DealFlow/DealDetailPanel/sections.property.test.tsx(40,5): error TS2614: Module '"./index"' has no exported member 'SettlementCountdownSection'. Did you mean to use 'import SettlementCountdownSection from "./index"' instead?
src/components/DealFlow/DealDetailPanel/sections.property.test.tsx(41,5): error TS2614: Module '"./index"' has no exported member 'PreInspectionSection'. Did you mean to use 'import PreInspectionSection from "./index"' instead?
src/components/DealFlow/DealDetailPanel/sections.property.test.tsx(42,5): error TS2614: Module '"./index"' has no exported member 'FollowUpActionsSection'. Did you mean to use 'import FollowUpActionsSection from "./index"' instead?
src/components/DealFlow/DealDetailPanel/sections.property.test.tsx(44,36): error TS6196: 'Viewing' is declared but never used.
src/components/DealFlow/DealDetailPanel/sections.property.test.tsx(44,45): error TS6196: 'SharedProperty' is declared but never used.
src/components/DealFlow/DealDetailPanel/sections.property.test.tsx(44,84): error TS6196: 'MarketingStats' is declared but never used.
src/components/DealFlow/DealDetailPanel/sections.property.test.tsx(61,5): error TS2353: Object literal may only specify known properties, and 'estimatedCommission' does not exist in type 'Deal'.
src/components/DealFlow/DealDetailPanel/sections.property.test.tsx(239,17): error TS2353: Object literal may only specify known properties, and 'isConjunctional' does not exist in type 'Partial<Deal>'.
src/components/DealFlow/DealDetailPanel/sections.property.test.tsx(498,21): error TS2322: Type '"pending"' is not assignable to type '"submitted" | "under_review" | "countered" | "accepted" | "rejected"'.
src/components/DealFlow/DealDetailPanel/sections/ViewingsScheduleSection.tsx(6,16): error TS6133: 'Viewing' is declared but its value is never read.
src/components/DealFlow/DealQuickActions.property.test.tsx(32,5): error TS2741: Property 'id' is missing in type '{ address: string; }' but required in type '{ id: string; address: string; }'.
src/components/DealFlow/DealQuickActions.property.test.tsx(155,51): error TS2741: Property 'id' is missing in type '{ address: string; }' but required in type '{ id: string; address: string; }'.
src/components/DealFlow/DealQuickActions.property.test.tsx(354,19): error TS6133: 'viewAction' is declared but its value is never read.
src/components/DealFlow/DealQuickActions.property.test.tsx(517,25): error TS6133: 'container' is declared but its value is never read.
src/components/DealFlow/DealQuickActions.tsx(64,52): error TS6133: 'aiLoading' is declared but its value is never read.
src/components/DealFlow/DealQuickActions.tsx(174,76): error TS2339: Property 'sentiment' does not exist on type 'DealIntelligence'.
src/components/DealFlow/GameSystem/gameStore.ts(1,18): error TS6133: 'SetState' is declared but its value is never read.
src/components/DealFlow/GameSystem/gameStore.ts(1,28): error TS6133: 'GetState' is declared but its value is never read.
src/components/DealFlow/GameSystem/gameStore.ts(2,19): error TS6133: 'StoreApiWithPersist' is declared but its value is never read.
src/components/DealFlow/GameSystem/gameStore.ts(292,13): error TS2322: Type '(state: GameState) => { totalXP: number; level: number; levelTitle: string; dailyStreak: number; lastLoginDate: string | null; weeklyListingStreak: number; lastListingWeek: string | null; badges: Badge[]; completedQuestIds: string[]; }' is not assignable to type '(state: { totalXP: number; level: number; levelTitle: string; xpToNextLevel: number; xpProgress: number; dailyStreak: number; lastLoginDate: null; weeklyListingStreak: number; lastListingWeek: null; ... 19 more ...; resetSession: () => void; }) => DeepPartial<...>'.
  Call signature return types '{ totalXP: number; level: number; levelTitle: string; dailyStreak: number; lastLoginDate: string | null; weeklyListingStreak: number; lastListingWeek: string | null; badges: Badge[]; completedQuestIds: string[]; }' and 'DeepPartial<{ totalXP: number; level: number; levelTitle: string; xpToNextLevel: number; xpProgress: number; dailyStreak: number; lastLoginDate: null; weeklyListingStreak: number; lastListingWeek: null; ... 19 more ...; resetSession: () => void; }>' are incompatible.
    The types of 'lastLoginDate' are incompatible between these types.
      Type 'string | null' is not assignable to type 'null | undefined'.
        Type 'string' is not assignable to type 'null | undefined'.
src/components/DealFlow/GameUI/XPPopup.tsx(3,19): error TS6133: 'GAME_COLORS' is declared but its value is never read.
src/components/DealFlow/NewDealModal.property.test.tsx(87,35): error TS6133: 'buttons' is declared but its value is never read.
src/components/DealFlow/NewDealModal.property.test.tsx(160,23): error TS6133: 'hasMethod' is declared but its value is never read.
src/components/DealFlow/NewDealModal.tsx(2,36): error TS6133: 'BuyerStage' is declared but its value is never read.
src/components/DealFlow/NewDealModal.tsx(2,48): error TS6133: 'SellerStage' is declared but its value is never read.
src/components/DealFlow/NewDealModal.tsx(81,13): error TS2304: Cannot find name 'setAddressSuggestions'.
src/components/DealFlow/NewDealModal.tsx(82,13): error TS2304: Cannot find name 'setIsManualEntry'.
src/components/DealFlow/NewDealModal.tsx(83,13): error TS2304: Cannot find name 'setError'.
src/components/DealFlow/NewDealModal.tsx(98,17): error TS2304: Cannot find name 'setProperties'.
src/components/DealFlow/NewDealModal.tsx(99,17): error TS2304: Cannot find name 'setAddressSuggestions'.
src/components/DealFlow/NewDealModal.tsx(105,44): error TS2304: Cannot find name 'fetchWithAuth'.
src/components/DealFlow/NewDealModal.tsx(105,61): error TS2304: Cannot find name 'API_BASE'.
src/components/DealFlow/NewDealModal.tsx(108,21): error TS2304: Cannot find name 'setProperties'.
src/components/DealFlow/NewDealModal.tsx(112,43): error TS2304: Cannot find name 'fetchWithAuth'.
src/components/DealFlow/NewDealModal.tsx(112,60): error TS2304: Cannot find name 'API_BASE'.
src/components/DealFlow/NewDealModal.tsx(115,21): error TS2304: Cannot find name 'setAddressSuggestions'.
src/components/DealFlow/NewDealModal.tsx(130,17): error TS2304: Cannot find name 'setContacts'.
src/components/DealFlow/NewDealModal.tsx(135,40): error TS2304: Cannot find name 'fetchWithAuth'.
src/components/DealFlow/NewDealModal.tsx(135,57): error TS2304: Cannot find name 'API_BASE'.
src/components/DealFlow/NewDealModal.tsx(138,21): error TS2304: Cannot find name 'setContacts'.
src/components/DealFlow/NewDealModal.tsx(149,45): error TS2304: Cannot find name 'Property'.
src/components/DealFlow/NewDealModal.tsx(153,9): error TS2304: Cannot find name 'setShowPropertyDropdown'.
src/components/DealFlow/NewDealModal.tsx(154,9): error TS2304: Cannot find name 'setIsManualEntry'.
src/components/DealFlow/NewDealModal.tsx(158,46): error TS2304: Cannot find name 'AddressSuggestion'.
src/components/DealFlow/NewDealModal.tsx(162,9): error TS2304: Cannot find name 'setShowPropertyDropdown'.
src/components/DealFlow/NewDealModal.tsx(163,9): error TS2304: Cannot find name 'setIsManualEntry'.
src/components/DealFlow/NewDealModal.tsx(170,9): error TS2304: Cannot find name 'setShowPropertyDropdown'.
src/components/DealFlow/NewDealModal.tsx(171,9): error TS2304: Cannot find name 'setIsManualEntry'.
src/components/DealFlow/NewDealModal.tsx(174,43): error TS2304: Cannot find name 'Contact'.
src/components/DealFlow/NewDealModal.tsx(177,9): error TS2304: Cannot find name 'setShowContactDropdown'.
src/components/DealFlow/NewDealModal.tsx(190,9): error TS2304: Cannot find name 'setError'.
src/components/DealFlow/NewDealModal.tsx(194,13): error TS2304: Cannot find name 'setError'.
src/components/DealFlow/NewDealModal.tsx(199,13): error TS2304: Cannot find name 'setError'.
src/components/DealFlow/NewDealModal.tsx(204,13): error TS2304: Cannot find name 'setError'.
src/components/DealFlow/NewDealModal.tsx(209,13): error TS2304: Cannot find name 'setLoading'.
src/components/DealFlow/NewDealModal.tsx(215,36): error TS2304: Cannot find name 'DEFAULT_CONDITIONS'.
src/components/DealFlow/NewDealModal.tsx(215,60): error TS7006: Parameter 'c' implicitly has an 'any' type.
src/components/DealFlow/NewDealModal.tsx(237,48): error TS2304: Cannot find name 'fetchWithAuth'.
src/components/DealFlow/NewDealModal.tsx(237,65): error TS2304: Cannot find name 'API_BASE'.
src/components/DealFlow/NewDealModal.tsx(270,36): error TS2304: Cannot find name 'fetchWithAuth'.
src/components/DealFlow/NewDealModal.tsx(270,53): error TS2304: Cannot find name 'API_BASE'.
src/components/DealFlow/NewDealModal.tsx(284,13): error TS2304: Cannot find name 'setError'.
src/components/DealFlow/NewDealModal.tsx(286,13): error TS2304: Cannot find name 'setLoading'.
src/components/DealFlow/NewDealModal.tsx(292,47): error TS2304: Cannot find name 'BUYER_STAGES'.
src/components/DealFlow/NewDealModal.tsx(292,62): error TS2304: Cannot find name 'SELLER_STAGES'.
src/components/DealFlow/NewDealModal.tsx(339,30): error TS2304: Cannot find name 'SALE_METHODS'.
src/components/DealFlow/NewDealModal.tsx(339,47): error TS7006: Parameter 'method' implicitly has an 'any' type.
src/components/DealFlow/NewDealModal.tsx(372,37): error TS2304: Cannot find name 'setIsManualEntry'.
src/components/DealFlow/NewDealModal.tsx(373,37): error TS2304: Cannot find name 'setShowPropertyDropdown'.
src/components/DealFlow/NewDealModal.tsx(375,48): error TS2304: Cannot find name 'setShowPropertyDropdown'.
src/components/DealFlow/NewDealModal.tsx(377,30): error TS2304: Cannot find name 'showPropertyDropdown'.
src/components/DealFlow/NewDealModal.tsx(377,55): error TS2304: Cannot find name 'properties'.
src/components/DealFlow/NewDealModal.tsx(377,80): error TS2304: Cannot find name 'addressSuggestions'.
src/components/DealFlow/NewDealModal.tsx(380,38): error TS2304: Cannot find name 'properties'.
src/components/DealFlow/NewDealModal.tsx(383,46): error TS2304: Cannot find name 'properties'.
src/components/DealFlow/NewDealModal.tsx(383,61): error TS7006: Parameter 'property' implicitly has an 'any' type.
src/components/DealFlow/NewDealModal.tsx(398,38): error TS2304: Cannot find name 'addressSuggestions'.
src/components/DealFlow/NewDealModal.tsx(401,46): error TS2304: Cannot find name 'addressSuggestions'.
src/components/DealFlow/NewDealModal.tsx(401,69): error TS7006: Parameter 'suggestion' implicitly has an 'any' type.
src/components/DealFlow/NewDealModal.tsx(432,26): error TS2304: Cannot find name 'isManualEntry'.
src/components/DealFlow/NewDealModal.tsx(451,37): error TS2304: Cannot find name 'setShowContactDropdown'.
src/components/DealFlow/NewDealModal.tsx(453,48): error TS2304: Cannot find name 'setShowContactDropdown'.
src/components/DealFlow/NewDealModal.tsx(455,30): error TS2304: Cannot find name 'showContactDropdown'.
src/components/DealFlow/NewDealModal.tsx(455,53): error TS2304: Cannot find name 'contacts'.
src/components/DealFlow/NewDealModal.tsx(457,38): error TS2304: Cannot find name 'contacts'.
src/components/DealFlow/NewDealModal.tsx(457,51): error TS7006: Parameter 'contact' implicitly has an 'any' type.
src/components/DealFlow/NewDealModal.tsx(506,41): error TS7006: Parameter 's' implicitly has an 'any' type.
src/components/DealFlow/NewDealModal.tsx(546,34): error TS2304: Cannot find name 'DEFAULT_CONDITIONS'.
src/components/DealFlow/NewDealModal.tsx(546,57): error TS7006: Parameter 'condition' implicitly has an 'any' type.
src/components/DealFlow/NewDealModal.tsx(564,22): error TS2304: Cannot find name 'error'.
src/components/DealFlow/NewDealModal.tsx(565,65): error TS2304: Cannot find name 'error'.
src/components/DealFlow/NewDealModal.tsx(574,39): error TS2304: Cannot find name 'loading'.
src/components/DealFlow/NewDealModal.tsx(581,39): error TS2304: Cannot find name 'loading'.
src/components/DealFlow/NewDealModal.tsx(583,30): error TS2304: Cannot find name 'loading'.
src/components/DealFlow/TerritoryMap/TerritoryMap.tsx(58,59): error TS6133: 'map' is declared but its value is never read.
src/components/DealFlow/types.ts(314,35): error TS6133: 'primaryRisk' is declared but its value is never read.
src/components/DealFlow/utils/ActivityLogger.ts(5,10): error TS2305: Module '"../types"' has no exported member 'DealContact'.
src/components/DealFlow/ZenaIntelligence/PortfolioInsightsCard.tsx(2,10): error TS6133: 'LucideIcon' is declared but its value is never read.
src/components/DealFlow/ZenaIntelligence/PortfolioInsightsCard.tsx(2,22): error TS6133: 'BarChart3' is declared but its value is never read.
src/components/DealFlow/ZenaIntelligence/ZenaIntelligence.property.test.ts(7,5): error TS6133: 'DealIntelligence' is declared but its value is never read.
src/components/DealFlow/ZenaIntelligence/ZenaIntelligence.property.test.ts(228,19): error TS6133: 'hasFinanceRisk' is declared but its value is never read.
src/components/DealFlow/ZenaIntelligence/ZenaIntelligence.scenarios.test.ts(4,47): error TS2307: Cannot find module '../../types' or its corresponding type declarations.
src/components/DealFlow/ZenaIntelligence/ZenaIntelligenceEngine.ts(1,16): error TS6133: 'DealStage' is declared but its value is never read.
src/components/DealFlow/ZenaIntelligence/ZenaIntelligenceEngine.ts(1,27): error TS6133: 'RiskLevel' is declared but its value is never read.
src/components/DealFlow/ZenaIntelligence/ZenaIntelligenceEngine.ts(444,13): error TS2353: Object literal may only specify known properties, and 'params' does not exist in type 'Omit<ApiRequestOptions, "method">'.
src/components/DealFlow/ZenaIntelligence/ZenaIntelligenceEngine.ts(499,9): error TS2353: Object literal may only specify known properties, and 'params' does not exist in type 'Omit<ApiRequestOptions, "method">'.
src/components/DealFlow/ZenaMomentumFlow.property.test.tsx(3,26): error TS6133: 'fireEvent' is declared but its value is never read.
src/components/DealFlow/ZenaMomentumFlow.property.test.tsx(3,37): error TS6133: 'waitFor' is declared but its value is never read.
src/components/DealFlow/ZenaMomentumFlow.property.test.tsx(4,1): error TS6133: 'MemoryRouter' is declared but its value is never read.
src/components/DealFlow/ZenaMomentumFlow.property.test.tsx(211,17): error TS2741: Property 'id' is missing in type '{ address: string; }' but required in type '{ id: string; address: string; }'.
src/components/DealFlow/ZenaMomentumFlow.tsx(11,54): error TS6133: 'STAGE_LABELS' is declared but its value is never read.
src/components/DealFlow/ZenaMomentumFlow.tsx(12,60): error TS6133: 'NZ_MARKET_DATA' is declared but its value is never read.
src/components/DealFlow/ZenaMomentumFlow.tsx(105,29): error TS2322: Type 'string' is not assignable to type 'RiskLevel | undefined'.
src/components/DealFlow/ZenaMomentumFlow.tsx(155,50): error TS2345: Argument of type '{ property: { address: string; id?: string | undefined; }; id: string; userId: string; pipelineType: PipelineType; saleMethod: SaleMethod; customSaleMethod?: string; ... 24 more ...; updatedAt: string; }' is not assignable to parameter of type 'Deal'.
  The types of 'property.id' are incompatible between these types.
    Type 'string | undefined' is not assignable to type 'string'.
      Type 'undefined' is not assignable to type 'string'.
src/components/DealFlow/ZenaMomentumFlow.tsx(202,11): error TS6133: 'stats' is declared but its value is never read.
src/components/DealFlow/ZenaMomentumFlow.tsx(232,29): error TS2345: Argument of type '{ property: { address: string; id?: string | undefined; }; id: string; userId: string; pipelineType: PipelineType; saleMethod: SaleMethod; customSaleMethod?: string; ... 24 more ...; updatedAt: string; }' is not assignable to parameter of type 'Deal'.
  The types of 'property.id' are incompatible between these types.
    Type 'string | undefined' is not assignable to type 'string'.
      Type 'undefined' is not assignable to type 'string'.
src/components/DealFlow/ZenaMomentumFlow.tsx(344,33): error TS2322: Type '{ property: { address: string; id?: string | undefined; }; id: string; userId: string; pipelineType: PipelineType; saleMethod: SaleMethod; customSaleMethod?: string; ... 24 more ...; updatedAt: string; }' is not assignable to type 'Deal'.
  The types of 'property.id' are incompatible between these types.
    Type 'string | undefined' is not assignable to type 'string'.
      Type 'undefined' is not assignable to type 'string'.
src/components/DealFlow/ZenaMomentumFlow.tsx(346,63): error TS2345: Argument of type '{ property: { address: string; id?: string | undefined; }; id: string; userId: string; pipelineType: PipelineType; saleMethod: SaleMethod; customSaleMethod?: string; ... 24 more ...; updatedAt: string; }' is not assignable to parameter of type 'Deal'.
  The types of 'property.id' are incompatible between these types.
    Type 'string | undefined' is not assignable to type 'string'.
      Type 'undefined' is not assignable to type 'string'.
src/components/DealFlow/ZenaMomentumFlow.tsx(372,31): error TS6133: 'priorityCount' is declared but its value is never read.
src/components/DissolveParticleSystem/DissolveParticleSystem.property.test.ts(21,7): error TS6133: 'INITIAL_PARTICLE_COUNT' is declared but its value is never read.
src/components/DissolveParticleSystem/DissolveParticleSystem.property.test.ts(31,22): error TS6133: 'phase' is declared but its value is never read.
src/components/DissolveParticleSystem/DissolveParticleSystem.tsx(118,11): error TS6133: 'lastAudioPeakRef' is declared but its value is never read.
src/components/DissolveParticleSystem/DissolveParticleSystem.tsx(120,11): error TS6133: 'lastFlareRef' is declared but its value is never read.
src/components/DissolveParticleSystem/DissolveParticleSystem.tsx(128,12): error TS6133: 'showGlitchFlash' is declared but its value is never read.
src/components/DissolveParticleSystem/DissolveParticleSystem.tsx(128,29): error TS6133: 'setShowGlitchFlash' is declared but its value is never read.
src/components/DissolveParticleSystem/DissolveParticleSystem.tsx(129,12): error TS6133: 'showShockwave' is declared but its value is never read.
src/components/DissolveParticleSystem/DissolveParticleSystem.tsx(129,27): error TS6133: 'setShowShockwave' is declared but its value is never read.
src/components/DissolveParticleSystem/DissolveParticleSystem.tsx(132,27): error TS6133: 'setShowCoreFlare' is declared but its value is never read.
src/components/DissolveParticleSystem/DissolveParticleSystem.tsx(133,26): error TS6133: 'setScannerRings' is declared but its value is never read.
src/components/DissolveParticleSystem/DissolveParticleSystem.tsx(134,11): error TS6133: 'scannerRingIdRef' is declared but its value is never read.
src/components/EnhancedHomeDashboard/EnhancedHomeDashboard.e2e.test.tsx(42,1): error TS2739: Type 'MockInstance<Procedure> & { (...args: any[]): any; new (...args: any[]): any; } & {}' is missing the following properties from type '{ new (url: string | URL, protocols?: string | string[] | undefined): WebSocket; prototype: WebSocket; readonly CONNECTING: 0; readonly OPEN: 1; readonly CLOSING: 2; readonly CLOSED: 3; }': CONNECTING, OPEN, CLOSING, CLOSED
src/components/EnhancedHomeDashboard/EnhancedHomeDashboard.e2e.test.tsx(121,60): error TS7006: Parameter 'callback' implicitly has an 'any' type.
src/components/EnhancedHomeDashboard/EnhancedHomeDashboard.e2e.test.tsx(126,66): error TS7006: Parameter 'callback' implicitly has an 'any' type.
src/components/EnhancedHomeDashboard/EnhancedHomeDashboard.e2e.test.tsx(131,55): error TS7006: Parameter 'callback' implicitly has an 'any' type.
src/components/EnhancedHomeDashboard/EnhancedHomeDashboard.e2e.test.tsx(221,66): error TS7006: Parameter 'callback' implicitly has an 'any' type.
src/components/EnhancedHomeDashboard/EnhancedHomeDashboard.e2e.test.tsx(279,11): error TS6133: 'dataUpdateCallback' is declared but its value is never read.
src/components/EnhancedHomeDashboard/EnhancedHomeDashboard.e2e.test.tsx(281,60): error TS7006: Parameter 'callback' implicitly has an 'any' type.
src/components/EnhancedHomeDashboard/EnhancedHomeDashboard.e2e.test.tsx(343,60): error TS7006: Parameter 'callback' implicitly has an 'any' type.
src/components/EnhancedHomeDashboard/EnhancedHomeDashboard.e2e.test.tsx(391,60): error TS7006: Parameter 'callback' implicitly has an 'any' type.
src/components/EnhancedHomeDashboard/EnhancedHomeDashboard.e2e.test.tsx(425,55): error TS7006: Parameter 'callback' implicitly has an 'any' type.
src/components/EnhancedHomeDashboard/EnhancedHomeDashboard.e2e.test.tsx(430,66): error TS7006: Parameter 'callback' implicitly has an 'any' type.
src/components/EnhancedHomeDashboard/EnhancedHomeDashboard.gesture.property.test.ts(5,38): error TS6133: 'waitFor' is declared but its value is never read.
src/components/EnhancedHomeDashboard/EnhancedHomeDashboard.gesture.property.test.ts(155,50): error TS2769: No overload matches this call.
  The last overload gave the following error.
    Argument of type '{}' is not assignable to parameter of type 'Attributes & ThemeProviderProps'.
      Property 'children' is missing in type '{}' but required in type 'ThemeProviderProps'.
src/components/EnhancedHomeDashboard/EnhancedHomeDashboard.gesture.property.test.ts(193,36): error TS2345: Argument of type 'Element | null' is not assignable to parameter of type 'Window | Document | Node | Element'.
  Type 'null' is not assignable to type 'Window | Document | Node | Element'.
src/components/EnhancedHomeDashboard/EnhancedHomeDashboard.gesture.property.test.ts(197,35): error TS2345: Argument of type 'Element | null' is not assignable to parameter of type 'Window | Document | Node | Element'.
  Type 'null' is not assignable to type 'Window | Document | Node | Element'.
src/components/EnhancedHomeDashboard/EnhancedHomeDashboard.gesture.property.test.ts(201,34): error TS2345: Argument of type 'Element | null' is not assignable to parameter of type 'Window | Document | Node | Element'.
  Type 'null' is not assignable to type 'Window | Document | Node | Element'.
src/components/EnhancedHomeDashboard/EnhancedHomeDashboard.gesture.property.test.ts(234,36): error TS2345: Argument of type 'Element | null' is not assignable to parameter of type 'Window | Document | Node | Element'.
  Type 'null' is not assignable to type 'Window | Document | Node | Element'.
src/components/EnhancedHomeDashboard/EnhancedHomeDashboard.gesture.property.test.ts(238,35): error TS2345: Argument of type 'Element | null' is not assignable to parameter of type 'Window | Document | Node | Element'.
  Type 'null' is not assignable to type 'Window | Document | Node | Element'.
src/components/EnhancedHomeDashboard/EnhancedHomeDashboard.gesture.property.test.ts(242,34): error TS2345: Argument of type 'Element | null' is not assignable to parameter of type 'Window | Document | Node | Element'.
  Type 'null' is not assignable to type 'Window | Document | Node | Element'.
src/components/EnhancedHomeDashboard/EnhancedHomeDashboard.gesture.property.test.ts(361,32): error TS2345: Argument of type 'Element | null' is not assignable to parameter of type 'Window | Document | Node | Element'.
  Type 'null' is not assignable to type 'Window | Document | Node | Element'.
src/components/EnhancedHomeDashboard/EnhancedHomeDashboard.gesture.property.test.ts(366,33): error TS2345: Argument of type 'Element | null' is not assignable to parameter of type 'Window | Document | Node | Element'.
  Type 'null' is not assignable to type 'Window | Document | Node | Element'.
src/components/EnhancedHomeDashboard/EnhancedHomeDashboard.gesture.property.test.ts(371,30): error TS2345: Argument of type 'Element | null' is not assignable to parameter of type 'Window | Document | Node | Element'.
  Type 'null' is not assignable to type 'Window | Document | Node | Element'.
src/components/EnhancedHomeDashboard/EnhancedHomeDashboard.gesture.property.test.ts(416,50): error TS2769: No overload matches this call.
  The last overload gave the following error.
    Argument of type '{}' is not assignable to parameter of type 'Attributes & ThemeProviderProps'.
      Property 'children' is missing in type '{}' but required in type 'ThemeProviderProps'.
src/components/EnhancedHomeDashboard/EnhancedHomeDashboard.gesture.property.test.ts(440,33): error TS2339: Property 'focus' does not exist on type 'Element'.
src/components/EnhancedHomeDashboard/EnhancedHomeDashboard.gesture.property.test.ts(453,34): error TS2345: Argument of type 'Element | null' is not assignable to parameter of type 'Window | Document | Node | Element'.
  Type 'null' is not assignable to type 'Window | Document | Node | Element'.
src/components/EnhancedHomeDashboard/EnhancedHomeDashboard.gesture.property.test.ts(460,33): error TS2345: Argument of type 'Element | null' is not assignable to parameter of type 'Window | Document | Node | Element'.
  Type 'null' is not assignable to type 'Window | Document | Node | Element'.
src/components/EnhancedHomeDashboard/EnhancedHomeDashboard.gesture.property.test.ts(467,32): error TS2345: Argument of type 'Element | null' is not assignable to parameter of type 'Window | Document | Node | Element'.
  Type 'null' is not assignable to type 'Window | Document | Node | Element'.
src/components/EnhancedHomeDashboard/EnhancedHomeDashboard.gesture.property.test.ts(479,28): error TS2345: Argument of type 'Element | null' is not assignable to parameter of type 'Window | Document | Node | Element'.
  Type 'null' is not assignable to type 'Window | Document | Node | Element'.
src/components/EnhancedHomeDashboard/EnhancedHomeDashboard.integration.test.tsx(42,1): error TS2739: Type 'MockInstance<Procedure> & { (...args: any[]): any; new (...args: any[]): any; } & {}' is missing the following properties from type '{ new (url: string | URL, protocols?: string | string[] | undefined): WebSocket; prototype: WebSocket; readonly CONNECTING: 0; readonly OPEN: 1; readonly CLOSING: 2; readonly CLOSED: 3; }': CONNECTING, OPEN, CLOSING, CLOSED
src/components/EnhancedHomeDashboard/EnhancedHomeDashboard.integration.test.tsx(73,9): error TS6133: 'mockThemeContext' is declared but its value is never read.
src/components/EnhancedHomeDashboard/EnhancedHomeDashboard.integration.test.tsx(165,60): error TS7006: Parameter 'callback' implicitly has an 'any' type.
src/components/EnhancedHomeDashboard/EnhancedHomeDashboard.integration.test.tsx(204,66): error TS7006: Parameter 'callback' implicitly has an 'any' type.
src/components/EnhancedHomeDashboard/EnhancedHomeDashboard.integration.test.tsx(240,55): error TS7006: Parameter 'callback' implicitly has an 'any' type.
src/components/EnhancedHomeDashboard/EnhancedHomeDashboard.integration.test.tsx(273,13): error TS6133: 'FailingWidget' is declared but its value is never read.
src/components/EnhancedHomeDashboard/EnhancedHomeDashboard.integration.test.tsx(291,55): error TS7006: Parameter 'callback' implicitly has an 'any' type.
src/components/EnhancedHomeDashboard/EnhancedHomeDashboard.integration.test.tsx(537,60): error TS7006: Parameter 'callback' implicitly has an 'any' type.
src/components/EnhancedHomeDashboard/EnhancedHomeDashboard.integration.test.tsx(567,60): error TS7006: Parameter 'callback' implicitly has an 'any' type.
src/components/EnhancedHomeDashboard/EnhancedHomeDashboard.interaction.property.test.tsx(478,72): error TS2339: Property 'mockReturnValue' does not exist on type 'MockedObject<Promise<MockedObjectDeep<ESModuleExports>>>'.
src/components/EnhancedHomeDashboard/EnhancedHomeDashboard.load.property.test.tsx(5,18): error TS6133: 'screen' is declared but its value is never read.
src/components/EnhancedHomeDashboard/EnhancedHomeDashboard.load.simple.test.tsx(5,18): error TS6133: 'screen' is declared but its value is never read.
src/components/EnhancedHomeDashboard/EnhancedHomeDashboard.loading.property.test.tsx(5,18): error TS6133: 'screen' is declared but its value is never read.
src/components/EnhancedHomeDashboard/EnhancedHomeDashboard.loading.property.test.tsx(242,21): error TS6133: 'computedStyle' is declared but its value is never read.
src/components/EnhancedHomeDashboard/EnhancedHomeDashboard.loading.property.test.tsx(302,23): error TS2339: Property 'focus' does not exist on type 'Element'.
src/components/EnhancedHomeDashboard/EnhancedHomeDashboard.mobile.property.test.ts(175,50): error TS2769: No overload matches this call.
  The last overload gave the following error.
    Argument of type '{}' is not assignable to parameter of type 'Attributes & ThemeProviderProps'.
      Property 'children' is missing in type '{}' but required in type 'ThemeProviderProps'.
src/components/EnhancedHomeDashboard/EnhancedHomeDashboard.mobile.property.test.ts(190,59): error TS2345: Argument of type 'Element | null' is not assignable to parameter of type 'Element'.
  Type 'null' is not assignable to type 'Element'.
src/components/EnhancedHomeDashboard/EnhancedHomeDashboard.mobile.property.test.ts(254,54): error TS2345: Argument of type 'Element | null' is not assignable to parameter of type 'Element'.
  Type 'null' is not assignable to type 'Element'.
src/components/EnhancedHomeDashboard/EnhancedHomeDashboard.mobile.property.test.ts(255,17): error TS6133: 'gridTemplateColumns' is declared but its value is never read.
src/components/EnhancedHomeDashboard/EnhancedHomeDashboard.performance.test.tsx(6,1): error TS6133: 'useLoadingStates' is declared but its value is never read.
src/components/EnhancedHomeDashboard/EnhancedHomeDashboard.performance.test.tsx(7,1): error TS6133: 'useInteractionOptimizer' is declared but its value is never read.
src/components/EnhancedHomeDashboard/EnhancedHomeDashboard.property.test.ts(68,50): error TS2769: No overload matches this call.
  The last overload gave the following error.
    Argument of type '{}' is not assignable to parameter of type 'Attributes & ThemeProviderProps'.
      Property 'children' is missing in type '{}' but required in type 'ThemeProviderProps'.
src/components/EnhancedHomeDashboard/EnhancedHomeDashboard.property.test.ts(178,50): error TS2769: No overload matches this call.
  The last overload gave the following error.
    Argument of type '{}' is not assignable to parameter of type 'Attributes & ThemeProviderProps'.
      Property 'children' is missing in type '{}' but required in type 'ThemeProviderProps'.
src/components/EnhancedHomeDashboard/EnhancedHomeDashboard.property.test.ts(241,18): error TS2304: Cannot find name 'weatherText'.
src/components/EnhancedHomeDashboard/EnhancedHomeDashboard.property.test.ts(276,50): error TS2769: No overload matches this call.
  The last overload gave the following error.
    Argument of type '{}' is not assignable to parameter of type 'Attributes & ThemeProviderProps'.
      Property 'children' is missing in type '{}' but required in type 'ThemeProviderProps'.
src/components/EnhancedHomeDashboard/EnhancedHomeDashboard.property.test.ts(414,50): error TS2769: No overload matches this call.
  The last overload gave the following error.
    Argument of type '{}' is not assignable to parameter of type 'Attributes & ThemeProviderProps'.
      Property 'children' is missing in type '{}' but required in type 'ThemeProviderProps'.
src/components/EnhancedHomeDashboard/EnhancedHomeDashboard.property.test.ts(420,21): error TS2769: No overload matches this call.
  The last overload gave the following error.
    Type 'string' is not assignable to type '"low" | "medium" | "high" | undefined'.
src/components/EnhancedHomeDashboard/EnhancedHomeDashboard.property.test.ts(433,17): error TS6133: 'urgencyIndicator' is declared but its value is never read.
src/components/EnhancedHomeDashboard/EnhancedHomeDashboard.property.test.ts(474,19): error TS6133: 'hasUrgencyClass' is declared but its value is never read.
src/components/EnhancedHomeDashboard/EnhancedHomeDashboard.test.tsx(9,1): error TS6133: 'React' is declared but its value is never read.
src/components/EnhancedHomeDashboard/EnhancedHomeDashboardOptimized.tsx(108,5): error TS6133: 'loadWidget' is declared but its value is never read.
src/components/EnhancedHomeDashboard/EnhancedHomeDashboardOptimized.tsx(124,5): error TS6133: 'calculateWidgetPriority' is declared but its value is never read.
src/components/EnhancedHomeDashboard/EnhancedHomeDashboardOptimized.tsx(125,5): error TS6133: 'getCurrentTimePreferences' is declared but its value is never read.
src/components/EnhancedHomeDashboard/EnhancedHomeDashboardOptimized.tsx(205,28): error TS6133: 'setRecentActivities' is declared but its value is never read.
src/components/EnhancedHomeDashboard/EnhancedHomeDashboardOptimized.tsx(238,49): error TS6133: 'lastRefresh' is declared but its value is never read.
src/components/EnhancedHomeDashboard/EnhancedHomeDashboardOptimized.tsx(279,24): error TS6133: 'setWidgetLayout' is declared but its value is never read.
src/components/EnhancedHomeDashboard/EnhancedHomeDashboardOptimized.tsx(329,49): error TS6133: 'notificationId' is declared but its value is never read.
src/components/EnhancedHomeDashboard/EnhancedHomeDashboardOptimized.tsx(462,11): error TS6133: 'isVisible' is declared but its value is never read.
src/components/EnhancedHomeDashboard/EnhancedHomeDashboardOptimized.tsx(525,16): error TS2739: Type '{}' is missing the following properties from type 'ContextualInsightsProps': metrics, trends, timeframe, onDrillDown
src/components/EnhancedHomeDashboard/EnhancedHomeDashboardOptimized.tsx(598,9): error TS2322: Type 'EffectiveTheme' is not assignable to type '"day" | "night"'.
  Type '"high-tech"' is not assignable to type '"day" | "night"'.
src/components/EnhancedHomeDashboard/EnhancedHomeDashboardOptimized.tsx(635,48): error TS2339: Property 'notifications' does not exist on type '{ focusThreadsCount: number; waitingThreadsCount: number; atRiskDealsCount: number; upcomingAppointments: AppointmentSummary[]; urgencyLevel: "low" | "medium" | "high"; }'.
src/components/EnhancedHomeDashboard/EnhancedHomeDashboardOptimized.tsx(642,19): error TS7006: Parameter 'widget' implicitly has an 'any' type.
src/components/EnhancedHomeDashboard/EnhancedHomeDashboardOptimized.tsx(643,18): error TS7006: Parameter 'a' implicitly has an 'any' type.
src/components/EnhancedHomeDashboard/EnhancedHomeDashboardOptimized.tsx(643,21): error TS7006: Parameter 'b' implicitly has an 'any' type.
src/components/EnhancedHomeDashboard/EnhancedHomeDashboardOptimized.tsx(644,16): error TS7006: Parameter 'widget' implicitly has an 'any' type.
src/components/ErrorBoundary/ErrorBoundary.tsx(1,8): error TS6133: 'React' is declared but its value is never read.
src/components/ExtensionOnboardingModal/ExtensionOnboardingModal.tsx(3,23): error TS6133: 'Settings' is declared but its value is never read.
src/components/ExtensionOnboardingModal/ExtensionOnboardingModal.tsx(3,33): error TS6133: 'Laptop' is declared but its value is never read.
src/components/FilterChips/index.ts(7,16): error TS2304: Cannot find name 'FilterChips'.
src/components/FluidParticleOverlay/FluidParticleOverlay.property.test.ts(69,31): error TS6133: 'magnitude' is declared but its value is never read.
src/components/FolderSidebar/FolderSidebar.property.test.tsx(13,1): error TS6133: 'fc' is declared but its value is never read.
src/components/Foundation/ComponentPatterns.property.test.ts(106,13): error TS6196: 'StandardComponentProps' is declared but never used.
src/components/Foundation/ComponentPatterns.property.test.ts(112,13): error TS6196: 'VariantProps' is declared but never used.
src/components/Foundation/ComponentPatterns.property.test.ts(117,13): error TS6196: 'InteractiveProps' is declared but never used.
src/components/Foundation/ComponentPatterns.property.test.ts(123,9): error TS6133: 'propPatternArb' is declared but its value is never read.
src/components/Foundation/ComponentPatterns.property.test.ts(151,34): error TS2339: Property 'hasChildren' does not exist on type '{ hasClassName: boolean; hasChildren: boolean; hasVariant: boolean; hasSize: boolean; hasOnClick: boolean; hasDisabled: boolean; hasAriaLabel: boolean; } | { hasClassName: boolean; hasChildren: boolean; hasVariant: boolean; hasPadding: boolean; hasOnClick: boolean; hasAriaLabel: boolean; } | { ...; } | { ...; }'.
  Property 'hasChildren' does not exist on type '{ hasClassName: boolean; hasVariant: boolean; hasSize: boolean; hasError: boolean; hasLabel: boolean; }'.
src/components/Foundation/ComponentPatterns.property.test.ts(267,39): error TS6133: 'category' is declared but its value is never read.
src/components/Foundation/ComponentPatterns.property.test.ts(269,48): error TS6133: 'index' is declared but its value is never read.
src/components/Foundation/Typography/Typography.tsx(50,6): error TS2741: Property 'object' is missing in type '{ children: ReactNode; className: string; }' but required in type '{ object: object; }'.
src/components/GodmodeHistoryModal/GodmodeActionDetail.tsx(2,10): error TS6133: 'X' is declared but its value is never read.
src/components/GodmodeHistoryModal/GodmodeActionDetail.tsx(2,49): error TS6133: 'Calendar' is declared but its value is never read.
src/components/GodmodeHistoryModal/GodmodeHistoryModal.tsx(11,10): error TS2459: Module '"./GodmodeActionDetail"' declares 'ActionDetailProps' locally, but it is not exported.
src/components/GodmodeHistoryModal/GodmodeHistoryModal.tsx(11,10): error TS6133: 'ActionDetailProps' is declared but its value is never read.
src/components/GodmodeToggle/GodmodeToggle.tsx(12,50): error TS6133: 'Calendar' is declared but its value is never read.
src/components/GodmodeToggle/GodmodeToggle.tsx(81,12): error TS6133: 'pendingMode' is declared but its value is never read.
src/components/GodmodeToggle/index.ts(2,16): error TS2304: Cannot find name 'GodmodeToggle'.
src/components/HighTechDashboard/HighTechDashboard.tsx(284,39): error TS2345: Argument of type 'Date' is not assignable to parameter of type 'string'.
src/components/HighTechDashboard/MorningBriefModal.tsx(10,5): error TS6133: 'ArrowRight' is declared but its value is never read.
src/components/HighTechDashboard/MorningBriefModal.tsx(38,5): error TS6133: 'onStartLive' is declared but its value is never read.
src/components/HighTechDashboard/MorningBriefModal.tsx(40,12): error TS6133: 'isVisible' is declared but its value is never read.
src/components/IntelScoreTooltip/IntelScoreTooltip.tsx(10,5): error TS6133: 'getImprovementActions' is declared but its value is never read.
src/components/IntelScoreTooltip/IntelScoreTooltip.tsx(12,5): error TS6133: 'getBestImprovementAction' is declared but its value is never read.
src/components/LazyComponent/LazyComponent.tsx(68,9): error TS6133: 'error' is declared but its value is never read.
src/components/LazyComponent/LazyComponent.tsx(174,14): error TS2322: Type 'T' is not assignable to type 'IntrinsicAttributes & ((PropsWithoutRef<T> & RefAttributes<Component<T, any, any>>) | PropsWithRef<T>)'.
  Type 'object' is not assignable to type 'IntrinsicAttributes & ((PropsWithoutRef<T> & RefAttributes<Component<T, any, any>>) | PropsWithRef<T>)'.
    Type 'T' is not assignable to type 'IntrinsicAttributes & PropsWithRef<T>'.
      Type 'object' is not assignable to type 'IntrinsicAttributes & PropsWithRef<T>'.
        Type 'object' is not assignable to type 'PropsWithRef<T>'.
          Type 'T' is not assignable to type 'PropsWithRef<T>'.
            Type 'object' is not assignable to type 'PropsWithRef<T>'.
src/components/LoadingStates/LoadingStates.property.test.tsx(4,1): error TS6133: 'React' is declared but its value is never read.
src/components/LoadingStates/LoadingStates.property.test.tsx(6,18): error TS6133: 'screen' is declared but its value is never read.
src/components/LoadingStates/LoadingStates.property.test.tsx(43,15): error TS2322: Type 'string' is not assignable to type '"sm" | "md" | "lg" | "xl" | undefined'.
src/components/LoadingStates/LoadingStates.property.test.tsx(44,15): error TS2322: Type 'string' is not assignable to type '"neutral" | "primary" | "secondary" | undefined'.
src/components/LoadingStates/LoadingStates.property.test.tsx(68,29): error TS2322: Type 'string' is not assignable to type '"sm" | "md" | "lg" | "xl" | undefined'.
src/components/LoadingStates/LoadingStates.property.test.tsx(68,41): error TS2322: Type 'string' is not assignable to type '"neutral" | "primary" | "secondary" | undefined'.
src/components/LoadingStates/LoadingStates.property.test.tsx(156,29): error TS2322: Type 'string' is not assignable to type '"text" | "circular" | "rectangular" | "rounded" | undefined'.
src/components/LoadingStates/LoadingStates.property.test.tsx(223,15): error TS2322: Type 'string' is not assignable to type '"progress" | "spinner" | "skeleton" | "widget-skeleton" | undefined'.
src/components/LoadingStates/LoadingStates.property.test.tsx(358,15): error TS2322: Type 'string' is not assignable to type '"error" | "info" | "warning" | undefined'.
src/components/LoadingStates/LoadingStates.property.test.tsx(401,56): error TS2322: Type 'string' is not assignable to type '"sm" | "md" | "lg" | "xl" | undefined'.
src/components/LoadingStates/LoadingStates.property.test.tsx(402,54): error TS2322: Type 'string' is not assignable to type '"sm" | "md" | "lg" | undefined'.
src/components/LogIntelTooltip/LogIntelTooltip.tsx(12,12): error TS6133: 'position' is declared but its value is never read.
src/components/LogIntelTooltip/LogIntelTooltip.tsx(36,12): error TS6133: 'tooltipStyle' is declared but its value is never read.
src/components/Navigation/Navigation.property.test.tsx(78,17): error TS6133: 'computedStyle' is declared but its value is never read.
src/components/NewContactModal/NewContactModal.tsx(8,5): error TS6133: 'Briefcase' is declared but its value is never read.
src/components/NewContactModal/NewContactModal.tsx(151,25): error TS7006: Parameter 'prev' implicitly has an 'any' type.
src/components/NewContactModal/NewContactModal.tsx(155,25): error TS7006: Parameter 'prev' implicitly has an 'any' type.
src/components/NewPageError/NewPageError.property.test.tsx(13,24): error TS6133: 'expect' is declared but its value is never read.
src/components/NewPageHeader/NewPageHeader.property.test.tsx(54,16): error TS2741: Property 'onFilterChange' is missing in type '{ threadCount: number; urgentCount: number; isCompact: false; syncStatus: SyncStatus; onRefresh: Mock<Procedure>; onSearch: Mock<Procedure>; }' but required in type 'NewPageHeaderProps'.
src/components/NewPageHeader/NewPageHeader.property.test.tsx(66,19): error TS6133: 'expectedText' is declared but its value is never read.
src/components/NewPageHeader/NewPageHeader.property.test.tsx(90,16): error TS2741: Property 'onFilterChange' is missing in type '{ threadCount: number; urgentCount: number; isCompact: false; syncStatus: SyncStatus; onRefresh: Mock<Procedure>; onSearch: Mock<Procedure>; }' but required in type 'NewPageHeaderProps'.
src/components/NewPageHeader/NewPageHeader.property.test.tsx(122,16): error TS2741: Property 'onFilterChange' is missing in type '{ threadCount: number; urgentCount: number; isCompact: false; syncStatus: SyncStatus; onRefresh: Mock<Procedure>; onSearch: Mock<Procedure>; }' but required in type 'NewPageHeaderProps'.
src/components/NewPageHeader/NewPageHeader.property.test.tsx(166,16): error TS2741: Property 'onFilterChange' is missing in type '{ threadCount: number; urgentCount: number; isCompact: false; syncStatus: SyncStatus; onRefresh: Mock<Procedure>; onSearch: Mock<Procedure>; }' but required in type 'NewPageHeaderProps'.
src/components/NewPageHeader/NewPageHeader.property.test.tsx(197,16): error TS2741: Property 'onFilterChange' is missing in type '{ threadCount: number; urgentCount: number; isCompact: false; syncStatus: SyncStatus; onRefresh: Mock<Procedure>; onSearch: Mock<Procedure>; }' but required in type 'NewPageHeaderProps'.
src/components/NewPageHeader/NewPageHeader.property.test.tsx(231,16): error TS2741: Property 'onFilterChange' is missing in type '{ threadCount: number; urgentCount: number; isCompact: false; syncStatus: "idle"; onRefresh: Mock<Procedure>; onSearch: Mock<Procedure>; }' but required in type 'NewPageHeaderProps'.
src/components/NewPageHeader/NewPageHeader.property.test.tsx(274,16): error TS2741: Property 'onFilterChange' is missing in type '{ threadCount: number; urgentCount: number; isCompact: true; syncStatus: SyncStatus; onRefresh: Mock<Procedure>; onSearch: Mock<Procedure>; }' but required in type 'NewPageHeaderProps'.
src/components/NewPageHeader/NewPageHeader.property.test.tsx(308,16): error TS2741: Property 'onFilterChange' is missing in type '{ threadCount: number; urgentCount: number; isCompact: false; syncStatus: SyncStatus; onRefresh: Mock<Procedure>; onSearch: Mock<Procedure>; }' but required in type 'NewPageHeaderProps'.
src/components/NewPageHeader/NewPageHeader.property.test.tsx(342,16): error TS2741: Property 'onFilterChange' is missing in type '{ threadCount: number; urgentCount: number; isCompact: true; syncStatus: SyncStatus; onRefresh: Mock<Procedure>; onSearch: Mock<Procedure>; }' but required in type 'NewPageHeaderProps'.
src/components/NewPageHeader/NewPageHeader.property.test.tsx(376,16): error TS2741: Property 'onFilterChange' is missing in type '{ threadCount: number; urgentCount: number; isCompact: false; syncStatus: SyncStatus; onRefresh: Mock<Procedure>; onSearch: Mock<Procedure>; }' but required in type 'NewPageHeaderProps'.
src/components/NewPageHeader/NewPageHeader.property.test.tsx(419,16): error TS2741: Property 'onFilterChange' is missing in type '{ threadCount: number; urgentCount: number; isCompact: boolean; syncStatus: "syncing"; onRefresh: Mock<Procedure>; onSearch: Mock<Procedure>; }' but required in type 'NewPageHeaderProps'.
src/components/NewPageHeader/NewPageHeader.property.test.tsx(453,16): error TS2741: Property 'onFilterChange' is missing in type '{ threadCount: number; urgentCount: number; isCompact: boolean; syncStatus: "idle"; onRefresh: Mock<Procedure>; onSearch: Mock<Procedure>; }' but required in type 'NewPageHeaderProps'.
src/components/NewPageHeader/NewPageHeader.property.test.tsx(487,16): error TS2741: Property 'onFilterChange' is missing in type '{ threadCount: number; urgentCount: number; isCompact: boolean; syncStatus: "offline"; onRefresh: Mock<Procedure>; onSearch: Mock<Procedure>; }' but required in type 'NewPageHeaderProps'.
src/components/NewPageHeader/NewPageHeader.property.test.tsx(521,16): error TS2741: Property 'onFilterChange' is missing in type '{ threadCount: number; urgentCount: number; isCompact: boolean; syncStatus: "error"; onRefresh: Mock<Procedure>; onSearch: Mock<Procedure>; }' but required in type 'NewPageHeaderProps'.
src/components/NewPageHeader/NewPageHeader.property.test.tsx(556,16): error TS2741: Property 'onFilterChange' is missing in type '{ threadCount: number; urgentCount: number; isCompact: boolean; syncStatus: SyncStatus; onRefresh: Mock<Procedure>; onSearch: Mock<Procedure>; }' but required in type 'NewPageHeaderProps'.
src/components/NewPageHeader/NewPageHeader.property.test.tsx(616,16): error TS2741: Property 'onFilterChange' is missing in type '{ threadCount: number; urgentCount: number; isCompact: boolean; syncStatus: SyncStatus; onRefresh: Mock<Procedure>; onSearch: Mock<Procedure>; }' but required in type 'NewPageHeaderProps'.
src/components/NewPageHeader/NewPageHeader.property.test.tsx(642,10): error TS2741: Property 'onFilterChange' is missing in type '{ threadCount: number; urgentCount: number; isCompact: false; syncStatus: "syncing"; onRefresh: Mock<Procedure>; onSearch: Mock<Procedure>; }' but required in type 'NewPageHeaderProps'.
src/components/NewPageHeader/NewPageHeader.property.test.tsx(678,16): error TS2741: Property 'onFilterChange' is missing in type '{ threadCount: number; urgentCount: number; isCompact: boolean; syncStatus: SyncStatus; onRefresh: Mock<Procedure>; onSearch: Mock<Procedure>; }' but required in type 'NewPageHeaderProps'.
src/components/NewPageHeader/NewPageHeader.property.test.tsx(711,16): error TS2741: Property 'onFilterChange' is missing in type '{ threadCount: number; urgentCount: number; isCompact: false; syncStatus: "idle"; onRefresh: Mock<Procedure>; onSearch: Mock<Procedure>; onToggleBatchMode: Mock<...>; isBatchMode: boolean; }' but required in type 'NewPageHeaderProps'.
src/components/NewPageHeader/NewPageHeader.property.test.tsx(741,16): error TS2741: Property 'onFilterChange' is missing in type '{ threadCount: number; urgentCount: number; isCompact: false; syncStatus: "idle"; onRefresh: Mock<Procedure>; onSearch: Mock<Procedure>; onToggleBatchMode: Mock<...>; isBatchMode: boolean; }' but required in type 'NewPageHeaderProps'.
src/components/NewPageHeader/NewPageHeader.property.test.tsx(774,10): error TS2741: Property 'onFilterChange' is missing in type '{ threadCount: number; urgentCount: number; isCompact: false; syncStatus: "idle"; onRefresh: Mock<Procedure>; onSearch: Mock<Procedure>; }' but required in type 'NewPageHeaderProps'.
src/components/OfflineIndicator/OfflineIndicator.property.test.tsx(7,1): error TS6133: 'React' is declared but its value is never read.
src/components/OfflineIndicator/OfflineIndicator.property.test.tsx(20,7): error TS6133: 'offlineStateGenerator' is declared but its value is never read.
src/components/OfflineIndicator/OfflineIndicator.property.test.tsx(28,7): error TS6133: 'syncTimeGenerator' is declared but its value is never read.
src/components/OfflineIndicator/OfflineIndicator.property.test.tsx(53,31): error TS6133: 'index' is declared but its value is never read.
src/components/OfflineIndicator/OfflineIndicator.property.test.tsx(54,38): error TS2345: Argument of type '{ lastSyncTime: number; syncQueue: Mock<Procedure>; updatePendingCount: Mock<Procedure>; isSyncing: boolean; isOnline: boolean; pendingActions: number; dataFreshness: "fresh"; } | { ...; }' is not assignable to parameter of type '{ syncQueue: (conflictStrategy?: ConflictResolutionStrategy) => Promise<void>; updatePendingCount: () => Promise<void>; checkConnectivity: () => Promise<void>; ... 5 more ...; unresolvedConflicts: number; }'.
  Type '{ lastSyncTime: number; syncQueue: Mock<Procedure>; updatePendingCount: Mock<Procedure>; isSyncing: boolean; isOnline: boolean; pendingActions: number; dataFreshness: "fresh"; }' is missing the following properties from type '{ syncQueue: (conflictStrategy?: ConflictResolutionStrategy) => Promise<void>; updatePendingCount: () => Promise<void>; checkConnectivity: () => Promise<...>; ... 5 more ...; unresolvedConflicts: number; }': checkConnectivity, unresolvedConflicts
src/components/OfflineIndicator/OfflineIndicator.property.test.tsx(90,36): error TS2345: Argument of type '{ syncQueue: Mock<Procedure>; updatePendingCount: Mock<Procedure>; isOnline: boolean; isSyncing: boolean; pendingActions: number; lastSyncTime: number; dataFreshness: "stale"; }' is not assignable to parameter of type '{ syncQueue: (conflictStrategy?: ConflictResolutionStrategy) => Promise<void>; updatePendingCount: () => Promise<void>; checkConnectivity: () => Promise<void>; ... 5 more ...; unresolvedConflicts: number; }'.
  Type '{ syncQueue: Mock<Procedure>; updatePendingCount: Mock<Procedure>; isOnline: boolean; isSyncing: boolean; pendingActions: number; lastSyncTime: number; dataFreshness: "stale"; }' is missing the following properties from type '{ syncQueue: (conflictStrategy?: ConflictResolutionStrategy) => Promise<void>; updatePendingCount: () => Promise<void>; checkConnectivity: () => Promise<...>; ... 5 more ...; unresolvedConflicts: number; }': checkConnectivity, unresolvedConflicts
src/components/OfflineIndicator/OfflineIndicator.property.test.tsx(118,38): error TS2345: Argument of type '{ syncQueue: Mock<Procedure>; updatePendingCount: Mock<Procedure>; isOnline: boolean; isSyncing: boolean; pendingActions: number; lastSyncTime: number; dataFreshness: "stale"; }' is not assignable to parameter of type '{ syncQueue: (conflictStrategy?: ConflictResolutionStrategy) => Promise<void>; updatePendingCount: () => Promise<void>; checkConnectivity: () => Promise<void>; ... 5 more ...; unresolvedConflicts: number; }'.
  Type '{ syncQueue: Mock<Procedure>; updatePendingCount: Mock<Procedure>; isOnline: boolean; isSyncing: boolean; pendingActions: number; lastSyncTime: number; dataFreshness: "stale"; }' is missing the following properties from type '{ syncQueue: (conflictStrategy?: ConflictResolutionStrategy) => Promise<void>; updatePendingCount: () => Promise<void>; checkConnectivity: () => Promise<...>; ... 5 more ...; unresolvedConflicts: number; }': checkConnectivity, unresolvedConflicts
src/components/OfflineIndicator/OfflineIndicator.property.test.tsx(150,38): error TS2345: Argument of type '{ syncQueue: Mock<Procedure>; updatePendingCount: Mock<Procedure>; isOnline: boolean; isSyncing: boolean; pendingActions: number; lastSyncTime: number; dataFreshness: "fresh"; }' is not assignable to parameter of type '{ syncQueue: (conflictStrategy?: ConflictResolutionStrategy) => Promise<void>; updatePendingCount: () => Promise<void>; checkConnectivity: () => Promise<void>; ... 5 more ...; unresolvedConflicts: number; }'.
  Type '{ syncQueue: Mock<Procedure>; updatePendingCount: Mock<Procedure>; isOnline: boolean; isSyncing: boolean; pendingActions: number; lastSyncTime: number; dataFreshness: "fresh"; }' is missing the following properties from type '{ syncQueue: (conflictStrategy?: ConflictResolutionStrategy) => Promise<void>; updatePendingCount: () => Promise<void>; checkConnectivity: () => Promise<...>; ... 5 more ...; unresolvedConflicts: number; }': checkConnectivity, unresolvedConflicts
src/components/OfflineIndicator/OfflineIndicator.property.test.tsx(192,38): error TS2345: Argument of type '{ syncQueue: Mock<Procedure>; updatePendingCount: Mock<Procedure>; isOnline: boolean; isSyncing: boolean; pendingActions: number; lastSyncTime: number; dataFreshness: "fresh"; }' is not assignable to parameter of type '{ syncQueue: (conflictStrategy?: ConflictResolutionStrategy) => Promise<void>; updatePendingCount: () => Promise<void>; checkConnectivity: () => Promise<void>; ... 5 more ...; unresolvedConflicts: number; }'.
  Type '{ syncQueue: Mock<Procedure>; updatePendingCount: Mock<Procedure>; isOnline: boolean; isSyncing: boolean; pendingActions: number; lastSyncTime: number; dataFreshness: "fresh"; }' is missing the following properties from type '{ syncQueue: (conflictStrategy?: ConflictResolutionStrategy) => Promise<void>; updatePendingCount: () => Promise<void>; checkConnectivity: () => Promise<...>; ... 5 more ...; unresolvedConflicts: number; }': checkConnectivity, unresolvedConflicts
src/components/OfflineIndicator/OfflineIndicator.property.test.tsx(226,38): error TS2345: Argument of type '{ lastSyncTime: number; syncQueue: Mock<Procedure>; updatePendingCount: Mock<Procedure>; isOnline: boolean; isSyncing: boolean; pendingActions: number; dataFreshness: "stale"; } | { ...; }' is not assignable to parameter of type '{ syncQueue: (conflictStrategy?: ConflictResolutionStrategy) => Promise<void>; updatePendingCount: () => Promise<void>; checkConnectivity: () => Promise<void>; ... 5 more ...; unresolvedConflicts: number; }'.
  Type '{ lastSyncTime: number; syncQueue: Mock<Procedure>; updatePendingCount: Mock<Procedure>; isOnline: boolean; isSyncing: boolean; pendingActions: number; dataFreshness: "stale"; }' is missing the following properties from type '{ syncQueue: (conflictStrategy?: ConflictResolutionStrategy) => Promise<void>; updatePendingCount: () => Promise<void>; checkConnectivity: () => Promise<...>; ... 5 more ...; unresolvedConflicts: number; }': checkConnectivity, unresolvedConflicts
src/components/OfflineIndicator/OfflineIndicator.property.test.tsx(271,38): error TS2345: Argument of type '{ syncQueue: Mock<Procedure>; updatePendingCount: Mock<Procedure>; isOnline: boolean; isSyncing: boolean; pendingActions: number; lastSyncTime: number; dataFreshness: "stale"; }' is not assignable to parameter of type '{ syncQueue: (conflictStrategy?: ConflictResolutionStrategy) => Promise<void>; updatePendingCount: () => Promise<void>; checkConnectivity: () => Promise<void>; ... 5 more ...; unresolvedConflicts: number; }'.
  Type '{ syncQueue: Mock<Procedure>; updatePendingCount: Mock<Procedure>; isOnline: boolean; isSyncing: boolean; pendingActions: number; lastSyncTime: number; dataFreshness: "stale"; }' is missing the following properties from type '{ syncQueue: (conflictStrategy?: ConflictResolutionStrategy) => Promise<void>; updatePendingCount: () => Promise<void>; checkConnectivity: () => Promise<...>; ... 5 more ...; unresolvedConflicts: number; }': checkConnectivity, unresolvedConflicts
src/components/OfflineIndicator/OfflineIndicator.transition.property.test.tsx(10,1): error TS6133: 'React' is declared but its value is never read.
src/components/OfflineIndicator/OfflineIndicator.transition.property.test.tsx(11,18): error TS6133: 'screen' is declared but its value is never read.
src/components/OfflineIndicator/OfflineIndicator.transition.property.test.tsx(17,1): error TS2304: Cannot find name 'vi'.
src/components/OfflineIndicator/OfflineIndicator.transition.property.test.tsx(18,24): error TS2304: Cannot find name 'vi'.
src/components/OfflineIndicator/OfflineIndicator.transition.property.test.tsx(22,5): error TS2304: Cannot find name 'vi'.
src/components/OfflineIndicator/OfflineIndicator.transition.property.test.tsx(43,24): error TS2304: Cannot find name 'vi'.
src/components/OfflineIndicator/OfflineIndicator.transition.property.test.tsx(44,33): error TS2304: Cannot find name 'vi'.
src/components/OfflineIndicator/OfflineIndicator.transition.property.test.tsx(93,24): error TS2304: Cannot find name 'vi'.
src/components/OfflineIndicator/OfflineIndicator.transition.property.test.tsx(94,33): error TS2304: Cannot find name 'vi'.
src/components/OfflineIndicator/OfflineIndicator.transition.property.test.tsx(143,20): error TS2304: Cannot find name 'vi'.
src/components/OfflineIndicator/OfflineIndicator.transition.property.test.tsx(144,29): error TS2304: Cannot find name 'vi'.
src/components/OfflineIndicator/OfflineIndicator.transition.property.test.tsx(193,20): error TS2304: Cannot find name 'vi'.
src/components/OfflineIndicator/OfflineIndicator.transition.property.test.tsx(193,48): error TS7006: Parameter 'query' implicitly has an 'any' type.
src/components/OfflineIndicator/OfflineIndicator.transition.property.test.tsx(197,28): error TS2304: Cannot find name 'vi'.
src/components/OfflineIndicator/OfflineIndicator.transition.property.test.tsx(198,31): error TS2304: Cannot find name 'vi'.
src/components/OfflineIndicator/OfflineIndicator.transition.property.test.tsx(199,33): error TS2304: Cannot find name 'vi'.
src/components/OfflineIndicator/OfflineIndicator.transition.property.test.tsx(200,36): error TS2304: Cannot find name 'vi'.
src/components/OfflineIndicator/OfflineIndicator.transition.property.test.tsx(201,30): error TS2304: Cannot find name 'vi'.
src/components/OfflineIndicator/OfflineIndicator.transition.property.test.tsx(211,24): error TS2304: Cannot find name 'vi'.
src/components/OfflineIndicator/OfflineIndicator.transition.property.test.tsx(212,33): error TS2304: Cannot find name 'vi'.
src/components/OracleBadge/index.ts(2,16): error TS2304: Cannot find name 'OracleBadge'.
src/components/OracleBadge/OracleBadge.tsx(79,5): error TS6133: 'contactId' is declared but its value is never read.
src/components/ParticleAvatar/HologramParticleEngine.property.test.ts(11,32): error TS6133: 'beforeEach' is declared but its value is never read.
src/components/ParticleAvatar/HologramParticleEngine.property.test.ts(15,11): error TS6196: 'MockParticle' is declared but never used.
src/components/ParticleAvatar/HologramParticleEngine.property.test.ts(96,29): error TS6133: 'progress' is declared but its value is never read.
src/components/ParticleAvatar/HologramParticleEngine.property.test.ts(170,31): error TS6133: '_' is declared but its value is never read.
src/components/ParticleAvatar/HologramParticleEngine.property.test.ts(195,36): error TS6133: 'state' is declared but its value is never read.
src/components/ParticleAvatar/useParticleSystem.ts(129,32): error TS6133: 'amplitude' is declared but its value is never read.
src/components/PriorityNotificationsPanel/PriorityNotificationsPanel.priority.property.test.tsx(7,1): error TS6133: 'React' is declared but its value is never read.
src/components/PriorityNotificationsPanel/PriorityNotificationsPanel.priority.property.test.tsx(11,38): error TS6133: 'Notification' is declared but its value is never read.
src/components/PriorityNotificationsPanel/PriorityNotificationsPanel.priority.property.test.tsx(11,52): error TS6133: 'NotificationAction' is declared but its value is never read.
src/components/PriorityNotificationsPanel/PriorityNotificationsPanel.priority.property.test.tsx(39,28): error TS2345: Argument of type 'string' is not assignable to parameter of type '"info" | "warning" | "success" | "urgent"'.
src/components/PriorityNotificationsPanel/PriorityNotificationsPanel.priority.property.test.tsx(50,11): error TS2322: Type '{ id: string; type: "info" | "warning" | "success" | "urgent"; title: string; message: string; actionable: boolean; actions: { label: string; action: string; primary: boolean; }[] | null; timestamp: Date; dismissed: boolean; priority: number; }[]' is not assignable to type 'Notification[]'.
  Type '{ id: string; type: "info" | "warning" | "success" | "urgent"; title: string; message: string; actionable: boolean; actions: { label: string; action: string; primary: boolean; }[] | null; timestamp: Date; dismissed: boolean; priority: number; }' is not assignable to type 'Notification'.
    Types of property 'actions' are incompatible.
      Type '{ label: string; action: string; primary: boolean; }[] | null' is not assignable to type 'NotificationAction[] | undefined'.
        Type 'null' is not assignable to type 'NotificationAction[] | undefined'.
src/components/PriorityNotificationsPanel/PriorityNotificationsPanel.priority.property.test.tsx(83,11): error TS2322: Type '{ id: string; type: "info" | "warning" | "success" | "urgent"; title: string; message: string; actionable: boolean; actions: { label: string; action: string; primary: boolean; }[] | null; timestamp: Date; dismissed: boolean; priority: number; }[]' is not assignable to type 'Notification[]'.
  Type '{ id: string; type: "info" | "warning" | "success" | "urgent"; title: string; message: string; actionable: boolean; actions: { label: string; action: string; primary: boolean; }[] | null; timestamp: Date; dismissed: boolean; priority: number; }' is not assignable to type 'Notification'.
    Types of property 'actions' are incompatible.
      Type '{ label: string; action: string; primary: boolean; }[] | null' is not assignable to type 'NotificationAction[] | undefined'.
        Type 'null' is not assignable to type 'NotificationAction[] | undefined'.
src/components/PriorityNotificationsPanel/PriorityNotificationsPanel.priority.property.test.tsx(121,13): error TS2322: Type '{ id: string; type: "info" | "warning" | "success" | "urgent"; title: string; message: string; actionable: boolean; actions: { label: string; action: string; primary: boolean; }[] | null; timestamp: Date; dismissed: boolean; priority: number; }[]' is not assignable to type 'Notification[]'.
  Type '{ id: string; type: "info" | "warning" | "success" | "urgent"; title: string; message: string; actionable: boolean; actions: { label: string; action: string; primary: boolean; }[] | null; timestamp: Date; dismissed: boolean; priority: number; }' is not assignable to type 'Notification'.
    Types of property 'actions' are incompatible.
      Type '{ label: string; action: string; primary: boolean; }[] | null' is not assignable to type 'NotificationAction[] | undefined'.
        Type 'null' is not assignable to type 'NotificationAction[] | undefined'.
src/components/PriorityNotificationsPanel/PriorityNotificationsPanel.priority.property.test.tsx(152,55): error TS2345: Argument of type 'string' is not assignable to parameter of type '"info" | "warning" | "success" | "urgent"'.
src/components/PriorityNotificationsPanel/PriorityNotificationsPanel.priority.property.test.tsx(158,13): error TS2322: Type '{ id: string; type: "info" | "warning" | "success" | "urgent"; title: string; message: string; actionable: boolean; actions: { label: string; action: string; primary: boolean; }[] | null; timestamp: Date; dismissed: boolean; priority: number; }[]' is not assignable to type 'Notification[]'.
  Type '{ id: string; type: "info" | "warning" | "success" | "urgent"; title: string; message: string; actionable: boolean; actions: { label: string; action: string; primary: boolean; }[] | null; timestamp: Date; dismissed: boolean; priority: number; }' is not assignable to type 'Notification'.
    Types of property 'actions' are incompatible.
      Type '{ label: string; action: string; primary: boolean; }[] | null' is not assignable to type 'NotificationAction[] | undefined'.
        Type 'null' is not assignable to type 'NotificationAction[] | undefined'.
src/components/PriorityNotificationsPanel/PriorityNotificationsPanel.priority.property.test.tsx(199,13): error TS2322: Type '{ id: string; type: "info" | "warning" | "success" | "urgent"; title: string; message: string; actionable: boolean; actions: { label: string; action: string; primary: boolean; }[] | null; timestamp: Date; dismissed: boolean; priority: number; }[]' is not assignable to type 'Notification[]'.
  Type '{ id: string; type: "info" | "warning" | "success" | "urgent"; title: string; message: string; actionable: boolean; actions: { label: string; action: string; primary: boolean; }[] | null; timestamp: Date; dismissed: boolean; priority: number; }' is not assignable to type 'Notification'.
    Types of property 'actions' are incompatible.
      Type '{ label: string; action: string; primary: boolean; }[] | null' is not assignable to type 'NotificationAction[] | undefined'.
        Type 'null' is not assignable to type 'NotificationAction[] | undefined'.
src/components/PriorityNotificationsPanel/PriorityNotificationsPanel.test.tsx(1,1): error TS6133: 'React' is declared but its value is never read.
src/components/PriorityNotificationsPanel/PriorityNotificationsPanel.visual.property.test.tsx(7,1): error TS6133: 'React' is declared but its value is never read.
src/components/PriorityNotificationsPanel/PriorityNotificationsPanel.visual.property.test.tsx(11,38): error TS6133: 'Notification' is declared but its value is never read.
src/components/PriorityNotificationsPanel/PriorityNotificationsPanel.visual.property.test.tsx(40,13): error TS2322: Type '{ id: string; type: string; title: string; message: string; actionable: boolean; actions: { label: string; action: string; primary: boolean; }[] | null; timestamp: Date; dismissed: boolean; priority: number; }[]' is not assignable to type 'Notification[]'.
  Type '{ id: string; type: string; title: string; message: string; actionable: boolean; actions: { label: string; action: string; primary: boolean; }[] | null; timestamp: Date; dismissed: boolean; priority: number; }' is not assignable to type 'Notification'.
    Types of property 'type' are incompatible.
      Type 'string' is not assignable to type '"info" | "warning" | "success" | "urgent"'.
src/components/PriorityNotificationsPanel/PriorityNotificationsPanel.visual.property.test.tsx(72,13): error TS2322: Type '{ id: string; type: string; title: string; message: string; actionable: boolean; actions: { label: string; action: string; primary: boolean; }[] | null; timestamp: Date; dismissed: boolean; priority: number; }[]' is not assignable to type 'Notification[]'.
  Type '{ id: string; type: string; title: string; message: string; actionable: boolean; actions: { label: string; action: string; primary: boolean; }[] | null; timestamp: Date; dismissed: boolean; priority: number; }' is not assignable to type 'Notification'.
    Types of property 'type' are incompatible.
      Type 'string' is not assignable to type '"info" | "warning" | "success" | "urgent"'.
src/components/PriorityNotificationsPanel/PriorityNotificationsPanel.visual.property.test.tsx(102,13): error TS2322: Type '{ id: string; type: string; title: string; message: string; actionable: boolean; actions: { label: string; action: string; primary: boolean; }[] | null; timestamp: Date; dismissed: boolean; priority: number; }[]' is not assignable to type 'Notification[]'.
  Type '{ id: string; type: string; title: string; message: string; actionable: boolean; actions: { label: string; action: string; primary: boolean; }[] | null; timestamp: Date; dismissed: boolean; priority: number; }' is not assignable to type 'Notification'.
    Types of property 'type' are incompatible.
      Type 'string' is not assignable to type '"info" | "warning" | "success" | "urgent"'.
src/components/PriorityNotificationsPanel/PriorityNotificationsPanel.visual.property.test.tsx(160,13): error TS2322: Type '{ id: string; type: string; title: string; message: string; actionable: boolean; actions: { label: string; action: string; primary: boolean; }[]; timestamp: Date; dismissed: boolean; priority: number; }[]' is not assignable to type 'Notification[]'.
  Type '{ id: string; type: string; title: string; message: string; actionable: boolean; actions: { label: string; action: string; primary: boolean; }[]; timestamp: Date; dismissed: boolean; priority: number; }' is not assignable to type 'Notification'.
    Types of property 'type' are incompatible.
      Type 'string' is not assignable to type '"info" | "warning" | "success" | "urgent"'.
src/components/PriorityNotificationsPanel/PriorityNotificationsPanel.visual.property.test.tsx(199,13): error TS2322: Type '{ id: string; type: string; title: string; message: string; actionable: boolean; actions: { label: string; action: string; primary: boolean; }[] | null; timestamp: Date; dismissed: boolean; priority: number; }[]' is not assignable to type 'Notification[]'.
  Type '{ id: string; type: string; title: string; message: string; actionable: boolean; actions: { label: string; action: string; primary: boolean; }[] | null; timestamp: Date; dismissed: boolean; priority: number; }' is not assignable to type 'Notification'.
    Types of property 'type' are incompatible.
      Type 'string' is not assignable to type '"info" | "warning" | "success" | "urgent"'.
src/components/PriorityNotificationsPanel/PriorityNotificationsPanel.visual.property.test.tsx(250,30): error TS2339: Property 'value' does not exist on type 'Arbitrary<{ id: string; type: string; title: string; message: string; actionable: boolean; actions: { label: string; action: string; primary: boolean; }[] | null; timestamp: Date; dismissed: boolean; priority: number; }>'.
src/components/PriorityNotificationsPanel/PriorityNotificationsPanel.visual.property.test.tsx(259,13): error TS2322: Type '{}[]' is not assignable to type 'Notification[]'.
  Type '{}' is missing the following properties from type 'Notification': id, type, title, message, and 4 more.
src/components/PropertyIntelligenceModal/PropertyIntelligenceModal.tsx(4,1): error TS6133: 'ReactMarkdown' is declared but its value is never read.
src/components/PropertyIntelligenceModal/PropertyIntelligenceModal.tsx(5,1): error TS6133: 'remarkGfm' is declared but its value is never read.
src/components/PropertyIntelligenceModal/PropertyIntelligenceModal.tsx(62,5): error TS6133: 'aiReasoning' is declared but its value is never read.
src/components/PropertyIntelScoreTooltip/PropertyIntelScoreTooltip.tsx(19,45): error TS6133: 'status' is declared but its value is never read.
src/components/PropertyIntelScoreTooltip/PropertyIntelScoreTooltip.tsx(148,11): error TS6133: 'bestAction' is declared but its value is never read.
src/components/QuickActionsPanel/QuickActionsPanel.tsx(43,10): error TS6133: 'audioChunks' is declared but its value is never read.
src/components/QuickActionsPanel/QuickActionsPanel.tsx(200,18): error TS6133: 'handleFocusAction' is declared but its value is never read.
src/components/QuickActionsPanel/QuickActionsPanel.tsx(421,39): error TS6133: 'index' is declared but its value is never read.
src/components/RecentActivityStream/RecentActivityStream.property.test.tsx(2,18): error TS6133: 'screen' is declared but its value is never read.
src/components/RecentActivityStream/RecentActivityStream.property.test.tsx(4,1): error TS6133: 'React' is declared but its value is never read.
src/components/RecentActivityStream/RecentActivityStream.property.test.tsx(35,7): error TS2345: Argument of type 'Arbitrary<{ id: string; type: string; description: string; timestamp: Date; propertyAddress: string | null; dealName: string | null; contactName: string | null; relatedId: string | null; relatedType: string | null; }[]>' is not assignable to parameter of type 'Arbitrary<ActivityItem[]>'.
  Type '{ id: string; type: string; description: string; timestamp: Date; propertyAddress: string | null; dealName: string | null; contactName: string | null; relatedId: string | null; relatedType: string | null; }[]' is not assignable to type 'ActivityItem[]'.
    Type '{ id: string; type: string; description: string; timestamp: Date; propertyAddress: string | null; dealName: string | null; contactName: string | null; relatedId: string | null; relatedType: string | null; }' is not assignable to type 'ActivityItem'.
      Types of property 'type' are incompatible.
        Type 'string' is not assignable to type '"email" | "voice_note" | "deal_update" | "appointment" | "property_update" | "contact_update"'.
src/components/RecentActivityStream/RecentActivityStream.property.test.tsx(90,7): error TS2345: Argument of type 'Arbitrary<{ id: string; type: string; description: string; timestamp: Date; propertyAddress: string | null; dealName: string | null; contactName: string | null; relatedId: string | null; relatedType: string | null; }[]>' is not assignable to parameter of type 'Arbitrary<ActivityItem[]>'.
  Type '{ id: string; type: string; description: string; timestamp: Date; propertyAddress: string | null; dealName: string | null; contactName: string | null; relatedId: string | null; relatedType: string | null; }[]' is not assignable to type 'ActivityItem[]'.
    Type '{ id: string; type: string; description: string; timestamp: Date; propertyAddress: string | null; dealName: string | null; contactName: string | null; relatedId: string | null; relatedType: string | null; }' is not assignable to type 'ActivityItem'.
      Types of property 'type' are incompatible.
        Type 'string' is not assignable to type '"email" | "voice_note" | "deal_update" | "appointment" | "property_update" | "contact_update"'.
src/components/RecentActivityStream/RecentActivityStream.property.test.tsx(125,7): error TS2345: Argument of type 'Arbitrary<{ id: string; type: string; description: string; timestamp: Date; propertyAddress: string | null; dealName: string | null; contactName: string | null; relatedId: string | null; relatedType: string | null; }[]>' is not assignable to parameter of type 'Arbitrary<ActivityItem[]>'.
  Type '{ id: string; type: string; description: string; timestamp: Date; propertyAddress: string | null; dealName: string | null; contactName: string | null; relatedId: string | null; relatedType: string | null; }[]' is not assignable to type 'ActivityItem[]'.
    Type '{ id: string; type: string; description: string; timestamp: Date; propertyAddress: string | null; dealName: string | null; contactName: string | null; relatedId: string | null; relatedType: string | null; }' is not assignable to type 'ActivityItem'.
      Types of property 'type' are incompatible.
        Type 'string' is not assignable to type '"email" | "voice_note" | "deal_update" | "appointment" | "property_update" | "contact_update"'.
src/components/RecentActivityStream/RecentActivityStream.property.test.tsx(172,7): error TS2345: Argument of type 'Arbitrary<{ id: string; type: string; description: string; timestamp: Date; propertyAddress: string | null; dealName: string | null; contactName: string | null; relatedId: string | null; relatedType: string | null; }[]>' is not assignable to parameter of type 'Arbitrary<ActivityItem[]>'.
  Type '{ id: string; type: string; description: string; timestamp: Date; propertyAddress: string | null; dealName: string | null; contactName: string | null; relatedId: string | null; relatedType: string | null; }[]' is not assignable to type 'ActivityItem[]'.
    Type '{ id: string; type: string; description: string; timestamp: Date; propertyAddress: string | null; dealName: string | null; contactName: string | null; relatedId: string | null; relatedType: string | null; }' is not assignable to type 'ActivityItem'.
      Types of property 'type' are incompatible.
        Type 'string' is not assignable to type '"email" | "voice_note" | "deal_update" | "appointment" | "property_update" | "contact_update"'.
src/components/RecentActivityStream/RecentActivityStream.property.test.tsx(205,7): error TS2345: Argument of type 'Arbitrary<{ id: string; type: string; description: string; timestamp: Date; propertyAddress: string | null; dealName: string | null; contactName: string | null; relatedId: string | null; relatedType: string | null; }[]>' is not assignable to parameter of type 'Arbitrary<ActivityItem[]>'.
  Type '{ id: string; type: string; description: string; timestamp: Date; propertyAddress: string | null; dealName: string | null; contactName: string | null; relatedId: string | null; relatedType: string | null; }[]' is not assignable to type 'ActivityItem[]'.
    Type '{ id: string; type: string; description: string; timestamp: Date; propertyAddress: string | null; dealName: string | null; contactName: string | null; relatedId: string | null; relatedType: string | null; }' is not assignable to type 'ActivityItem'.
      Types of property 'type' are incompatible.
        Type 'string' is not assignable to type '"email" | "voice_note" | "deal_update" | "appointment" | "property_update" | "contact_update"'.
src/components/RecentActivityStream/RecentActivityStream.property.test.tsx(257,7): error TS2345: Argument of type 'Arbitrary<{ id: string; type: string; description: string; timestamp: Date; propertyAddress: string | null; dealName: string | null; contactName: string | null; relatedId: string | null; relatedType: string | null; }[]>' is not assignable to parameter of type 'Arbitrary<ActivityItem[]>'.
  Type '{ id: string; type: string; description: string; timestamp: Date; propertyAddress: string | null; dealName: string | null; contactName: string | null; relatedId: string | null; relatedType: string | null; }[]' is not assignable to type 'ActivityItem[]'.
    Type '{ id: string; type: string; description: string; timestamp: Date; propertyAddress: string | null; dealName: string | null; contactName: string | null; relatedId: string | null; relatedType: string | null; }' is not assignable to type 'ActivityItem'.
      Types of property 'type' are incompatible.
        Type 'string' is not assignable to type '"email" | "voice_note" | "deal_update" | "appointment" | "property_update" | "contact_update"'.
src/components/RecentActivityStream/RecentActivityStream.property.test.tsx(306,7): error TS2345: Argument of type 'Arbitrary<{ id: string; type: string; description: string; timestamp: Date; propertyAddress: string | null; dealName: string | null; contactName: string | null; relatedId: string | null; relatedType: string | null; }[]>' is not assignable to parameter of type 'Arbitrary<ActivityItem[]>'.
  Type '{ id: string; type: string; description: string; timestamp: Date; propertyAddress: string | null; dealName: string | null; contactName: string | null; relatedId: string | null; relatedType: string | null; }[]' is not assignable to type 'ActivityItem[]'.
    Type '{ id: string; type: string; description: string; timestamp: Date; propertyAddress: string | null; dealName: string | null; contactName: string | null; relatedId: string | null; relatedType: string | null; }' is not assignable to type 'ActivityItem'.
      Types of property 'type' are incompatible.
        Type 'string' is not assignable to type '"email" | "voice_note" | "deal_update" | "appointment" | "property_update" | "contact_update"'.
src/components/ReplyComposer/index.ts(1,55): error TS2614: Module '"./ReplyComposer"' has no exported member 'ReplyTemplate'. Did you mean to use 'import ReplyTemplate from "./ReplyComposer"' instead?
src/components/ReplyComposer/index.ts(1,75): error TS2614: Module '"./ReplyComposer"' has no exported member 'ReplyData'. Did you mean to use 'import ReplyData from "./ReplyComposer"' instead?
src/components/ReplyComposer/ReplyComposer.attach.test.tsx(49,15): error TS6133: 'fileInput' is declared but its value is never read.
src/components/ReplyComposer/ReplyComposer.attach.test.tsx(64,15): error TS6133: 'inputs' is declared but its value is never read.
src/components/ReplyComposer/ReplyComposer.property.test.tsx(2,24): error TS6133: 'expect' is declared but its value is never read.
src/components/ReplyComposer/ReplyComposer.property.test.tsx(3,18): error TS6133: 'screen' is declared but its value is never read.
src/components/ReplyComposer/ReplyComposer.property.test.tsx(6,30): error TS6133: 'Participant' is declared but its value is never read.
src/components/ScheduleOpenHomeModal/ScheduleOpenHomeModal.tsx(347,11): error TS6133: 'selectedProperty' is declared but its value is never read.
src/components/ScheduleOpenHomeModal/ScheduleOpenHomeModal.tsx(544,33): error TS2322: Type '{ value: string; onChange: Dispatch<SetStateAction<string>>; minDate: string; }' is not assignable to type 'IntrinsicAttributes & ZenaDatePickerProps'.
  Property 'minDate' does not exist on type 'IntrinsicAttributes & ZenaDatePickerProps'.
src/components/SmartMatchModal/SmartMatchModal.tsx(38,12): error TS6133: 'error' is declared but its value is never read.
src/components/SyncStatusIndicator/SyncStatusIndicator.property.test.tsx(7,1): error TS6133: 'React' is declared but its value is never read.
src/components/SyncStatusIndicator/SyncStatusIndicator.property.test.tsx(59,42): error TS2345: Argument of type '{ syncQueue: Mock<Procedure>; updatePendingCount: Mock<Procedure>; isOnline: boolean; isSyncing: boolean; pendingActions: number; lastSyncTime: number; dataFreshness: string; unresolvedConflicts: number; }' is not assignable to parameter of type '{ syncQueue: (conflictStrategy?: ConflictResolutionStrategy) => Promise<void>; updatePendingCount: () => Promise<void>; checkConnectivity: () => Promise<void>; ... 5 more ...; unresolvedConflicts: number; }'.
  Property 'checkConnectivity' is missing in type '{ syncQueue: Mock<Procedure>; updatePendingCount: Mock<Procedure>; isOnline: boolean; isSyncing: boolean; pendingActions: number; lastSyncTime: number; dataFreshness: string; unresolvedConflicts: number; }' but required in type '{ syncQueue: (conflictStrategy?: ConflictResolutionStrategy) => Promise<void>; updatePendingCount: () => Promise<void>; checkConnectivity: () => Promise<void>; ... 5 more ...; unresolvedConflicts: number; }'.
src/components/SyncStatusIndicator/SyncStatusIndicator.property.test.tsx(67,15): error TS2322: Type 'string' is not assignable to type '"inline" | "top-right" | "bottom-right" | undefined'.
src/components/SyncStatusIndicator/SyncStatusIndicator.property.test.tsx(130,42): error TS2345: Argument of type '{ syncQueue: Mock<Procedure>; updatePendingCount: Mock<Procedure>; isOnline: boolean; isSyncing: boolean; pendingActions: number; lastSyncTime: number | null; dataFreshness: string; unresolvedConflicts: number; }' is not assignable to parameter of type '{ syncQueue: (conflictStrategy?: ConflictResolutionStrategy) => Promise<void>; updatePendingCount: () => Promise<void>; checkConnectivity: () => Promise<void>; ... 5 more ...; unresolvedConflicts: number; }'.
  Property 'checkConnectivity' is missing in type '{ syncQueue: Mock<Procedure>; updatePendingCount: Mock<Procedure>; isOnline: boolean; isSyncing: boolean; pendingActions: number; lastSyncTime: number | null; dataFreshness: string; unresolvedConflicts: number; }' but required in type '{ syncQueue: (conflictStrategy?: ConflictResolutionStrategy) => Promise<void>; updatePendingCount: () => Promise<void>; checkConnectivity: () => Promise<void>; ... 5 more ...; unresolvedConflicts: number; }'.
src/components/SyncStatusIndicator/SyncStatusIndicator.property.test.tsx(137,34): error TS2322: Type 'string' is not assignable to type '"inline" | "top-right" | "bottom-right" | undefined'.
src/components/SyncStatusIndicator/SyncStatusIndicator.property.test.tsx(188,38): error TS2345: Argument of type '{ syncQueue: Mock<Procedure>; updatePendingCount: Mock<Procedure>; isOnline: boolean; isSyncing: boolean; pendingActions: number; lastSyncTime: number; dataFreshness: "stale"; unresolvedConflicts: number; }' is not assignable to parameter of type '{ syncQueue: (conflictStrategy?: ConflictResolutionStrategy) => Promise<void>; updatePendingCount: () => Promise<void>; checkConnectivity: () => Promise<void>; ... 5 more ...; unresolvedConflicts: number; }'.
  Property 'checkConnectivity' is missing in type '{ syncQueue: Mock<Procedure>; updatePendingCount: Mock<Procedure>; isOnline: boolean; isSyncing: boolean; pendingActions: number; lastSyncTime: number; dataFreshness: "stale"; unresolvedConflicts: number; }' but required in type '{ syncQueue: (conflictStrategy?: ConflictResolutionStrategy) => Promise<void>; updatePendingCount: () => Promise<void>; checkConnectivity: () => Promise<void>; ... 5 more ...; unresolvedConflicts: number; }'.
src/components/SyncStatusIndicator/SyncStatusIndicator.property.test.tsx(217,42): error TS2345: Argument of type '{ syncQueue: Mock<Procedure>; updatePendingCount: Mock<Procedure>; isOnline: boolean; isSyncing: boolean; pendingActions: number; lastSyncTime: number | null; dataFreshness: string; unresolvedConflicts: number; }' is not assignable to parameter of type '{ syncQueue: (conflictStrategy?: ConflictResolutionStrategy) => Promise<void>; updatePendingCount: () => Promise<void>; checkConnectivity: () => Promise<void>; ... 5 more ...; unresolvedConflicts: number; }'.
  Property 'checkConnectivity' is missing in type '{ syncQueue: Mock<Procedure>; updatePendingCount: Mock<Procedure>; isOnline: boolean; isSyncing: boolean; pendingActions: number; lastSyncTime: number | null; dataFreshness: string; unresolvedConflicts: number; }' but required in type '{ syncQueue: (conflictStrategy?: ConflictResolutionStrategy) => Promise<void>; updatePendingCount: () => Promise<void>; checkConnectivity: () => Promise<void>; ... 5 more ...; unresolvedConflicts: number; }'.
src/components/SyncStatusIndicator/SyncStatusIndicator.property.test.tsx(224,34): error TS2322: Type 'string' is not assignable to type '"inline" | "top-right" | "bottom-right" | undefined'.
src/components/SyncStatusIndicator/SyncStatusIndicator.property.test.tsx(270,42): error TS2345: Argument of type '{ syncQueue: Mock<Procedure>; updatePendingCount: Mock<Procedure>; isOnline: boolean; isSyncing: boolean; pendingActions: number; lastSyncTime: null; dataFreshness: string; unresolvedConflicts: number; }' is not assignable to parameter of type '{ syncQueue: (conflictStrategy?: ConflictResolutionStrategy) => Promise<void>; updatePendingCount: () => Promise<void>; checkConnectivity: () => Promise<void>; ... 5 more ...; unresolvedConflicts: number; }'.
  Property 'checkConnectivity' is missing in type '{ syncQueue: Mock<Procedure>; updatePendingCount: Mock<Procedure>; isOnline: boolean; isSyncing: boolean; pendingActions: number; lastSyncTime: null; dataFreshness: string; unresolvedConflicts: number; }' but required in type '{ syncQueue: (conflictStrategy?: ConflictResolutionStrategy) => Promise<void>; updatePendingCount: () => Promise<void>; checkConnectivity: () => Promise<void>; ... 5 more ...; unresolvedConflicts: number; }'.
src/components/SyncStatusIndicator/SyncStatusIndicator.property.test.tsx(309,36): error TS2345: Argument of type '{ syncQueue: Mock<Procedure>; updatePendingCount: Mock<Procedure>; isOnline: boolean; isSyncing: boolean; pendingActions: number; lastSyncTime: number; dataFreshness: "fresh"; unresolvedConflicts: number; }' is not assignable to parameter of type '{ syncQueue: (conflictStrategy?: ConflictResolutionStrategy) => Promise<void>; updatePendingCount: () => Promise<void>; checkConnectivity: () => Promise<void>; ... 5 more ...; unresolvedConflicts: number; }'.
  Property 'checkConnectivity' is missing in type '{ syncQueue: Mock<Procedure>; updatePendingCount: Mock<Procedure>; isOnline: boolean; isSyncing: boolean; pendingActions: number; lastSyncTime: number; dataFreshness: "fresh"; unresolvedConflicts: number; }' but required in type '{ syncQueue: (conflictStrategy?: ConflictResolutionStrategy) => Promise<void>; updatePendingCount: () => Promise<void>; checkConnectivity: () => Promise<void>; ... 5 more ...; unresolvedConflicts: number; }'.
src/components/SyncStatusIndicator/SyncStatusIndicator.property.test.tsx(335,42): error TS2345: Argument of type '{ syncQueue: Mock<Procedure>; updatePendingCount: Mock<Procedure>; isOnline: boolean; isSyncing: boolean; pendingActions: number; lastSyncTime: number | null; dataFreshness: string; unresolvedConflicts: number; }' is not assignable to parameter of type '{ syncQueue: (conflictStrategy?: ConflictResolutionStrategy) => Promise<void>; updatePendingCount: () => Promise<void>; checkConnectivity: () => Promise<void>; ... 5 more ...; unresolvedConflicts: number; }'.
  Property 'checkConnectivity' is missing in type '{ syncQueue: Mock<Procedure>; updatePendingCount: Mock<Procedure>; isOnline: boolean; isSyncing: boolean; pendingActions: number; lastSyncTime: number | null; dataFreshness: string; unresolvedConflicts: number; }' but required in type '{ syncQueue: (conflictStrategy?: ConflictResolutionStrategy) => Promise<void>; updatePendingCount: () => Promise<void>; checkConnectivity: () => Promise<void>; ... 5 more ...; unresolvedConflicts: number; }'.
src/components/ThemeToggle/ThemeToggle.property.test.ts(5,18): error TS6133: 'screen' is declared but its value is never read.
src/components/ThemeToggle/ThemeToggle.property.test.ts(65,15): error TS2769: No overload matches this call.
  The last overload gave the following error.
    Type 'string' is not assignable to type '"day" | "night"'.
src/components/ThemeToggle/ThemeToggle.property.test.ts(111,15): error TS6133: 'transitionStartTime' is declared but its value is never read.
src/components/ThemeToggle/ThemeToggle.property.test.ts(112,15): error TS6133: 'transitionEndTime' is declared but its value is never read.
src/components/ThemeToggle/ThemeToggle.property.test.ts(120,15): error TS2769: No overload matches this call.
  The last overload gave the following error.
    Type 'string' is not assignable to type '"day" | "night"'.
src/components/ThemeToggle/ThemeToggle.property.test.ts(197,15): error TS2769: No overload matches this call.
  The last overload gave the following error.
    Type 'string' is not assignable to type '"day" | "night"'.
src/components/ThemeToggle/ThemeToggle.property.test.ts(236,15): error TS2769: No overload matches this call.
  The last overload gave the following error.
    Type 'string' is not assignable to type '"day" | "night"'.
src/components/ThreadCard/SwipeableThreadCard.tsx(159,11): error TS2322: Type '((threadId: string, action: "view" | "snooze" | "send_draft") => void) | undefined' is not assignable to type '((threadId: string, action: "view" | "archive" | "snooze" | "send_draft" | "mark_read" | "delete" | "forward" | "move_to") => void) | undefined'.
  Type '(threadId: string, action: "view" | "snooze" | "send_draft") => void' is not assignable to type '(threadId: string, action: "view" | "archive" | "snooze" | "send_draft" | "mark_read" | "delete" | "forward" | "move_to") => void'.
    Types of parameters 'action' and 'action' are incompatible.
      Type '"view" | "archive" | "snooze" | "send_draft" | "mark_read" | "delete" | "forward" | "move_to"' is not assignable to type '"view" | "snooze" | "send_draft"'.
        Type '"archive"' is not assignable to type '"view" | "snooze" | "send_draft"'.
src/components/ThreadCard/ThreadCard.animation-timing.property.test.tsx(10,24): error TS6133: 'expect' is declared but its value is never read.
src/components/ThreadCard/ThreadCard.animation-timing.property.test.tsx(11,18): error TS6133: 'fireEvent' is declared but its value is never read.
src/components/ThreadCard/ThreadCard.animation-timing.property.test.tsx(11,29): error TS6133: 'waitFor' is declared but its value is never read.
src/components/ThreadCard/ThreadCard.animation-timing.property.test.tsx(14,10): error TS6133: 'Thread' is declared but its value is never read.
src/components/ThreadCard/ThreadCard.animation-timing.property.test.tsx(95,15): error TS2739: Type '{ id: string; subject: string; summary: string; aiSummary: string | null; classification: ThreadClassification; riskLevel: RiskLevel; lastMessageAt: string; ... 5 more ...; draftResponse: string | null; }' is missing the following properties from type 'Thread': createdAt, messageCount, unreadCount
src/components/ThreadCard/ThreadCard.animation-timing.property.test.tsx(103,15): error TS2739: Type '{ id: string; subject: string; summary: string; aiSummary: string | null; classification: ThreadClassification; riskLevel: RiskLevel; lastMessageAt: string; ... 5 more ...; draftResponse: string | null; }' is missing the following properties from type 'Thread': createdAt, messageCount, unreadCount
src/components/ThreadCard/ThreadCard.animation-timing.property.test.tsx(130,25): error TS2739: Type '{ id: string; subject: string; summary: string; aiSummary: string | null; classification: ThreadClassification; riskLevel: RiskLevel; lastMessageAt: string; ... 5 more ...; draftResponse: string | null; }' is missing the following properties from type 'Thread': createdAt, messageCount, unreadCount
src/components/ThreadCard/ThreadCard.animation-timing.property.test.tsx(156,15): error TS2739: Type '{ id: string; subject: string; summary: string; aiSummary: string | null; classification: ThreadClassification; riskLevel: RiskLevel; lastMessageAt: string; ... 5 more ...; draftResponse: string | null; }' is missing the following properties from type 'Thread': createdAt, messageCount, unreadCount
src/components/ThreadCard/ThreadCard.animation-timing.property.test.tsx(196,15): error TS2739: Type '{ id: string; subject: string; summary: string; aiSummary: string | null; classification: ThreadClassification; riskLevel: RiskLevel; lastMessageAt: string; ... 5 more ...; draftResponse: string | null; }' is missing the following properties from type 'Thread': createdAt, messageCount, unreadCount
src/components/ThreadCard/ThreadCard.animation-timing.property.test.tsx(241,15): error TS2739: Type '{ id: string; subject: string; summary: string; aiSummary: string | null; classification: ThreadClassification; riskLevel: RiskLevel; lastMessageAt: string; ... 5 more ...; draftResponse: string | null; }' is missing the following properties from type 'Thread': createdAt, messageCount, unreadCount
src/components/ThreadCard/ThreadCard.blur-prevention.property.test.tsx(15,10): error TS6133: 'Thread' is declared but its value is never read.
src/components/ThreadCard/ThreadCard.blur-prevention.property.test.tsx(60,72): error TS2551: Property 'webkitBackdropFilter' does not exist on type 'CSSStyleDeclaration'. Did you mean 'backdropFilter'?
src/components/ThreadCard/ThreadCard.blur-prevention.property.test.tsx(71,40): error TS2304: Cannot find name 'vi'.
src/components/ThreadCard/ThreadCard.blur-prevention.property.test.tsx(75,15): error TS2739: Type '{ id: string; subject: string; summary: string; aiSummary: string | null; classification: ThreadClassification; riskLevel: RiskLevel; lastMessageAt: string; ... 5 more ...; draftResponse: string | null; }' is missing the following properties from type 'Thread': createdAt, messageCount, unreadCount
src/components/ThreadCard/ThreadCard.blur-prevention.property.test.tsx(106,15): error TS2739: Type '{ id: string; subject: string; summary: string; aiSummary: string | null; classification: ThreadClassification; riskLevel: RiskLevel; lastMessageAt: string; ... 5 more ...; draftResponse: string | null; }' is missing the following properties from type 'Thread': createdAt, messageCount, unreadCount
src/components/ThreadCard/ThreadCard.blur-prevention.property.test.tsx(118,15): error TS2739: Type '{ id: string; subject: string; summary: string; aiSummary: string | null; classification: ThreadClassification; riskLevel: RiskLevel; lastMessageAt: string; ... 5 more ...; draftResponse: string | null; }' is missing the following properties from type 'Thread': createdAt, messageCount, unreadCount
src/components/ThreadCard/ThreadCard.blur-prevention.property.test.tsx(146,19): error TS2739: Type '{ id: string; subject: string; summary: string; aiSummary: string | null; classification: ThreadClassification; riskLevel: RiskLevel; lastMessageAt: string; ... 5 more ...; draftResponse: string | null; }' is missing the following properties from type 'Thread': createdAt, messageCount, unreadCount
src/components/ThreadCard/ThreadCard.blur-prevention.property.test.tsx(172,15): error TS2739: Type '{ id: string; subject: string; summary: string; aiSummary: string | null; classification: ThreadClassification; riskLevel: RiskLevel; lastMessageAt: string; ... 5 more ...; draftResponse: string | null; }' is missing the following properties from type 'Thread': createdAt, messageCount, unreadCount
src/components/ThreadPreviewPanel/index.ts(3,16): error TS2304: Cannot find name 'ThreadPreviewPanel'.
src/components/VoiceRecorder/VoiceRecorder.property.test.ts(44,22): error TS2540: Cannot assign to 'mediaDevices' because it is a read-only property.
src/components/VoiceRecorder/VoiceRecorder.property.test.ts(400,10): error TS6133: 'duration' is declared but its value is never read.
src/components/VoiceRecorder/VoiceRecorder.property.test.ts(425,10): error TS6133: 'textContent' is declared but its value is never read.
src/components/VoiceRecorder/VoiceRecorder.tsx(27,3): error TS6133: 'onTranscriptionReceived' is declared but its value is never read.
src/components/VoiceRecorder/VoiceRecorder.tsx(28,3): error TS6133: 'onEntitiesExtracted' is declared but its value is never read.
src/components/VoiceRecorder/VoiceRecorder.tsx(41,10): error TS6133: 'recordingDuration' is declared but its value is never read.
src/components/VoiceRecorder/VoiceRecorder.tsx(205,9): error TS6133: 'formatDuration' is declared but its value is never read.
src/components/WeatherTimeWidget/WeatherTimeWidget.property.test.tsx(1,1): error TS6133: 'React' is declared but its value is never read.
src/components/WeatherTimeWidget/WeatherTimeWidget.property.test.tsx(3,18): error TS6133: 'screen' is declared but its value is never read.
src/components/WeatherTimeWidget/WeatherTimeWidget.property.test.tsx(3,26): error TS6133: 'waitFor' is declared but its value is never read.
src/components/WeatherTimeWidget/WeatherTimeWidget.property.test.tsx(150,70): error TS6133: 'success' is declared but its value is never read.
src/components/WeatherTimeWidget/WeatherTimeWidget.property.test.tsx(178,62): error TS6133: 'success' is declared but its value is never read.
src/components/WeatherTimeWidget/WeatherTimeWidget.property.test.tsx(238,72): error TS6133: 'success' is declared but its value is never read.
src/components/WeatherTimeWidget/WeatherTimeWidget.property.test.tsx(243,72): error TS6133: 'success' is declared but its value is never read.
src/components/ZenaActionsModal/ZenaActionsModal.tsx(2,45): error TS6133: 'Calendar' is declared but its value is never read.
src/components/ZenaActionsModal/ZenaActionsModal.tsx(2,55): error TS6133: 'CheckCircle' is declared but its value is never read.
src/components/ZenaAvatar/GodotAvatar.tsx(1,25): error TS6133: 'useCallback' is declared but its value is never read.
src/components/ZenaAvatar/GodotAvatar.tsx(1,38): error TS6133: 'useEffect' is declared but its value is never read.
src/components/ZenaAvatar/ZenaAvatar.property.test.ts(45,10): error TS6133: 'parseGradientColors' is declared but its value is never read.
src/components/ZenaAvatar/ZenaAvatar.property.test.ts(150,41): error TS6133: 'size' is declared but its value is never read.
src/components/ZenaAvatar/ZenaAvatar.property.test.ts(168,42): error TS6133: 'state' is declared but its value is never read.
src/components/ZenaAvatar/ZenaAvatar.state.property.test.ts(86,7): error TS6133: 'intensityGenerator' is declared but its value is never read.
src/components/ZenaAvatar/ZenaAvatar.state.property.test.ts(102,10): error TS6133: 'getExpectedAnimationDuration' is declared but its value is never read.
src/components/ZenaBatchComposeModal/ZenaBatchComposeModal.tsx(3,23): error TS6133: 'Shield' is declared but its value is never read.
src/components/ZenaBatchPropertyTagModal/ZenaBatchPropertyTagModal.tsx(3,23): error TS6133: 'Home' is declared but its value is never read.
src/components/ZenaBatchPropertyTagModal/ZenaBatchPropertyTagModal.tsx(3,29): error TS6133: 'Building2' is declared but its value is never read.
src/components/ZenaBatchPropertyTagModal/ZenaBatchPropertyTagModal.tsx(3,40): error TS6133: 'MapPin' is declared but its value is never read.
src/components/ZenaBatchPropertyTagModal/ZenaBatchPropertyTagModal.tsx(16,6): error TS6196: 'PropertyType' is declared but never used.
src/components/ZenaConflictModal/debug-check.ts(1,1): error TS6133: 'api' is declared but its value is never read.
src/components/ZenaConflictModal/debug-check.ts(1,21): error TS2307: Cannot find module '../src/utils/apiClient' or its corresponding type declarations.
src/components/ZenaConflictModal/debug-check.ts(4,10): error TS6133: 'checkModalExistence' is declared but its value is never read.
src/components/ZenaDatePicker/ZenaDatePicker.tsx(3,36): error TS6133: 'Clock' is declared but its value is never read.
src/components/ZenaDatePicker/ZenaDatePicker.tsx(3,92): error TS6133: 'ChevronUp' is declared but its value is never read.
src/components/ZenaDatePicker/ZenaDatePicker.tsx(3,103): error TS6133: 'ChevronDown' is declared but its value is never read.
src/components/ZenaDatePicker/ZenaDatePicker.tsx(28,12): error TS6133: 'dropdownPosition' is declared but its value is never read.
src/components/ZenaDatePicker/ZenaDatePicker.tsx(92,11): error TS6133: 'handleTimeClick' is declared but its value is never read.
src/components/ZenaDatePicker/ZenaDatePicker.tsx(99,11): error TS6133: 'handleCustomTimeChange' is declared but its value is never read.
src/components/ZenaDatePicker/ZenaDatePicker.tsx(158,11): error TS6133: 'timeSlots' is declared but its value is never read.
src/components/ZenaTimePicker/ZenaTimePicker.tsx(16,5): error TS6133: 'label' is declared but its value is never read.
src/hooks/useAsyncOperation.ts(56,20): error TS2554: Expected 0 arguments, but got 1.
src/hooks/useContactIntelligence.ts(2,1): error TS6133: 'EngagementScore' is declared but its value is never read.
src/hooks/useContactIntelligence.ts(36,12): error TS6133: 'socket' is declared but its value is never read.
src/hooks/useFilterState.property.test.ts(15,27): error TS6133: 'waitFor' is declared but its value is never read.
src/hooks/useFilterState.property.test.ts(23,7): error TS6133: 'filterTypeArb' is declared but its value is never read.
src/hooks/useKeyboardNavigation.crash.test.ts(7,46): error TS2339: Property 'SpeechRecognition' does not exist on type 'Window & typeof globalThis'.
src/hooks/useOffline.ts(8,3): error TS6133: 'processSyncQueue' is declared but its value is never read.
src/hooks/usePersonalization.property.test.ts(6,44): error TS6133: 'PersonalizationPreferences' is declared but its value is never read.
src/hooks/usePersonalization.property.test.ts(75,17): error TS2322: Type 'string | null' is not assignable to type '"low" | "medium" | "high" | undefined'.
  Type 'null' is not assignable to type '"low" | "medium" | "high" | undefined'.
src/hooks/usePersonalization.property.test.ts(132,17): error TS2322: Type 'string | null' is not assignable to type '"low" | "medium" | "high" | undefined'.
  Type 'null' is not assignable to type '"low" | "medium" | "high" | undefined'.
src/hooks/usePersonalization.property.test.ts(215,21): error TS2322: Type 'string' is not assignable to type '"night" | "morning" | "afternoon" | "evening"'.
src/hooks/usePersonalization.property.test.ts(260,17): error TS2322: Type 'string | null' is not assignable to type '"low" | "medium" | "high" | undefined'.
  Type 'null' is not assignable to type '"low" | "medium" | "high" | undefined'.
src/hooks/usePersonalization.property.test.ts(266,17): error TS6133: 'preferences1' is declared but its value is never read.
src/hooks/usePersonalization.property.test.ts(267,17): error TS6133: 'usagePatterns1' is declared but its value is never read.
src/hooks/usePersonalization.property.test.ts(305,14): error TS6133: 'emptyPatterns' is declared but its value is never read.
src/hooks/usePersonalization.property.test.ts(358,17): error TS2322: Type 'string | null' is not assignable to type '"low" | "medium" | "high" | undefined'.
  Type 'null' is not assignable to type '"low" | "medium" | "high" | undefined'.
src/hooks/usePropertyIntelligence.ts(1,31): error TS6133: 'useCallback' is declared but its value is never read.
src/hooks/useReplyComposer.property.test.ts(15,18): error TS6133: 'ReplyData' is declared but its value is never read.
src/hooks/useReplyComposer.property.test.ts(59,7): error TS6133: 'threadArb' is declared but its value is never read.
src/hooks/useReplyComposer.property.test.ts(79,7): error TS6133: 'replyDataArb' is declared but its value is never read.
src/hooks/useReplyComposer.property.test.ts(90,7): error TS6133: 'validReplyDataArb' is declared but its value is never read.
src/hooks/useReplyComposer.property.test.ts(101,7): error TS6133: 'invalidReplyDataArb' is declared but its value is never read.
src/hooks/useReplyComposer.property.test.ts(136,27): error TS2339: Property 'templates' does not exist on type 'UseReplyComposerReturn'.
src/hooks/useReplyComposer.property.test.ts(137,27): error TS2339: Property 'templatesLoading' does not exist on type 'UseReplyComposerReturn'.
src/hooks/useResponsive.ts(1,31): error TS6133: 'useCallback' is declared but its value is never read.
src/hooks/useTaskIntelligence.ts(8,5): error TS6133: 'PowerMove' is declared but its value is never read.
src/hooks/useTaskIntelligence.ts(11,16): error TS6133: 'Contact' is declared but its value is never read.
src/hooks/useTaskIntelligence.ts(11,31): error TS2307: Cannot find module '../types' or its corresponding type declarations.
src/hooks/useTaskIntelligence.ts(43,19): error TS6133: 'contacts' is declared but its value is never read.
src/hooks/useThreadActions.property.test.ts(14,27): error TS6133: 'waitFor' is declared but its value is never read.
src/hooks/useVoiceInteraction.property.test.ts(38,16): error TS6133: 'transcript' is declared but its value is never read.
src/hooks/useVoiceInteraction.ts(67,11): error TS2353: Object literal may only specify known properties, and 'signal' does not exist in type 'Omit<ApiRequestOptions, "method" | "body">'.
src/hooks/useVoiceInteraction.ts(131,11): error TS2353: Object literal may only specify known properties, and 'signal' does not exist in type 'Omit<ApiRequestOptions, "method" | "body">'.
src/models/newPage.types.property.test.ts(10,24): error TS6133: 'expect' is declared but its value is never read.
src/pages/AskZenaPage/AskZenaPage.tsx(673,23): error TS6133: 'tempId' is declared but its value is never read.
src/pages/AskZenaPage/AskZenaPage.tsx(1349,41): error TS2322: Type '{ role: "system"; content: string; }' is not assignable to type '{ role: "user" | "assistant"; content: string; }'.
  Types of property 'role' are incompatible.
    Type '"system"' is not assignable to type '"user" | "assistant"'.
src/pages/AskZenaPage/AskZenaRouting.property.test.ts(4,32): error TS6133: 'vi' is declared but its value is never read.
src/pages/CalendarPage/CalendarPage.comprehensive.test.tsx(5,1): error TS6133: 'React' is declared but its value is never read.
src/pages/CalendarPage/CalendarPage.tsx(2,1): error TS6133: 'createPortal' is declared but its value is never read.
src/pages/CalendarPage/CalendarPage.tsx(85,12): error TS6133: 'isConfirming' is declared but its value is never read.
src/pages/CalendarPage/CalendarPage.tsx(85,26): error TS6133: 'setIsConfirming' is declared but its value is never read.
src/pages/CalendarPage/CalendarPage.tsx(116,12): error TS6133: 'briefingLoading' is declared but its value is never read.
src/pages/CalendarPage/CalendarPage.tsx(118,12): error TS6133: 'isScheduling' is declared but its value is never read.
src/pages/CalendarPage/CalendarPage.tsx(118,26): error TS6133: 'setIsScheduling' is declared but its value is never read.
src/pages/CalendarPage/CalendarPage.tsx(119,12): error TS6133: 'selectedSlot' is declared but its value is never read.
src/pages/CalendarPage/CalendarPage.tsx(119,26): error TS6133: 'setSelectedSlot' is declared but its value is never read.
src/pages/CalendarPage/CalendarPage.tsx(250,17): error TS1117: An object literal cannot have multiple properties with the same name.
src/pages/CalendarPage/CalendarPage.tsx(267,103): error TS2339: Property 'title' does not exist on type '{ id: string; type: string; date: string; endTime?: string | undefined; notes?: string | undefined; }'.
src/pages/CalendarPage/CalendarPage.tsx(278,29): error TS1117: An object literal cannot have multiple properties with the same name.
src/pages/CalendarPage/CalendarPage.tsx(536,33): error TS2561: Object literal may only specify known properties, but 'justifyCenter' does not exist in type 'Properties<string | number, string & {}>'. Did you mean to write 'justifyContent'?
src/pages/CalendarPage/CalendarPage.tsx(540,34): error TS2304: Cannot find name 'Brain'.
src/pages/CalendarPage/CalendarPage.tsx(575,57): error TS2304: Cannot find name 'handleOptimiseDay'.
src/pages/CalendarPage/CalendarPage.tsx(753,77): error TS6133: 'index' is declared but its value is never read.
src/pages/CalendarPage/CalendarPage.tsx(792,97): error TS18048: 'appt.property' is possibly 'undefined'.
src/pages/ConnectionCentrePage/ConnectionCentrePage.tsx(6,5): error TS6133: 'TrendingUp' is declared but its value is never read.
src/pages/ConnectionCentrePage/ConnectionCentrePage.tsx(7,5): error TS6133: 'Home' is declared but its value is never read.
src/pages/ConnectionCentrePage/ConnectionCentrePage.tsx(8,5): error TS6133: 'BarChart3' is declared but its value is never read.
src/pages/ConnectionCentrePage/ConnectionCentrePage.tsx(9,5): error TS6133: 'Tag' is declared but its value is never read.
src/pages/ConnectionCentrePage/ConnectionCentrePage.tsx(10,5): error TS6133: 'Globe' is declared but its value is never read.
src/pages/ConnectionCentrePage/ConnectionCentrePage.tsx(11,5): error TS6133: 'Building2' is declared but its value is never read.
src/pages/ConnectionCentrePage/ConnectionCentrePage.tsx(13,5): error TS6133: 'FileText' is declared but its value is never read.
src/pages/ConnectionCentrePage/ConnectionCentrePage.tsx(14,5): error TS6133: 'Plus' is declared but its value is never read.
src/pages/ConnectionCentrePage/ConnectionCentrePage.tsx(22,5): error TS6133: 'Search' is declared but its value is never read.
src/pages/ConnectionCentrePage/ConnectionCentrePage.tsx(51,11): error TS6133: 'addToast' is declared but its value is never read.
src/pages/ConnectionCentrePage/ConnectionCentrePage.tsx(204,12): error TS6133: 'loading' is declared but its value is never read.
src/pages/ConnectionCentrePage/EmailBridgeSetup.tsx(2,24): error TS6133: 'Send' is declared but its value is never read.
src/pages/ConnectionCentrePage/EmailBridgeSetup.tsx(2,30): error TS6133: 'CheckCircle' is declared but its value is never read.
src/pages/ConnectionCentrePage/EmailBridgeSetup.tsx(2,43): error TS6133: 'Database' is declared but its value is never read.
src/pages/ContactDetailPage/ContactDetailPage.property.test.tsx(98,7): error TS6133: 'roleArb' is declared but its value is never read.
src/pages/ContactDetailPage/ContactDetailPage.property.test.tsx(302,19): error TS6133: 'modalStates' is declared but its value is never read.
src/pages/ContactDetailPage/ContactDetailPage.tsx(17,3): error TS6133: 'Square' is declared but its value is never read.
src/pages/ContactDetailPage/ContactDetailPage.tsx(38,3): error TS6133: 'EngagementScore' is declared but its value is never read.
src/pages/ContactDetailPage/ContactDetailPage.tsx(39,3): error TS6133: 'ContactRole' is declared but its value is never read.
src/pages/ContactDetailPage/ContactDetailPage.tsx(40,3): error TS6133: 'DealStage' is declared but its value is never read.
src/pages/ContactDetailPage/ContactDetailPage.tsx(45,11): error TS6196: 'RelationshipNote' is declared but never used.
src/pages/ContactDetailPage/ContactDetailPage.tsx(115,10): error TS6133: 'noteContent' is declared but its value is never read.
src/pages/ContactDetailPage/ContactDetailPage.tsx(116,10): error TS6133: 'addingNote' is declared but its value is never read.
src/pages/ContactDetailPage/ContactDetailPage.tsx(118,10): error TS6133: 'recordingTime' is declared but its value is never read.
src/pages/ContactDetailPage/ContactDetailPage.tsx(123,10): error TS6133: 'isTranscribing' is declared but its value is never read.
src/pages/ContactDetailPage/ContactDetailPage.tsx(240,9): error TS6133: 'startRecording' is declared but its value is never read.
src/pages/ContactDetailPage/ContactDetailPage.tsx(349,9): error TS6133: 'stopRecording' is declared but its value is never read.
src/pages/ContactDetailPage/ContactDetailPage.tsx(367,9): error TS6133: 'formatRecordingTime' is declared but its value is never read.
src/pages/ContactsPage/ContactsPage.comprehensive.test.tsx(5,35): error TS6133: 'fireEvent' is declared but its value is never read.
src/pages/ContactsPage/ContactsPage.comprehensive.test.tsx(54,33): error TS6133: 'onClose' is declared but its value is never read.
src/pages/ContactsPage/ContactsPage.comprehensive.test.tsx(58,54): error TS6133: 'e' is declared but its value is never read.
src/pages/ContactsPage/ContactsPage.comprehensive.test.tsx(59,55): error TS6133: 'e' is declared but its value is never read.
src/pages/ContactsPage/ContactsPage.property.test.tsx(17,47): error TS6133: 'beforeEach' is declared but its value is never read.
src/pages/ContactsPage/ContactsPage.property.test.tsx(18,18): error TS6133: 'screen' is declared but its value is never read.
src/pages/ContactsPage/ContactsPage.property.test.tsx(18,35): error TS6133: 'fireEvent' is declared but its value is never read.
src/pages/ContactsPage/ContactsPage.property.test.tsx(18,46): error TS6133: 'waitFor' is declared but its value is never read.
src/pages/ContactsPage/ContactsPage.property.test.tsx(18,55): error TS6133: 'within' is declared but its value is never read.
src/pages/ContactsPage/ContactsPage.property.test.tsx(124,7): error TS6133: 'renderWithRouter' is declared but its value is never read.
src/pages/ContactsPage/ContactsPage.property.test.tsx(140,19): error TS6133: 'expectedTexts' is declared but its value is never read.
src/pages/ContactsPage/ContactsPage.property.test.tsx(171,22): error TS6133: 'isBatchMode' is declared but its value is never read.
src/pages/ContactsPage/ContactsPage.property.test.tsx(275,31): error TS6133: 'filterRole' is declared but its value is never read.
src/pages/ContactsPage/ContactsPage.property.test.tsx(600,33): error TS6133: 'state' is declared but its value is never read.
src/pages/ContactsPage/ContactsPage.scenario.test.tsx(2,26): error TS6133: 'waitFor' is declared but its value is never read.
src/pages/ContactsPage/ContactsPage.tsx(19,3): error TS6133: 'Send' is declared but its value is never read.
src/pages/ContactsPage/ContactsPage.tsx(27,3): error TS6133: 'Database' is declared but its value is never read.
src/pages/ContactsPage/ContactsPage.tsx(33,1): error TS6133: 'IntelScoreTooltip' is declared but its value is never read.
src/pages/ContactsPage/ContactsPage.tsx(41,3): error TS6133: 'ContactRole' is declared but its value is never read.
src/pages/ContactsPage/ContactsPage.tsx(134,7): error TS6133: 'ContactLink' is declared but its value is never read.
src/pages/ContactsPage/ContactsPage.tsx(135,9): error TS6133: 'navigate' is declared but its value is never read.
src/pages/ContactsPage/ContactsPage.tsx(175,70): error TS6133: 'isConnected' is declared but its value is never read.
src/pages/ContactsPage/ContactsPage.tsx(189,15): error TS2322: Type 'string' is not assignable to type 'ContactRole'.
src/pages/ContactsPage/ContactsPage.tsx(248,10): error TS6133: 'lastSelectedId' is declared but its value is never read.
src/pages/ContactsPage/ContactsPage.tsx(248,26): error TS6133: 'setLastSelectedId' is declared but its value is never read.
src/pages/ContactsPage/ContactsPage.tsx(467,10): error TS6133: 'isLoadingStrategic' is declared but its value is never read.
src/pages/ContactsPage/ContactsPage.tsx(468,10): error TS6133: 'contactStrategicActions' is declared but its value is never read.
src/pages/ContactsPage/ContactsPage.tsx(573,75): error TS2339: Property 'dealStage' does not exist on type 'Contact'.
src/pages/ContactsPage/ContactsPage.tsx(579,77): error TS2339: Property 'dealStage' does not exist on type 'Contact'.
src/pages/ContactsPage/ContactsPage.tsx(594,19): error TS2345: Argument of type '(prevContacts: Contact[]) => (Contact | { zenaCategory: any; intelligenceSnippet: string | undefined; role: string; id: string; name: string; emails: string[]; phones: string[]; ... 10 more ...; zenaIntelligence?: { ...; } | undefined; })[]' is not assignable to parameter of type 'SetStateAction<Contact[]>'.
  Type '(prevContacts: Contact[]) => (Contact | { zenaCategory: any; intelligenceSnippet: string | undefined; role: string; id: string; name: string; emails: string[]; phones: string[]; ... 10 more ...; zenaIntelligence?: { ...; } | undefined; })[]' is not assignable to type '(prevState: Contact[]) => Contact[]'.
    Type '(Contact | { zenaCategory: any; intelligenceSnippet: string | undefined; role: string; id: string; name: string; emails: string[]; phones: string[]; deals?: any[] | undefined; relationshipNotes?: any[] | undefined; ... 8 more ...; zenaIntelligence?: { ...; } | undefined; })[]' is not assignable to type 'Contact[]'.
      Type 'Contact | { zenaCategory: any; intelligenceSnippet: string | undefined; role: string; id: string; name: string; emails: string[]; phones: string[]; deals?: any[] | undefined; relationshipNotes?: any[] | undefined; ... 8 more ...; zenaIntelligence?: { ...; } | undefined; }' is not assignable to type 'Contact'.
        Type '{ zenaCategory: any; intelligenceSnippet: string | undefined; role: string; id: string; name: string; emails: string[]; phones: string[]; deals?: any[]; relationshipNotes?: any[]; engagementReasoning?: string; ... 7 more ...; zenaIntelligence?: { propertyType?: string; minBudget?: number; maxBudget?: number; locatio...' is not assignable to type 'Contact'.
          Types of property 'role' are incompatible.
            Type 'string' is not assignable to type 'ContactRole'.
src/pages/ContactsPage/ContactsPage.tsx(632,9): error TS6133: 'handleImproveNow' is declared but its value is never read.
src/pages/ContactsPage/ContactsPage.tsx(744,19): error TS6133: 'contactsRequiringDiscovery' is declared but its value is never read.
src/pages/ContactsPage/ContactsPage.tsx(756,66): error TS2339: Property 'dealStage' does not exist on type 'Contact'.
src/pages/ContactsPage/ContactsPage.tsx(777,38): error TS2339: Property 'dealStage' does not exist on type 'Contact'.
src/pages/ContactsPage/ContactsPage.tsx(810,42): error TS7006: Parameter 'c' implicitly has an 'any' type.
src/pages/ContactsPage/ContactsPage.tsx(880,44): error TS2304: Cannot find name 'BatchAction'.
src/pages/ContactsPage/ContactsPage.tsx(886,15): error TS2554: Expected 1 arguments, but got 0.
src/pages/ContactsPage/ContactsPage.tsx(1038,51): error TS2551: Property 'lastCsvExportAt' does not exist on type 'Contact'. Did you mean 'lastCrmExportAt'?
src/pages/ContactsPage/ContactsPage.tsx(1041,13): error TS2551: Property 'lastCsvExportAt' does not exist on type 'Contact'. Did you mean 'lastCrmExportAt'?
src/pages/ContactsPage/ContactsPage.tsx(1041,42): error TS2551: Property 'lastCsvExportAt' does not exist on type 'Contact'. Did you mean 'lastCrmExportAt'?
src/pages/ContactsPage/ContactsPage.tsx(1681,38): error TS2339: Property 'zenaCategory' does not exist on type 'Contact'.
src/pages/ContactsPage/ContactsPage.tsx(1681,62): error TS2339: Property 'zenaCategory' does not exist on type 'Contact'.
src/pages/ContactsPage/ContactsPage.tsx(1684,85): error TS2339: Property 'zenaCategory' does not exist on type 'Contact'.
src/pages/ContactsPage/ContactsPage.tsx(1685,70): error TS2339: Property 'zenaCategory' does not exist on type 'Contact'.
src/pages/ContactsPage/ContactsPage.tsx(1687,64): error TS2339: Property 'zenaCategory' does not exist on type 'Contact'.
src/pages/ContactsPage/ContactsPage.tsx(1763,13): error TS2322: Type 'string | undefined' is not assignable to type '{ action: string; propertyId?: string | undefined; address?: string | undefined; status?: string | undefined; type?: string | undefined; buyerCount?: number | undefined; vendorCount?: number | undefined; daysOnMarket?: number | undefined; listingPrice?: number | ... 1 more ... | undefined; } | undefined'.
  Type 'string' is not assignable to type '{ action: string; propertyId?: string | undefined; address?: string | undefined; status?: string | undefined; type?: string | undefined; buyerCount?: number | undefined; vendorCount?: number | undefined; daysOnMarket?: number | undefined; listingPrice?: number | ... 1 more ... | undefined; }'.
src/pages/ContactsPage/ContactsPage.tsx(1817,9): error TS2322: Type '(type: ToastType, message: string, action?: { label: string; onClick: () => void; } | undefined) => string' is not assignable to type '(type: "error" | "info" | "warning" | "success", message: string) => void'.
  Types of parameters 'type' and 'type' are incompatible.
    Type '"error" | "info" | "warning" | "success"' is not assignable to type 'ToastType'.
      Type '"warning"' is not assignable to type 'ToastType'.
src/pages/ContactsPage/ContactsPage.tsx(1832,8): error TS2741: Property 'strategicActions' is missing in type '{ isOpen: boolean; onClose: () => void; contactId: string; contactName: string; contactRole: ContactRole; intelScore: number; momentumVelocity: number; onExecuteStrategy: (action: string, reasoning: string) => void; onImproveNow: (action: string) => void; }' but required in type 'ContactIntelligenceModalProps'.
src/pages/ContactsPage/ContactsPage.tsx(1844,20): error TS2339: Property 'title' does not exist on type 'string'.
src/pages/ContactsPage/ContactsPage.tsx(1846,43): error TS2339: Property 'title' does not exist on type 'string'.
src/pages/DealFlowPage/DealFlowPage.comprehensive.test.tsx(2,26): error TS6133: 'waitFor' is declared but its value is never read.
src/pages/DealFlowPage/DealFlowPage.comprehensive.test.tsx(2,35): error TS6133: 'fireEvent' is declared but its value is never read.
src/pages/DealFlowPage/DealFlowPage.comprehensive.test.tsx(181,46): error TS6133: 'url' is declared but its value is never read.
src/pages/DealFlowPage/DealFlowPage.tsx(5,5): error TS6133: 'Download' is declared but its value is never read.
src/pages/DealFlowPage/DealFlowPage.tsx(232,12): error TS6133: 'isRefreshing' is declared but its value is never read.
src/pages/DealFlowPage/DealFlowPage.tsx(359,47): error TS2339: Property 'status' does not exist on type 'Deal'.
src/pages/DealFlowPage/DealFlowPage.tsx(361,47): error TS2339: Property 'status' does not exist on type 'Deal'.
src/pages/DealFlowPage/DealFlowPage.tsx(639,11): error TS6133: 'handleSync' is declared but its value is never read.
src/pages/EnhancedHomeDashboard/EnhancedHomeDashboard.tsx(47,5): error TS6133: 'calculateWidgetPriority' is declared but its value is never read.
src/pages/EnhancedHomeDashboard/EnhancedHomeDashboard.tsx(334,39): error TS2488: Type 'any[] | undefined' must have a '[Symbol.iterator]()' method that returns an iterator.
src/pages/EnhancedHomeDashboard/EnhancedHomeDashboard.tsx(709,5): error TS6133: 'handleVoiceCommand' is declared but its value is never read.
src/pages/EnhancedHomeDashboard/EnhancedHomeDashboard.tsx(984,11): error TS2322: Type 'EffectiveTheme' is not assignable to type '"day" | "night"'.
  Type '"high-tech"' is not assignable to type '"day" | "night"'.
src/pages/EnhancedHomeDashboard/EnhancedHomeDashboard.tsx(1043,50): error TS2339: Property 'notifications' does not exist on type '{ focusThreadsCount: number; waitingThreadsCount: number; atRiskDealsCount: number; upcomingAppointments: AppointmentSummary[]; urgencyLevel: "low" | "medium" | "high"; }'.
src/pages/EnhancedHomeDashboard/EnhancedHomeDashboard.tsx(1051,22): error TS7006: Parameter 'a' implicitly has an 'any' type.
src/pages/EnhancedHomeDashboard/EnhancedHomeDashboard.tsx(1051,25): error TS7006: Parameter 'b' implicitly has an 'any' type.
src/pages/EnhancedHomeDashboard/EnhancedHomeDashboard.tsx(1052,20): error TS7006: Parameter 'widget' implicitly has an 'any' type.
src/pages/InboxPage/InboxPage.comprehensive.test.tsx(80,15): error TS6133: 'LocationDisplay' is declared but its value is never read.
src/pages/InboxPage/InboxPage.comprehensive.test.tsx(81,19): error TS6133: 'location' is declared but its value is never read.
src/pages/InboxPage/InboxPage.tsx(13,1): error TS6133: 'WaitingPage' is declared but its value is never read.
src/pages/NewPage/index.ts(6,16): error TS2304: Cannot find name 'NewPage'.
src/pages/NewPage/NewPage.crossbrowser.test.tsx(5,29): error TS6133: 'waitFor' is declared but its value is never read.
src/pages/NewPage/NewPage.crossbrowser.test.tsx(62,5): error TS2741: Property 'id' is missing in type '{ name: string; email: string; avatarUrl: undefined; }' but required in type 'Participant'.
src/pages/NewPage/NewPage.crossbrowser.test.tsx(216,13): error TS6133: 'computedStyle' is declared but its value is never read.
src/pages/NewPage/NewPage.integration.test.tsx(13,1): error TS6133: 'React' is declared but its value is never read.
src/pages/NewPage/NewPage.integration.test.tsx(15,1): error TS6133: 'BrowserRouter' is declared but its value is never read.
src/pages/NewPage/NewPage.integration.test.tsx(18,1): error TS6133: 'QuickReplyButton' is declared but its value is never read.
src/pages/NewPage/NewPage.integration.test.tsx(40,3): error TS2322: Type 'null' is not assignable to type 'string | undefined'.
src/pages/NewPage/NewPage.integration.test.tsx(69,7): error TS6133: 'mockUseThreadsState' is declared but its value is never read.
src/pages/NewPage/NewPage.integration.test.tsx(80,7): error TS6133: 'mockUseReplyComposer' is declared but its value is never read.
src/pages/NewPage/NewPage.integration.test.tsx(129,7): error TS2322: Type '{ isOpen: true; thread: Thread; templates: ({ id: string; name: string; content: string; classification: ThreadClassification; category: "scheduling"; variables: never[]; usage_count: number; effectiveness_score: number; } | { ...; })[]; templatesLoading: boolean; onClose: Mock<...>; onSend: Mock<...>; onTemplateSel...' is not assignable to type 'IntrinsicAttributes & ReplyComposerProps'.
  Property 'templates' does not exist on type 'IntrinsicAttributes & ReplyComposerProps'.
src/pages/NewPage/NewPage.integration.test.tsx(274,11): error TS2322: Type '{ aiSummary: null; id: string; subject: string; participants: Participant[]; classification: ThreadClassification; riskLevel: RiskLevel; ... 15 more ...; folderId?: string; }' is not assignable to type 'Thread'.
  Types of property 'aiSummary' are incompatible.
    Type 'null' is not assignable to type 'string | undefined'.
src/pages/NewPage/NewPage.performance.test.tsx(5,29): error TS6133: 'waitFor' is declared but its value is never read.
src/pages/NewPage/NewPage.performance.test.tsx(8,1): error TS6133: 'AISummaryDropdown' is declared but its value is never read.
src/pages/NewPage/NewPage.performance.test.tsx(43,5): error TS2741: Property 'id' is missing in type '{ name: string; email: string; avatarUrl: undefined; }' but required in type 'Participant'.
src/pages/NewPage/NewPage.performance.test.tsx(131,44): error TS2345: Argument of type 'any[]' is not assignable to parameter of type '[keyframes: Keyframe[] | PropertyIndexedKeyframes | null, options?: number | KeyframeAnimationOptions | undefined]'.
  Target requires 1 element(s) but source may have fewer.
src/pages/NewPage/NewPage.performance.test.tsx(260,15): error TS6133: 'computedStyle' is declared but its value is never read.
src/pages/NewPage/NewPage.tsx(260,14): error TS2678: Type '"archive_all"' is not comparable to type 'BatchAction'.
src/pages/NewPage/NewPage.tsx(264,14): error TS2678: Type '"delete_all"' is not comparable to type 'BatchAction'.
src/pages/NewPage/NewPage.tsx(272,14): error TS2678: Type '"snooze_all"' is not comparable to type 'BatchAction'.
src/pages/NewPage/NewPage.tsx(349,49): error TS2304: Cannot find name 'Thread'.
src/pages/PropertiesPage/PropertiesPage.property.test.tsx(18,47): error TS6133: 'beforeEach' is declared but its value is never read.
src/pages/PropertiesPage/PropertiesPage.property.test.tsx(19,10): error TS6133: 'render' is declared but its value is never read.
src/pages/PropertiesPage/PropertiesPage.property.test.tsx(19,18): error TS6133: 'screen' is declared but its value is never read.
src/pages/PropertiesPage/PropertiesPage.property.test.tsx(19,35): error TS6133: 'fireEvent' is declared but its value is never read.
src/pages/PropertiesPage/PropertiesPage.property.test.tsx(19,46): error TS6133: 'waitFor' is declared but its value is never read.
src/pages/PropertiesPage/PropertiesPage.property.test.tsx(19,55): error TS6133: 'within' is declared but its value is never read.
src/pages/PropertiesPage/PropertiesPage.property.test.tsx(21,1): error TS6133: 'MemoryRouter' is declared but its value is never read.
src/pages/PropertiesPage/PropertiesPage.property.test.tsx(22,1): error TS6133: 'React' is declared but its value is never read.
src/pages/PropertiesPage/PropertiesPage.property.test.tsx(176,22): error TS6133: 'isBatchMode' is declared but its value is never read.
src/pages/PropertiesPage/PropertiesPage.property.test.tsx(263,31): error TS6133: 'filterStatus' is declared but its value is never read.
src/pages/PropertiesPage/PropertiesPage.property.test.tsx(618,33): error TS6133: 'state' is declared but its value is never read.
src/pages/PropertiesPage/PropertiesPage.tsx(1,47): error TS6133: 'useRef' is declared but its value is never read.
src/pages/PropertiesPage/PropertiesPage.tsx(17,3): error TS6133: 'Building2' is declared but its value is never read.
src/pages/PropertiesPage/PropertiesPage.tsx(29,3): error TS6133: 'Database' is declared but its value is never read.
src/pages/PropertiesPage/PropertiesPage.tsx(46,1): error TS6133: 'SmartMatchModal' is declared but its value is never read.
src/pages/PropertiesPage/PropertiesPage.tsx(48,37): error TS6133: 'StrategicAction' is declared but its value is never read.
src/pages/PropertiesPage/PropertiesPage.tsx(193,10): error TS6133: 'marketPulse' is declared but its value is never read.
src/pages/PropertiesPage/PropertiesPage.tsx(217,50): error TS2551: Property 'propertyId' does not exist on type 'AutonomousAction'. Did you mean 'property'?
src/pages/PropertiesPage/PropertiesPage.tsx(217,73): error TS2551: Property 'propertyId' does not exist on type 'AutonomousAction'. Did you mean 'property'?
src/pages/PropertiesPage/PropertiesPage.tsx(273,51): error TS2551: Property 'lastCsvExportAt' does not exist on type 'Property'. Did you mean 'lastCrmExportAt'?
src/pages/PropertiesPage/PropertiesPage.tsx(276,13): error TS2551: Property 'lastCsvExportAt' does not exist on type 'Property'. Did you mean 'lastCrmExportAt'?
src/pages/PropertiesPage/PropertiesPage.tsx(276,42): error TS2551: Property 'lastCsvExportAt' does not exist on type 'Property'. Did you mean 'lastCrmExportAt'?
src/pages/PropertiesPage/PropertiesPage.tsx(364,9): error TS6133: 'handleOpenCompose' is declared but its value is never read.
src/pages/PropertiesPage/PropertiesPage.tsx(511,40): error TS2554: Expected 0 arguments, but got 1.
src/pages/PropertiesPage/PropertiesPage.tsx(890,44): error TS2304: Cannot find name 'BatchAction'.
src/pages/PropertiesPage/PropertiesPage.tsx(1482,31): error TS2322: Type '{ size: number; className: string; title: string; }' is not assignable to type 'IntrinsicAttributes & LucideProps'.
  Property 'title' does not exist on type 'IntrinsicAttributes & LucideProps'.
src/pages/PropertiesPage/PropertiesPage.tsx(1550,25): error TS6133: 'isSelected' is declared but its value is never read.
src/pages/PropertiesPage/PropertiesPage.tsx(1747,11): error TS2322: Type 'string | undefined' is not assignable to type '{ action: string; propertyId?: string | undefined; address?: string | undefined; status?: string | undefined; type?: string | undefined; buyerCount?: number | undefined; vendorCount?: number | undefined; daysOnMarket?: number | undefined; listingPrice?: number | ... 1 more ... | undefined; } | undefined'.
  Type 'string' is not assignable to type '{ action: string; propertyId?: string | undefined; address?: string | undefined; status?: string | undefined; type?: string | undefined; buyerCount?: number | undefined; vendorCount?: number | undefined; daysOnMarket?: number | undefined; listingPrice?: number | ... 1 more ... | undefined; }'.
src/pages/PropertiesPage/PropertiesPage.tsx(1824,9): error TS2322: Type '(type: ToastType, message: string, action?: { label: string; onClick: () => void; } | undefined) => string' is not assignable to type '(type: "error" | "info" | "warning" | "success", message: string) => void'.
  Types of parameters 'type' and 'type' are incompatible.
    Type '"error" | "info" | "warning" | "success"' is not assignable to type 'ToastType'.
      Type '"warning"' is not assignable to type 'ToastType'.
src/pages/PropertyDetailPage/PropertyDetailPage.property.test.tsx(86,7): error TS6133: 'statusArb' is declared but its value is never read.
src/pages/PropertyDetailPage/PropertyDetailPage.property.test.tsx(90,7): error TS6133: 'propertyTypeArb' is declared but its value is never read.
src/pages/PropertyDetailPage/PropertyDetailPage.property.test.tsx(347,19): error TS6133: 'modalStates' is declared but its value is never read.
src/pages/PropertyDetailPage/PropertyDetailPage.tsx(16,3): error TS6133: 'Square' is declared but its value is never read.
src/pages/PropertyDetailPage/PropertyDetailPage.tsx(23,3): error TS6133: 'Shield' is declared but its value is never read.
src/pages/PropertyDetailPage/PropertyDetailPage.tsx(25,3): error TS6133: 'ArrowRight' is declared but its value is never read.
src/pages/PropertyDetailPage/PropertyDetailPage.tsx(31,3): error TS6133: 'Target' is declared but its value is never read.
src/pages/PropertyDetailPage/PropertyDetailPage.tsx(152,10): error TS6133: 'noteContent' is declared but its value is never read.
src/pages/PropertyDetailPage/PropertyDetailPage.tsx(153,10): error TS6133: 'addingNote' is declared but its value is never read.
src/pages/PropertyDetailPage/PropertyDetailPage.tsx(155,10): error TS6133: 'usedVoiceRecording' is declared but its value is never read.
src/pages/PropertyDetailPage/PropertyDetailPage.tsx(156,10): error TS6133: 'recordingTime' is declared but its value is never read.
src/pages/PropertyDetailPage/PropertyDetailPage.tsx(161,10): error TS6133: 'isTranscribing' is declared but its value is never read.
src/pages/PropertyDetailPage/PropertyDetailPage.tsx(175,69): error TS6133: 'isConnected' is declared but its value is never read.
src/pages/PropertyDetailPage/PropertyDetailPage.tsx(405,39): error TS6133: 'updatedData' is declared but its value is never read.
src/pages/PropertyDetailPage/PropertyDetailPage.tsx(504,9): error TS6133: 'startRecording' is declared but its value is never read.
src/pages/PropertyDetailPage/PropertyDetailPage.tsx(560,9): error TS6133: 'stopRecording' is declared but its value is never read.
src/pages/PropertyDetailPage/PropertyDetailPage.tsx(577,9): error TS6133: 'formatRecordingTime' is declared but its value is never read.
src/pages/TasksPage/TasksPage.clickable-links.property.test.tsx(2,37): error TS6133: 'waitFor' is declared but its value is never read.
src/pages/TasksPage/TasksPage.clickable-links.property.test.tsx(6,1): error TS6133: 'router' is declared but its value is never read.
src/pages/TasksPage/TasksPage.clickable-links.property.test.tsx(89,27): error TS6133: 'data' is declared but its value is never read.
src/pages/TasksPage/TasksPage.clickable-links.property.test.tsx(147,27): error TS6133: 'data' is declared but its value is never read.
src/pages/TasksPage/TasksPage.clickable-links.property.test.tsx(213,27): error TS6133: 'container' is declared but its value is never read.
src/pages/TasksPage/TasksPage.comprehensive.test.tsx(1,1): error TS6133: 'React' is declared but its value is never read.
src/pages/TasksPage/TasksPage.tsx(41,31): error TS6133: 'TaskSuggestion' is declared but its value is never read.
src/pages/TasksPage/TasksPage.tsx(546,73): error TS6133: 'intelLoading' is declared but its value is never read.
src/pages/TasksPage/TasksPage.tsx(803,39): error TS2339: Property 'dealId' does not exist on type 'Task'.
src/pages/TasksPage/TasksPage.tsx(803,64): error TS2339: Property 'dealId' does not exist on type 'Task'.
src/pages/TasksPage/TasksPage.tsx(804,39): error TS2339: Property 'dealId' does not exist on type 'Task'.
src/pages/TasksPage/TasksPage.tsx(804,64): error TS2339: Property 'dealId' does not exist on type 'Task'.
src/pages/TasksPage/TasksPage.tsx(901,40): error TS2353: Object literal may only specify known properties, and 'taskTitle' does not exist in type '{ taskId: string; label: string; } | ((prevState: { taskId: string; label: string; } | null) => { taskId: string; label: string; } | null)'.
src/pages/TasksPage/TasksPage.tsx(952,40): error TS2339: Property 'dealId' does not exist on type 'Task'.
src/pages/TasksPage/TasksPage.tsx(1126,39): error TS2339: Property 'dealId' does not exist on type 'Task'.
src/pages/TasksPage/TasksPage.tsx(1126,62): error TS2339: Property 'dealId' does not exist on type 'Task'.
src/pages/TasksPage/TasksPage.tsx(1129,64): error TS2339: Property 'dealId' does not exist on type 'Task'.
src/pages/TasksPage/TasksPage.tsx(1130,88): error TS2339: Property 'dealId' does not exist on type 'Task'.
src/pages/TasksPage/TasksPage.tsx(1540,74): error TS2339: Property 'taskTitle' does not exist on type '{ taskId: string; label: string; }'.
src/pages/ZenaAskPage/ZenaAskPage.tsx(31,12): error TS6133: 'zenaResponse' is declared but its value is never read.
src/scenarios/S53_InboxToTask.scenario.test.ts(4,1): error TS6133: 'tasksActionsService' is declared but its value is never read.
src/scenarios/S53_InboxToTask.scenario.test.ts(14,11): error TS6133: 'mockContactId' is declared but its value is never read.
src/services/conflictDetectionService.property.test.ts(16,36): error TS6133: 'ThreadUpdate' is declared but its value is never read.
src/services/conflictDetectionService.property.test.ts(120,15): error TS6133: 'conflictDetected' is declared but its value is never read.
src/services/conflictDetectionService.property.test.ts(121,15): error TS6133: 'conflictDetails' is declared but its value is never read.
src/services/conflictDetectionService.property.test.ts(139,19): error TS6133: 'mockRealTimeUpdate' is declared but its value is never read.
src/services/conflictDetectionService.property.test.ts(153,23): error TS6133: 'conflictUpdate' is declared but its value is never read.
src/services/conflictDetectionService.property.test.ts(343,15): error TS6133: 'notificationReceived' is declared but its value is never read.
src/services/conflictDetectionService.property.test.ts(344,15): error TS6133: 'notificationSeverity' is declared but its value is never read.
src/services/live-audio.service.property.test.ts(5,10): error TS2724: '"./live-audio.service"' has no exported member named 'LiveAudioService'. Did you mean 'liveAudioService'?
src/services/personalizationService.ts(3,3): error TS6133: 'WidgetPriorityCalculator' is declared but its value is never read.
src/services/personalizationService.ts(4,3): error TS6133: 'WidgetPriorityContext' is declared but its value is never read.
src/services/personalizationService.ts(5,3): error TS6133: 'AgentBehaviorPattern' is declared but its value is never read.
src/services/personalizationService.ts(43,5): error TS6133: 'usagePatterns' is declared but its value is never read.
src/services/personalizationService.ts(44,5): error TS6133: 'preferences' is declared but its value is never read.
src/services/personalizationService.ts(45,5): error TS6133: 'currentContext' is declared but its value is never read.
src/services/personalizationService.ts(50,5): error TS6133: 'workloadMetrics' is declared but its value is never read.
src/services/personalizationService.ts(80,11): error TS6133: 'calculateRecentUsageScores' is declared but its value is never read.
src/services/personalizationService.ts(118,31): error TS2551: Property 'analyseTimePatterns' does not exist on type 'PersonalisationService'. Did you mean 'analyzeTimePatterns'?
src/services/personalizationService.ts(185,11): error TS6133: 'analyzeTimePatterns' is declared but its value is never read.
src/services/personalizationService.ts(185,63): error TS2304: Cannot find name 'PersonalizationInsight'.
src/services/personalizationService.ts(186,21): error TS2304: Cannot find name 'PersonalizationInsight'.
src/services/personalizationService.ts(244,5): error TS6133: 'preferences' is declared but its value is never read.
src/services/personalizationService.ts(245,6): error TS2304: Cannot find name 'PersonalizationInsight'.
src/services/personalizationService.ts(246,21): error TS2304: Cannot find name 'PersonalizationInsight'.
src/services/personalizationService.ts(291,5): error TS6133: 'preferences' is declared but its value is never read.
src/services/personalizationService.ts(292,6): error TS2304: Cannot find name 'PersonalizationInsight'.
src/services/personalizationService.ts(293,21): error TS2304: Cannot find name 'PersonalizationInsight'.
src/services/personalizationService.ts(338,5): error TS6133: 'preferences' is declared but its value is never read.
src/services/personalizationService.ts(409,5): error TS6133: 'context' is declared but its value is never read.
src/services/personalizationService.ts(446,39): error TS2304: Cannot find name 'PersonalizationService'.
src/services/realTimeUpdateNotification.property.test.ts(119,7): error TS6133: 'notificationTimingArbitrary' is declared but its value is never read.
src/services/realTimeUpdateNotification.property.test.ts(222,15): error TS6133: 'receivedNotification' is declared but its value is never read.
src/services/realTimeUpdateNotification.property.test.ts(435,43): error TS6133: 'index' is declared but its value is never read.
src/services/replySendingService.property.test.ts(12,1): error TS6133: 'fc' is declared but its value is never read.
src/services/replySendingService.property.test.ts(15,3): error TS6133: 'replySendingService' is declared but its value is never read.
src/services/replySendingService.property.test.ts(16,3): error TS6133: 'ReplyError' is declared but its value is never read.
src/services/replySendingService.property.test.ts(17,3): error TS6133: 'ConflictError' is declared but its value is never read.
src/services/replySendingService.property.test.ts(19,10): error TS6133: 'ReplyData' is declared but its value is never read.
src/services/replySendingService.property.test.ts(19,43): error TS6133: 'Thread' is declared but its value is never read.
src/services/replySendingService.property.test.ts(147,33): error TS2339: Property 'templateId' does not exist on type '{ threadId: string; recipients: string[]; subject: string; message: string; }'.
src/services/replySendingService.property.test.ts(305,38): error TS2339: Property 'templateId' does not exist on type '{ threadId: string; recipients: string[]; subject: string; message: string; }'.
src/services/replySendingService.ts(321,50): error TS6133: 'options' is declared but its value is never read.
src/services/replyTemplateService.ts(14,3): error TS6133: 'TemplateVariable' is declared but its value is never read.
src/styles/animation-performance.property.test.ts(121,7): error TS6133: 'parseKeyframes' is declared but its value is never read.
src/styles/animation-performance.property.test.ts(128,9): error TS6133: 'performantProperties' is declared but its value is never read.
src/styles/button-glow.property.test.ts(50,11): error TS6196: 'ButtonGlowProperties' is declared but never used.
src/styles/button-glow.property.test.ts(62,7): error TS6133: 'parseGlowIntensity' is declared but its value is never read.
src/styles/dark-theme-consistency.property.test.ts(40,7): error TS6133: 'VALID_BG_TOKEN_NAMES' is declared but its value is never read.
src/styles/glassmorphism.property.test.ts(14,32): error TS6133: 'beforeEach' is declared but its value is never read.
src/styles/glassmorphism.property.test.ts(81,7): error TS6133: 'parseGlassmorphismClasses' is declared but its value is never read.
src/styles/neon-accent.property.test.ts(67,7): error TS6133: 'interactiveStateGenerator' is declared but its value is never read.
src/styles/neon-accent.property.test.ts(206,9): error TS6133: 'themeCSS' is declared but its value is never read.
src/styles/neon-accent.property.test.ts(234,9): error TS6133: 'combinedCSS' is declared but its value is never read.
src/styles/responsive.property.test.ts(35,11): error TS6196: 'ViewportConfig' is declared but never used.
src/styles/responsive.property.test.ts(56,11): error TS6196: 'ComponentLayout' is declared but never used.
src/styles/responsive.property.test.ts(276,17): error TS6133: 'landscapeHeight' is declared but its value is never read.
src/styles/text-contrast.property.test.ts(134,7): error TS6133: 'TEXT_COLORS' is declared but its value is never read.
src/styles/tokens.property.test.ts(14,31): error TS6133: 'element' is declared but its value is never read.
src/styles/tokens.property.test.ts(15,9): error TS6133: 'styles' is declared but its value is never read.
src/styles/transition-timing.property.test.ts(89,7): error TS6133: 'extractTransitions' is declared but its value is never read.
src/styles/widget-card.property.test.ts(62,7): error TS6133: 'parseWidgetCardProperties' is declared but its value is never read.
src/test/AvatarDemo.repro.test.tsx(3,32): error TS2307: Cannot find module '../pages/AvatarDemoPage/AvatarDemoPage' or its corresponding type declarations.
src/test/BatchMode.properties.test.tsx(5,32): error TS6133: 'vi' is declared but its value is never read.
src/test/BatchMode.properties.test.tsx(62,27): error TS6133: 'initialMinusTarget' is declared but its value is never read.
src/test/ReplyComposer.properties.test.tsx(44,33): error TS2322: Type '{ isOpen: true; thread: Thread; templates: any; onClose: Mock<Procedure>; onSend: Mock<Procedure>; onTemplateSelect: Mock<Procedure>; }' is not assignable to type 'IntrinsicAttributes & ReplyComposerProps'.
  Property 'templates' does not exist on type 'IntrinsicAttributes & ReplyComposerProps'.
src/test/setup.ts(104,1): error TS2322: Type '{ name: string; version: number; objectStoreNames: never[]; transaction: Mock<() => { db: null; durability: string; mode: string; objectStoreNames: never[]; abort: Mock<Procedure>; commit: Mock<...>; objectStore: Mock<...>; onabort: null; oncomplete: null; onerror: null; }>; ... 6 more ...; onversionchange: null; }' is not assignable to type 'null'.
src/test/setup.ts(112,7): error TS2322: Type '{ name: string; version: number; objectStoreNames: never[]; transaction: Mock<() => { db: null; durability: string; mode: string; objectStoreNames: never[]; abort: Mock<Procedure>; commit: Mock<...>; objectStore: Mock<...>; onabort: null; oncomplete: null; onerror: null; }>; ... 6 more ...; onversionchange: null; }' is not assignable to type 'null'.
src/test/setup.ts(114,17): error TS2349: This expression is not callable.
  Type 'never' has no call signatures.
src/test/setup.ts(130,1): error TS2322: Type '{ open: Mock<() => { result: null; error: null; onsuccess: null; onerror: null; onupgradeneeded: null; readyState: string; transaction: null; source: null; }>; deleteDatabase: Mock<() => { onsuccess: null; ... 6 more ...; source: null; }>; databases: Mock<...>; cmp: Mock<...>; }' is not assignable to type 'IDBFactory'.
  The types returned by 'deleteDatabase(...)' are incompatible between these types.
    Type '{ onsuccess: null; onerror: null; result: null; error: null; onupgradeneeded: null; readyState: string; transaction: null; source: null; }' is missing the following properties from type 'IDBOpenDBRequest': onblocked, addEventListener, removeEventListener, dispatchEvent
src/test/ThreadCard.properties.test.tsx(17,28): error TS6133: 'id' is declared but its value is never read.
src/test/useReplyComposer.properties.test.tsx(15,1): error TS6133: 'aiReplyService' is declared but its value is never read.
src/utils/animationPerformance.property.test.ts(16,3): error TS6133: 'useAnimationPerformance' is declared but its value is never read.
src/utils/animationPerformance.property.test.ts(149,15): error TS6133: 'animationExecuted' is declared but its value is never read.
src/utils/animationPerformance.property.test.ts(464,13): error TS6133: 'wasStarted' is declared but its value is never read.
src/utils/animationPerformance.ts(379,10): error TS2352: Conversion of type '(...args: any[]) => boolean' to type 'T' may be a mistake because neither type sufficiently overlaps with the other. If this was intentional, convert the expression to 'unknown' first.
  '(...args: any[]) => boolean' is assignable to the constraint of type 'T', but 'T' could be instantiated with a different subtype of constraint '(...args: any[]) => void'.
src/utils/attachmentUtils.property.test.ts(2,39): error TS6133: 'getFileIcon' is declared but its value is never read.
src/utils/AudioAnalyzer.ts(123,44): error TS2345: Argument of type 'Uint8Array<ArrayBufferLike>' is not assignable to parameter of type 'Uint8Array<ArrayBuffer>'.
  Type 'ArrayBufferLike' is not assignable to type 'ArrayBuffer'.
    Type 'SharedArrayBuffer' is not assignable to type 'ArrayBuffer'.
      Types of property '[Symbol.toStringTag]' are incompatible.
        Type '"SharedArrayBuffer"' is not assignable to type '"ArrayBuffer"'.
src/utils/dateUtils.test.ts(28,11): error TS6133: 'd2' is declared but its value is never read.
src/utils/hapticFeedback.property.test.ts(68,9): error TS2345: Argument of type 'Arbitrary<string>' is not assignable to parameter of type 'Arbitrary<HapticPattern>'.
  Type 'string' is not assignable to type 'HapticPattern'.
src/utils/hapticFeedback.property.test.ts(100,9): error TS2345: Argument of type 'Arbitrary<string>' is not assignable to parameter of type 'Arbitrary<HapticPattern>'.
  Type 'string' is not assignable to type 'HapticPattern'.
src/utils/hapticFeedback.property.test.ts(132,9): error TS2345: Argument of type 'Arbitrary<string>' is not assignable to parameter of type 'Arbitrary<HapticPattern>'.
  Type 'string' is not assignable to type 'HapticPattern'.
src/utils/hapticFeedback.property.test.ts(232,9): error TS2345: Argument of type 'Arbitrary<string>' is not assignable to parameter of type 'Arbitrary<HapticPattern>'.
  Type 'string' is not assignable to type 'HapticPattern'.
src/utils/hapticFeedback.property.test.ts(262,9): error TS2345: Argument of type 'Arbitrary<string>' is not assignable to parameter of type 'Arbitrary<HapticPattern>'.
  Type 'string' is not assignable to type 'HapticPattern'.
src/utils/hapticFeedback.property.test.ts(400,10): error TS6133: 'action' is declared but its value is never read.
src/utils/hapticFeedback.property.test.ts(426,10): error TS6133: 'action' is declared but its value is never read.
src/utils/ImprovementActionsLibrary.ts(678,17): error TS2783: 'id' is specified more than once, so this usage will be overwritten.
src/utils/ImprovementActionsLibrary.ts(679,17): error TS2783: 'name' is specified more than once, so this usage will be overwritten.
src/utils/ImprovementActionsLibrary.ts(680,17): error TS2783: 'role' is specified more than once, so this usage will be overwritten.
src/utils/offlineStorage.property.test.ts(18,3): error TS6133: 'clearStore' is declared but its value is never read.
src/utils/offlineStorage.property.test.ts(26,3): error TS6133: 'removeQueuedAction' is declared but its value is never read.
src/utils/offlineStorage.property.test.ts(73,7): error TS6133: '_threadGenerator' is declared but its value is never read.
src/utils/offlineStorage.property.test.ts(81,7): error TS6133: '_contactGenerator' is declared but its value is never read.
src/utils/offlineStorage.property.test.ts(88,7): error TS6133: '_dealGenerator' is declared but its value is never read.
src/utils/threadPriorityCalculator.property.test.ts(16,3): error TS6133: 'PriorityConfig' is declared but its value is never read.
src/utils/transcription/transcription-merger.property.test.ts(40,29): error TS6133: 'lastContent' is declared but its value is never read.
